TMS340 COFF Macro Assembler Version 6.10     Fri Nov 03 02:22:13 2023
 Copyright (c) 1985-1991  Texas Instruments Incorporated 

                                                                     PAGE    1

       1                    **************************************************************
       2                    *
       3                    * Software:             Jamie Rivett
       4                    * Initiated:            5/17/94
       5                    *
       6                    * COPYRIGHT (C) 1992 WILLIAMS ELECTRONICS GAMES, INC.
       7                    *
       8                    **************************************************************
       9                    
      10                            .file   "bamseq1.asm"
      12                            .width  132
      13                            .option b,d,l,t
      14                            .mnolist
      15                    
      16                    
      17                            .include        "macros.h"
      18                            .include        "mproc.equ"             ;Mproc equates
      19                            .include        "sys.equ"
      20                            .include        "game.equ"
      21                            .include        "plyr.equ"
      22                            .include        "anim.equ"
      23                            .include        "sound.h"
      24                    
      25                            .include        "bamimg.h"
      26                            .include        "takerimg.h"    ;<---temp!!!
      27                    
      28                    
      29                    ******************************************************************************
      30                    * EXTERNAL REFERENCES
      31                    
      32                            .ref    SMALL_RUN,fix_bnc_flip,MAYBE_BOUNCE_ROPE
      33                    
      34                    ******************************************************************************
      35                    * SYMBOLS DEFINED IN THIS FILE
      36                    
      37                    ******************************************************************************
      38                    * EQUATES FOR THIS FILE
      39                    
      40                    *****************************************************************************
      41                    *
      42                    * STANDS
      43                    
      44 00000000            SUBR   bam_zip_anim
      45 00000000                   WL      60*60,B2ST2A+FR1
      46 00000030     8049          .word   ANI_END
      47                    
      48                    
      49 00000040            SUBR   bam_stand2_anim
      50 00000040            SUBR   bam_stand8_anim
      51 00000040     8002          .word   ANI_SETMODE,MODE_NORMAL
      52 00000060     8026          .word   ANI_SETSPEED,100h
      53 00000080                   WL      4,B2ST2A+FR1
      54 000000b0                   WL      4,B2ST2A+FR2
      55 000000e0                   WL      4,B2ST2A+FR3
      56 00000110                   WL      4,B2ST2A+FR4
TMS340 COFF Macro Assembler Version 6.10     Fri Nov 03 02:22:13 2023
 Copyright (c) 1985-1991  Texas Instruments Incorporated 

Bam Bam Bigelo animation sequences                                   PAGE    2

      57 00000140                   WL      4,B2ST2A+FR5
      58 00000170                   WL      4,B2ST2A+FR6
      59 000001a0                   WL      4,B2ST2A+FR7
      60 000001d0                   WL      4,B2ST2A+FR8
      61 00000200                   WL      4,B2ST2A+FR9
      62 00000230                   WL      4,B2ST2A+FR10
      63 00000260                   WL      4,B2ST2A+FR11
      64 00000290                   WL      4,B2ST2A+FR12
      65 000002c0                   WL      4,B2ST2A+FR13
      66 000002f0     8001          .word   ANI_REPEAT
      67                    
      68                    
      69 00000300            SUBR   bam_stand4_anim
      70 00000300            SUBR   bam_stand6_anim
      71 00000300     8002          .word   ANI_SETMODE,MODE_NORMAL
      72 00000320     8026          .word   ANI_SETSPEED,100h
      73 00000340                   WL      6,B4ST4Z+FR1
      74 00000370                   WL      6,B4ST4Z+FR2
      75 000003a0                   WL      6,B4ST4Z+FR3
      76 000003d0                   WL      6,B4ST4Z+FR4
      77 00000400                   WL      6,B4ST4Z+FR5
      78 00000430                   WL      6,B4ST4Z+FR6
      79 00000460                   WL      6,B4ST4Z+FR7
      80 00000490                   WL      6,B4ST4Z+FR8
      81 000004c0                   WL      6,B4ST4Z+FR9
      82 000004f0     8001          .word   ANI_REPEAT
      83                    
      84                    
      85                    *****************************************************************************
      86                    *
      87                    * WALKING TORSOS
      88                    
      89 00000500            SUBR   bam_torso2_anim
      90 00000500            SUBR   bam_torso8_anim
      91                    
      92 00000500                   WL      6,B2TW2Z+FR1
      93 00000530                   WL      6,B2TW2Z+FR2
      94 00000560                   WL      6,B2TW2Z+FR3
      95 00000590                   WL      6,B2TW2Z+FR2
      96 000005c0     8001          .word   ANI_REPEAT
      97                    
      98                    
      99 000005d0            SUBR   bam_torso4_anim
     100 000005d0            SUBR   bam_torso6_anim
     101                    
     102 000005d0                   WL      6,B4TW4Z+FR1
     103 00000600                   WL      6,B4TW4Z+FR2
     104 00000630                   WL      6,B4TW4Z+FR3
     105 00000660                   WL      6,B4TW4Z+FR2
     106 00000690     8001          .word   ANI_REPEAT
     107                    
     108 000006a0            SUBR   bam_holdoh_anim
     109 000006a0                   WL      999,B4PO4Z+FR1
     110 000006d0     8001          .word   ANI_REPEAT
     111                    
TMS340 COFF Macro Assembler Version 6.10     Fri Nov 03 02:22:13 2023
 Copyright (c) 1985-1991  Texas Instruments Incorporated 

Bam Bam Bigelo animation sequences                                   PAGE    3

     112                    
     113                    *****************************************************************************
     114                    *
     115                    * WALKS FACING tvxb2
     116                    
     117 000006e0            SUBR   bam_walk1_f2_anim
     118 000006e0                   WL      2,B2WL1A+FR1
     119 00000710                   WL      2,B2WL1A+FR2
     120 00000740                   WL      2,B2WL1A+FR3
     121 00000770                   WL      2+1,B2WL1A+FR4
     122 000007a0                   WL      2,B2WL1A+FR5
     123 000007d0                   WL      2,B2WL1A+FR6
     124 00000800                   WL      2,B2WL1A+FR7
     125 00000830                   WL      2+1,B2WL1A+FR8
     126 00000860                   WL      2,B2WL1A+FR9
     127 00000890                   WL      2,B2WL1A+FR10
     128 000008c0                   WL      2,B2WL1A+FR11
     129 000008f0                   WL      2+1,B2WL1A+FR12
     130 00000920                   WL      2,B2WL1A+FR13
     131 00000950                   WL      2,B2WL1A+FR14
     132 00000980                   WL      2,B2WL1A+FR15
     133 000009b0                   WL      2+1,B2WL1A+FR16
     134 000009e0     8001          .word   ANI_REPEAT
     135                    
     136 000009f0            SUBR   bam_walk2_f2_anim
     137 000009f0                   WL      2,B2WL2B+FR1
     138 00000a20                   WL      2,B2WL2B+FR2
     139 00000a50                   WL      2,B2WL2B+FR3
     140 00000a80                   WL      2,B2WL2B+FR4
     141 00000ab0                   WL      2,B2WL2B+FR5
     142 00000ae0                   WL      2,B2WL2B+FR6
     143 00000b10                   WL      2,B2WL2B+FR7
     144 00000b40                   WL      2,B2WL2B+FR8
     145 00000b70                   WL      2,B2WL2B+FR9
     146 00000ba0                   WL      2,B2WL2B+FR10
     147 00000bd0                   WL      2,B2WL2B+FR11
     148 00000c00                   WL      2,B2WL2B+FR12
     149 00000c30                   WL      2,B2WL2B+FR13
     150 00000c60                   WL      2,B2WL2B+FR14
     151 00000c90                   WL      2,B2WL2B+FR15
     152 00000cc0                   WL      2,B2WL2B+FR16
     153 00000cf0                   WL      2,B2WL2B+FR17
     154 00000d20                   WL      2,B2WL2B+FR18
     155 00000d50     8001          .word   ANI_REPEAT
     156                    
     157 00000d60            SUBR   bam_walk4_f2_anim
     158 00000d60                   WL      3,B2WL8B+FR1
     159 00000d90                   WL      3,B2WL8B+FR2
     160 00000dc0                   WL      3,B2WL8B+FR3
     161 00000df0                   WL      3,B2WL8B+FR4
     162 00000e20                   WL      3,B2WL8B+FR5
     163 00000e50                   WL      3,B2WL8B+FR6
     164 00000e80                   WL      3,B2WL8B+FR7
     165 00000eb0                   WL      3,B2WL8B+FR8
     166 00000ee0                   WL      3,B2WL8B+FR9
TMS340 COFF Macro Assembler Version 6.10     Fri Nov 03 02:22:13 2023
 Copyright (c) 1985-1991  Texas Instruments Incorporated 

Bam Bam Bigelo animation sequences                                   PAGE    4

     167 00000f10                   WL      3,B2WL8B+FR10
     168 00000f40                   WL      3,B2WL8B+FR11
     169 00000f70                   WL      3,B2WL8B+FR12
     170 00000fa0     8001          .word   ANI_REPEAT
     171                    
     172 00000fb0            SUBR   bam_walk5_f2_anim
     173 00000fb0                   WL      2,B2WL1A+FR16
     174 00000fe0                   WL      2,B2WL1A+FR15
     175 00001010                   WL      2,B2WL1A+FR14
     176 00001040                   WL      2+1,B2WL1A+FR13
     177 00001070                   WL      2,B2WL1A+FR12
     178 000010a0                   WL      2,B2WL1A+FR11
     179 000010d0                   WL      2,B2WL1A+FR10
     180 00001100                   WL      2+1,B2WL1A+FR9
     181 00001130                   WL      2,B2WL1A+FR8
     182 00001160                   WL      2,B2WL1A+FR7
     183 00001190                   WL      2,B2WL1A+FR6
     184 000011c0                   WL      2+1,B2WL1A+FR5
     185 000011f0                   WL      2,B2WL1A+FR4
     186 00001220                   WL      2,B2WL1A+FR3
     187 00001250                   WL      2,B2WL1A+FR2
     188 00001280                   WL      2+1,B2WL1A+FR1
     189 000012b0     8001          .word   ANI_REPEAT
     190                    
     191 000012c0            SUBR   bam_walk6_f2_anim
     192 000012c0                   WL      2,B2WL2B+FR18
     193 000012f0                   WL      2,B2WL2B+FR17
     194 00001320                   WL      2,B2WL2B+FR16
     195 00001350                   WL      2,B2WL2B+FR15
     196 00001380                   WL      2,B2WL2B+FR14
     197 000013b0                   WL      2,B2WL2B+FR13
     198 000013e0                   WL      2,B2WL2B+FR12
     199 00001410                   WL      2,B2WL2B+FR11
     200 00001440                   WL      2,B2WL2B+FR10
     201 00001470                   WL      2,B2WL2B+FR9
     202 000014a0                   WL      2,B2WL2B+FR8
     203 000014d0                   WL      2,B2WL2B+FR7
     204 00001500                   WL      2,B2WL2B+FR6
     205 00001530                   WL      2,B2WL2B+FR5
     206 00001560                   WL      2,B2WL2B+FR4
     207 00001590                   WL      2,B2WL2B+FR3
     208 000015c0                   WL      2,B2WL2B+FR2
     209 000015f0                   WL      2,B2WL2B+FR1
     210 00001620     8001          .word   ANI_REPEAT
     211                    
     212                    
     213 00001630            SUBR   bam_walk8_f2_anim
     214 00001630                   WL      3,B2WL8B+FR12
     215 00001660                   WL      3,B2WL8B+FR11
     216 00001690                   WL      3,B2WL8B+FR10
     217 000016c0                   WL      3,B2WL8B+FR9
     218 000016f0                   WL      3,B2WL8B+FR8
     219 00001720                   WL      3,B2WL8B+FR7
     220 00001750                   WL      3,B2WL8B+FR6
     221 00001780                   WL      3,B2WL8B+FR5
TMS340 COFF Macro Assembler Version 6.10     Fri Nov 03 02:22:13 2023
 Copyright (c) 1985-1991  Texas Instruments Incorporated 

Bam Bam Bigelo animation sequences                                   PAGE    5

     222 000017b0                   WL      3,B2WL8B+FR4
     223 000017e0                   WL      3,B2WL8B+FR3
     224 00001810                   WL      3,B2WL8B+FR2
     225 00001840                   WL      3,B2WL8B+FR1
     226 00001870     8001          .word   ANI_REPEAT
     227                    
     228                    
     229                    
     230                    *****************************************************************************
     231                    *
     232                    * WALKS FACING trmb4
     233                    
     234 00001880            SUBR   bam_walk1_f4_anim
     235 00001880                   WL      2,B4WL5B+FR15
     236 000018b0                   WL      2+1,B4WL5B+FR14
     237 000018e0                   WL      2,B4WL5B+FR13
     238 00001910                   WL      2,B4WL5B+FR12
     239 00001940                   WL      2+1,B4WL5B+FR11
     240 00001970                   WL      2,B4WL5B+FR10
     241 000019a0                   WL      2+1,B4WL5B+FR9
     242 000019d0                   WL      2,B4WL5B+FR8
     243 00001a00                   WL      2,B4WL5B+FR7
     244 00001a30                   WL      2+1,B4WL5B+FR6
     245 00001a60                   WL      2,B4WL5B+FR5
     246 00001a90                   WL      2+1,B4WL5B+FR4
     247 00001ac0                   WL      2,B4WL5B+FR3
     248 00001af0                   WL      2,B4WL5B+FR2
     249 00001b20                   WL      2+1,B4WL5B+FR1
     250 00001b50     8001          .word   ANI_REPEAT
     251                    
     252 00001b60            SUBR   bam_walk2_f4_anim
     253 00001b60                   WL      2,B4WL2A+FR1
     254 00001b90                   WL      2+1,B4WL2A+FR2
     255 00001bc0                   WL      2,B4WL2A+FR3
     256 00001bf0                   WL      2,B4WL2A+FR4
     257 00001c20                   WL      2+1,B4WL2A+FR5
     258 00001c50                   WL      2,B4WL2A+FR6
     259 00001c80                   WL      2+1,B4WL2A+FR7
     260 00001cb0                   WL      2,B4WL2A+FR8
     261 00001ce0                   WL      2,B4WL2A+FR9
     262 00001d10                   WL      2+1,B4WL2A+FR10
     263 00001d40                   WL      2,B4WL2A+FR11
     264 00001d70                   WL      2+1,B4WL2A+FR12
     265 00001da0                   WL      2,B4WL2A+FR13
     266 00001dd0                   WL      2,B4WL2A+FR14
     267 00001e00                   WL      2+1,B4WL2A+FR15
     268 00001e30     8001          .word   ANI_REPEAT
     269                    
     270 00001e40            SUBR   bam_walk4_f4_anim
     271 00001e40                   WL      2,B4WL4B+FR1
     272 00001e70                   WL      2,B4WL4B+FR2
     273 00001ea0                   WL      2,B4WL4B+FR3
     274 00001ed0                   WL      2,B4WL4B+FR4
     275 00001f00                   WL      2,B4WL4B+FR5
     276 00001f30                   WL      2,B4WL4B+FR6
TMS340 COFF Macro Assembler Version 6.10     Fri Nov 03 02:22:13 2023
 Copyright (c) 1985-1991  Texas Instruments Incorporated 

Bam Bam Bigelo animation sequences                                   PAGE    6

     277 00001f60                   WL      2,B4WL4B+FR7
     278 00001f90                   WL      2,B4WL4B+FR8
     279 00001fc0                   WL      2,B4WL4B+FR9
     280 00001ff0                   WL      2,B4WL4B+FR10
     281 00002020                   WL      2,B4WL4B+FR11
     282 00002050                   WL      2,B4WL4B+FR12
     283 00002080                   WL      2,B4WL4B+FR13
     284 000020b0                   WL      2,B4WL4B+FR14
     285 000020e0                   WL      2,B4WL4B+FR15
     286 00002110                   WL      2,B4WL4B+FR16
     287 00002140                   WL      2,B4WL4B+FR17
     288 00002170                   WL      2,B4WL4B+FR18
     289 000021a0     8001          .word   ANI_REPEAT
     290                    
     291 000021b0            SUBR   bam_walk5_f4_anim
     292 000021b0                   WL      2,B4WL5B+FR1
     293 000021e0                   WL      2+1,B4WL5B+FR2
     294 00002210                   WL      2,B4WL5B+FR3
     295 00002240                   WL      2,B4WL5B+FR4
     296 00002270                   WL      2+1,B4WL5B+FR5
     297 000022a0                   WL      2,B4WL5B+FR6
     298 000022d0                   WL      2+1,B4WL5B+FR7
     299 00002300                   WL      2,B4WL5B+FR8
     300 00002330                   WL      2,B4WL5B+FR9
     301 00002360                   WL      2+1,B4WL5B+FR10
     302 00002390                   WL      2,B4WL5B+FR11
     303 000023c0                   WL      2+1,B4WL5B+FR12
     304 000023f0                   WL      2,B4WL5B+FR13
     305 00002420                   WL      2,B4WL5B+FR14
     306 00002450                   WL      2+1,B4WL5B+FR15
     307 00002480     8001          .word   ANI_REPEAT
     308                    
     309 00002490            SUBR   bam_walk6_f4_anim
     310 00002490                   WL      2,B4WL2A+FR15
     311 000024c0                   WL      2+1,B4WL2A+FR14
     312 000024f0                   WL      2,B4WL2A+FR13
     313 00002520                   WL      2,B4WL2A+FR12
     314 00002550                   WL      2+1,B4WL2A+FR11
     315 00002580                   WL      2,B4WL2A+FR10
     316 000025b0                   WL      2+1,B4WL2A+FR9
     317 000025e0                   WL      2,B4WL2A+FR8
     318 00002610                   WL      2,B4WL2A+FR7
     319 00002640                   WL      2+1,B4WL2A+FR6
     320 00002670                   WL      2,B4WL2A+FR5
     321 000026a0                   WL      2+1,B4WL2A+FR4
     322 000026d0                   WL      2,B4WL2A+FR3
     323 00002700                   WL      2,B4WL2A+FR2
     324 00002730                   WL      2+1,B4WL2A+FR1
     325 00002760     8001          .word   ANI_REPEAT
     326                    
     327 00002770            SUBR   bam_walk8_f4_anim
     328 00002770                   WL      2,B4WL4B+FR18
     329 000027a0                   WL      2,B4WL4B+FR17
     330 000027d0                   WL      2,B4WL4B+FR16
     331 00002800                   WL      2,B4WL4B+FR15
TMS340 COFF Macro Assembler Version 6.10     Fri Nov 03 02:22:13 2023
 Copyright (c) 1985-1991  Texas Instruments Incorporated 

Bam Bam Bigelo animation sequences                                   PAGE    7

     332 00002830                   WL      2,B4WL4B+FR14
     333 00002860                   WL      2,B4WL4B+FR13
     334 00002890                   WL      2,B4WL4B+FR12
     335 000028c0                   WL      2,B4WL4B+FR11
     336 000028f0                   WL      2,B4WL4B+FR10
     337 00002920                   WL      2,B4WL4B+FR9
     338 00002950                   WL      2,B4WL4B+FR8
     339 00002980                   WL      2,B4WL4B+FR7
     340 000029b0                   WL      2,B4WL4B+FR6
     341 000029e0                   WL      2,B4WL4B+FR5
     342 00002a10                   WL      2,B4WL4B+FR4
     343 00002a40                   WL      2,B4WL4B+FR3
     344 00002a70                   WL      2,B4WL4B+FR2
     345 00002aa0                   WL      2,B4WL4B+FR1
     346 00002ad0     8001          .word   ANI_REPEAT
     347                    
     348                    
     349                    *****************************************************************************
     350                    *
     351                    * TURNS (STANDS)
     352                    
     353 00002ae0            SUBR   bam_2_to_4_turn_anim
     354 00002ae0            SUBR   bam_8_to_6_turn_anim
     355 00002ae0     8002          .word   ANI_SETMODE,MODE_INTURN|MODE_NOAUTOFLIP ;uninterruptable
     356 00002b00     8026          .word   ANI_SETSPEED,100h
     357 00002b20                   WL      3,B1TT5Z+FR2    ;2.5
     358 00002b50                   WL      3,B1TT5Z+FR3    ;3.5
     359 00002b80     8002          .word   ANI_SETMODE,MODE_NORMAL
     360 00002ba0     8049          .word   ANI_END
     361                    
     362 00002bb0            SUBR   bam_4_to_2_turn_anim
     363 00002bb0            SUBR   bam_6_to_8_turn_anim
     364 00002bb0     8002          .word   ANI_SETMODE,MODE_INTURN|MODE_NOAUTOFLIP ;uninterruptable
     365 00002bd0     8026          .word   ANI_SETSPEED,100h
     366 00002bf0                   WL      3,B1TT5Z+FR3    ;3.5
     367 00002c20                   WL      3,B1TT5Z+FR2    ;2.5
     368 00002c50     8002          .word   ANI_SETMODE,MODE_NORMAL
     369 00002c70     8049          .word   ANI_END
     370                    
     371 00002c80            SUBR   bam_4_to_6_turn_anim
     372 00002c80            SUBR   bam_6_to_4_turn_anim
     373 00002c80     8002          .word   ANI_SETMODE,MODE_INTURN|MODE_NOAUTOFLIP ;uninterruptable
     374 00002ca0     8026          .word   ANI_SETSPEED,100h
     375 00002cc0                   WL      3,B1TT5Z+FR4    ;4.5
     376 00002cf0     800c          .word   ANI_XFLIP
     377 00002d00                   WL      3,B1TT5Z+FR4    ;4.5
     378 00002d30     8002          .word   ANI_SETMODE,MODE_NORMAL
     379 00002d50     8049          .word   ANI_END
     380                    
     381 00002d60            SUBR   bam_2_to_8_turn_anim
     382 00002d60            SUBR   bam_8_to_2_turn_anim
     383 00002d60     8002          .word   ANI_SETMODE,MODE_INTURN|MODE_NOAUTOFLIP ;uninterruptable
     384 00002d80     8026          .word   ANI_SETSPEED,100h
     385 00002da0                   WL      3,B1TT5Z+FR1    ;1.5
     386 00002dd0     800c          .word   ANI_XFLIP
TMS340 COFF Macro Assembler Version 6.10     Fri Nov 03 02:22:13 2023
 Copyright (c) 1985-1991  Texas Instruments Incorporated 

Bam Bam Bigelo animation sequences                                   PAGE    8

     387 00002de0                   WL      3,B1TT5Z+FR1    ;1.5
     388 00002e10     8002          .word   ANI_SETMODE,MODE_NORMAL
     389 00002e30     8049          .word   ANI_END
     390                    
     391 00002e40            SUBR   bam_4_to_8_turn_anim
     392 00002e40            SUBR   bam_6_to_2_turn_anim
     393 00002e40     8002          .word   ANI_SETMODE,MODE_INTURN|MODE_NOAUTOFLIP ;uninterruptable
     394 00002e60     8026          .word   ANI_SETSPEED,100h
     395 00002e80                   WL      3,B1TT5Z+FR3    ;3.5
     396 00002eb0                   WL      3,B1TT5Z+FR2    ;2.5
     397 00002ee0                   WL      3,B1TT5Z+FR1    ;1.5
     398 00002f10     800c          .word   ANI_XFLIP
     399 00002f20                   WL      3,B1TT5Z+FR1    ;1.5
     400 00002f50     8002          .word   ANI_SETMODE,MODE_NORMAL
     401 00002f70     8049          .word   ANI_END
     402                    
     403 00002f80            SUBR   bam_2_to_6_turn_anim
     404 00002f80            SUBR   bam_8_to_4_turn_anim
     405 00002f80     8002          .word   ANI_SETMODE,MODE_INTURN|MODE_NOAUTOFLIP ;uninterruptable
     406 00002fa0     8026          .word   ANI_SETSPEED,100h
     407 00002fc0                   WL      3,B1TT5Z+FR2    ;2.5
     408 00002ff0                   WL      3,B1TT5Z+FR3    ;3.5
     409 00003020                   WL      3,B1TT5Z+FR4    ;4.5
     410 00003050     800c          .word   ANI_XFLIP
     411 00003060                   WL      3,B1TT5Z+FR4    ;4.5
     412 00003090     8002          .word   ANI_SETMODE,MODE_NORMAL
     413 000030b0     8049          .word   ANI_END
     414                    
     415                    *****************************************************************************
     416                    *
     417                    * TURNS (TORSOS)
     418                    
     419 000030c0            SUBR   bam_2_to_4_turn2_anim
     420 000030c0            SUBR   bam_8_to_6_turn2_anim
     421 000030c0     8002          .word   ANI_SETMODE,MODE_INTURN|MODE_NOAUTOFLIP ;uninterruptable
     422 000030e0     8026          .word   ANI_SETSPEED,100h
     423 00003100                   WL      3,B1TR5Z+FR2    ;2.5
     424 00003130     801b          .word   ANI_SETFACING           ;ANI_XFLIP <- not primary anim
     425 00003140                   WL      3,B1TR5Z+FR3    ;3.5
     426 00003170     8002          .word   ANI_SETMODE,MODE_NORMAL
     427 00003190     8049          .word   ANI_END
     428                    
     429 000031a0            SUBR   bam_4_to_2_turn2_anim
     430 000031a0            SUBR   bam_6_to_8_turn2_anim
     431 000031a0     8002          .word   ANI_SETMODE,MODE_INTURN|MODE_NOAUTOFLIP ;uninterruptable
     432 000031c0     8026          .word   ANI_SETSPEED,100h
     433 000031e0                   WL      3,B1TR5Z+FR3    ;3.5
     434 00003210     801b          .word   ANI_SETFACING           ;ANI_XFLIP <- not primary anim
     435 00003220                   WL      3,B1TR5Z+FR2    ;2.5
     436 00003250     8002          .word   ANI_SETMODE,MODE_NORMAL
     437 00003270     8049          .word   ANI_END
     438                    
     439 00003280            SUBR   bam_4_to_6_turn2_anim
     440 00003280            SUBR   bam_6_to_4_turn2_anim
     441 00003280     8002          .word   ANI_SETMODE,MODE_INTURN|MODE_NOAUTOFLIP ;uninterruptable
TMS340 COFF Macro Assembler Version 6.10     Fri Nov 03 02:22:13 2023
 Copyright (c) 1985-1991  Texas Instruments Incorporated 

Bam Bam Bigelo animation sequences                                   PAGE    9

     442 000032a0     8026          .word   ANI_SETSPEED,100h
     443 000032c0                   WL      3,B1TR5Z+FR4    ;4.5
     444 000032f0     801b          .word   ANI_SETFACING           ;ANI_XFLIP <- not primary anim
     445 00003300                   WL      3,B1TR5Z+FR4    ;4.5
     446 00003330     8002          .word   ANI_SETMODE,MODE_NORMAL
     447 00003350     8049          .word   ANI_END
     448                    
     449 00003360            SUBR   bam_2_to_8_turn2_anim
     450 00003360            SUBR   bam_8_to_2_turn2_anim
     451 00003360     8002          .word   ANI_SETMODE,MODE_INTURN|MODE_NOAUTOFLIP ;uninterruptable
     452 00003380     8026          .word   ANI_SETSPEED,100h
     453 000033a0                   WL      3,B1TR5Z+FR1    ;1.5
     454 000033d0     801b          .word   ANI_SETFACING           ;ANI_XFLIP <- not primary anim
     455 000033e0                   WL      3,B1TR5Z+FR1    ;1.5
     456 00003410     8002          .word   ANI_SETMODE,MODE_NORMAL
     457 00003430     8049          .word   ANI_END
     458                    
     459 00003440            SUBR   bam_4_to_8_turn2_anim
     460 00003440            SUBR   bam_6_to_2_turn2_anim
     461 00003440     8002          .word   ANI_SETMODE,MODE_INTURN|MODE_NOAUTOFLIP ;uninterruptable
     462 00003460     8026          .word   ANI_SETSPEED,100h
     463 00003480                   WL      3,B1TR5Z+FR4    ;4.5
     464 000034b0     801b          .word   ANI_SETFACING           ;ANI_XFLIP <- not primary anim
     465 000034c0                   WL      3,B1TR5Z+FR4    ;4.5
     466 000034f0                   WL      3,B1TR5Z+FR3    ;3.5
     467 00003520     801b          .word   ANI_SETFACING
     468 00003530                   WL      3,B1TR5Z+FR2    ;2.5
     469 00003560     8002          .word   ANI_SETMODE,MODE_NORMAL
     470 00003580     8049          .word   ANI_END
     471                    
     472 00003590            SUBR   bam_2_to_6_turn2_anim
     473 00003590            SUBR   bam_8_to_4_turn2_anim
     474 00003590     8002          .word   ANI_SETMODE,MODE_INTURN|MODE_NOAUTOFLIP ;uninterruptable
     475 000035b0     8026          .word   ANI_SETSPEED,100h
     476 000035d0                   WL      3,B1TR5Z+FR2    ;2.5
     477 00003600     801b          .word   ANI_SETFACING
     478 00003610                   WL      3,B1TR5Z+FR3    ;3.5
     479 00003640                   WL      3,B1TR5Z+FR4    ;4.5
     480 00003670     801b          .word   ANI_SETFACING           ;ANI_XFLIP <- not primary anim
     481 00003680                   WL      3,B1TR5Z+FR4    ;4.5
     482 000036b0     8002          .word   ANI_SETMODE,MODE_NORMAL
     483 000036d0     8049          .word   ANI_END
     484                    
     485                    
     486                    *****************************************************************************
     487                    *
     488                    * RUNNING IN xonb3
     489                    
     490 000036e0            SUBR   bam_run2_anim
     491                    
     492 000036e0     8002          .word   ANI_SETMODE,MODE_NORMAL
     493 00003700     8026          .word   ANI_SETSPEED,100h
     494                    
     495                    ;I'm turning on an attack box for the entire run sequence.
     496                    ;I never turn it off.
TMS340 COFF Macro Assembler Version 6.10     Fri Nov 03 02:22:13 2023
 Copyright (c) 1985-1991  Texas Instruments Incorporated 

Bam Bam Bigelo animation sequences                                   PAGE   10

     497                    
     498 00003720     8006          .word   ANI_ATTACK_ON,AMODE_RUN,-3,29,16+8,71   ;mode,x,y,w,h
     499 00003780                   WL      ANI_GOTO,xonbrun2
     500                    
     501 000037b0            SUBR   bam_run_anim
     502                    
     503 000037b0     8002          .word   ANI_SETMODE,MODE_UNINT                  ;uninterruptable
     504 000037d0     8026          .word   ANI_SETSPEED,100h
     505 000037f0     8006          .word   ANI_ATTACK_ON,AMODE_RUN,-3,29,16,71     ;mode,x,y,w,h
     506                    
     507 00003850           xonblp1
     508 00003850                   WL      3,B3RN3A+FR1
     509 00003880                   WL      2,B3RN3A+FR2
     510 000038b0                   WL      3,B3RN3A+FR3
     511 000038e0                   WL      ANI_CODE,SMALL_RUN
     512 00003910                   WL      2,B3RN3A+FR4
     513 00003940                   WL      3,B3RN3A+FR5
     514 00003970           xonbrun2
     515 00003970     8002          .word   ANI_SETMODE,MODE_NORMAL
     516 00003990     8006          .word   ANI_ATTACK_ON,AMODE_RUN,-3,29,16+8,71   ;mode,x,y,w,h
     517 000039f0                   WL      2,B3RN3A+FR6
     518 00003a20                   WL      3,B3RN3A+FR7
     519 00003a50                   WL      2,B3RN3A+FR8
     520 00003a80                   WL      3,B3RN3A+FR9
     521 00003ab0                   WL      ANI_CODE,SMALL_RUN
     522 00003ae0                   WL      2,B3RN3A+FR10
     523 00003b10                   WL      3,B3RN3A+FR11
     524 00003b40                   WL      2,B3RN3A+FR12
     525                    
     526 00003b70                   WL      ANI_GOTO,xonblp1
     527                    
     528                    
     529                    *****************************************************************************
     530                    *
     531                    * BOUNCE OFF ROPES
     532                    
     533 00003ba0            SUBR   bam_bounce_anim
     534                    
     535 00003ba0     8002          .word   ANI_SETMODE,MODE_UNINT|MODE_OVERLAP|MODE_NOAUTOFLIP| MODE_NOCONFINE     ;uninterruptable
     536                      
     537 00003bc0                   WL      ANI_CODE,fix_bnc_flip
     538 00003bf0                   WL      ANI_CODE,MAYBE_BOUNCE_ROPE
     539                    
     540 00003c20     8003          .word   ANI_ZEROVELS
     541 00003c30     8026          .word   ANI_SETSPEED,100h
     542 00003c50                   WL      3,B4BO3Z+FR1
     543 00003c80     8023          .word   ANI_BOUNCEROPE,0
     544 00003ca0                   WL      1,B4BO3Z+FR1
     545                    
     546 00003cd0                   WL      3,B4BO3Z+FR2
     547 00003d00     8023          .word   ANI_BOUNCEROPE,1
     548 00003d20                   WL      ANI_CODE,SMALL_RUN
     549                    
     550 00003d50                   WL      1,B4BO3Z+FR2
     551                    
TMS340 COFF Macro Assembler Version 6.10     Fri Nov 03 02:22:13 2023
 Copyright (c) 1985-1991  Texas Instruments Incorporated 

Bam Bam Bigelo animation sequences                                   PAGE   11

     552 00003d80                   WL      3,B4BO3Z+FR3
     553 00003db0     8023          .word   ANI_BOUNCEROPE,2
     554 00003dd0                   WL      1,B4BO3Z+FR3
     555                    
     556 00003e00                   WL      3,B4BO3Z+FR4
     557 00003e30     8023          .word   ANI_BOUNCEROPE,3
     558 00003e50                   WL      1,B4BO3Z+FR4
     559                    
     560 00003e80     8003          .word   ANI_ZEROVELS
     561                    
     562 00003e90                   WL      3,B4BO3Z+FR5
     563 00003ec0     8023          .word   ANI_BOUNCEROPE,4
     564 00003ee0                   WL      1,B4BO3Z+FR5
     565 00003f10                   WL      4,B4BO3Z+FR6
     566 00003f40                   WL      3,B4BO3Z+FR7
     567 00003f70     8023          .word   ANI_BOUNCEROPE,0
     568 00003f90                   WL      1,B4BO3Z+FR7
     569 00003fc0                   WL      3,B4BO3Z+FR8
     570 00003ff0     8023          .word   ANI_BOUNCEROPE,-1
     571 00004010                   WL      ANI_CODE,SMALL_RUN
     572 00004040                   WL      1,B4BO3Z+FR8
     573 00004070                   WL      4,B4BO3Z+FR9
     574                    
     575 000040a0     8015          .word   ANI_OFFSET,-10,0,0
     576                    
     577 000040e0     8002          .word   ANI_SETMODE,MODE_NORMAL
     578 00004100     8049          .word   ANI_END
     579                    
     580                    
     581                    ******************************************************************************
     582                    
     583                            .end

 No Errors,  No Warnings
