*****************************************************
TMS340 COFF Linker           Version 6.10
*****************************************************
Wed Nov 01 09:54:35 2023

OUTPUT FILE NAME:   <wrestle.out>
ENTRY POINT SYMBOL: "WARMSET"  address: ff846690


MEMORY CONFIGURATION

           name      origin     length     attributes     fill
         --------   --------   ---------   ----------   --------
         SCRATCH    01000000   0003f7300      RWIX      
         SCRATCH2   013f7300   000008d00      RWIX      
         IROM       02000000   000400000      RWIX      
         ROM        ff800000   0007ffc00      RWIX      
         TRAP31     fffffc00   000000400      RWIX      


SECTION ALLOCATION MAP

 output                                  attributes/
section   page    origin      length       input sections
--------  ----  ----------  ----------   ----------------
VECTORS    0    fffffc00    00000400     
                  fffffc00    00000400     main.obj (VECTORS)

unzip      0    01000000    00000000     UNINITIALIZED

FIXED      0    01000000    00000060     
                  01000000    00000060     mproc.obj (FIXED)

OFIXED     0    01000060    00000060     
                  01000060    00000060     display.obj (OFIXED)

.bss       0    010000c0    001b97d0     UNINITIALIZED
                  010000c0    0005c0d0     display.obj (.bss)
                  0105c190    000002c0     main.obj (.bss)
                  0105c450    00000f80     util.obj (.bss)
                  0105d3d0    00051970     pal.obj (.bss)
                  010aed40    00040c80     mproc.obj (.bss)
                  010ef9c0    00002770     bakgnd.obj (.bss)
                  010f2130    00018a00     wrestle.obj (.bss)
                  0110ab30    00000020     wrestle2.obj (.bss)
                  0110ab50    00000060     anim.obj (.bss)
                  0110abb0    00000780     special.obj (.bss)
                  0110b330    000019e0     drone.obj (.bss)
                  0110cd10    0000a030     award.obj (.bss)
                  01116d40    00000580     dcssound.obj (.bss)
                  011172c0    0004b110     attract.obj (.bss)
                  011623d0    00000620     string.obj (.bss)
                  011629f0    00000120     audit.obj (.bss)
                  01162b10    00000170     test.obj (.bss)
                  01162c80    00000220     diag.obj (.bss)
                  01162ea0    00000420     menu.obj (.bss)
                  011632c0    00000100     hstd.obj (.bss)
                  011633c0    00000240     select.obj (.bss)
                  01163600    00000b10     lifebar.obj (.bss)
                  01164110    000502b0     screen.obj (.bss)
                  011b43c0    000035b0     progress.obj (.bss)
                  011b7970    00000170     firework.obj (.bss)
                  011b7ae0    00000020     stories.obj (.bss)
                  011b7b00    00000020     react1.obj (.bss)
                  011b7b20    00000020     bamseq3.obj (.bss)
                  011b7b40    00000020     hrtseq3.obj (.bss)
                  011b7b60    00000010     lexseq2.obj (.bss)
                  011b7b70    00000020     lexseq3.obj (.bss)
                  011b7b90    00000020     rzrseq3.obj (.bss)
                  011b7bb0    00000040     shnseq3.obj (.bss)
                  011b7bf0    00000020     undseq3.obj (.bss)
                  011b7c10    00000040     yokseq3.obj (.bss)
                  011b7c50    00000480     finiseq.obj (.bss)
                  011b80d0    00000060     collis.obj (.bss)
                  011b8130    00001760     crowd.obj (.bss)

.text      0    ff800000    004e5040     
                  ff800000    00008b30     display.obj (.text)
                  ff808b30    00004790     main.obj (.text)
                  ff80d2c0    00007ba0     util.obj (.text)
                  ff814e60    00003400     pal.obj (.text)
                  ff818260    000001a0     --HOLE-- [fill = 0000ffff]
                  ff818400    00001ae0     mproc.obj (.text)
                  ff819ee0    00000120     --HOLE-- [fill = 0000ffff]
                  ff81a000    00002490     bakgnd.obj (.text)
                  ff81c490    000059e0     bamimg.obj (.text)
                  ff821e70    00005040     bretimg.obj (.text)
                  ff826eb0    000053a0     doinkimg.obj (.text)
                  ff82c250    000053a0     leximg.obj (.text)
                  ff8315f0    00005520     razorimg.obj (.text)
                  ff836b10    00005580     shawnimg.obj (.text)
                  ff83c090    00004f00     takerimg.obj (.text)
                  ff840f90    00004e60     yokoimg.obj (.text)
                  ff845df0    00000210     --HOLE-- [fill = 0000ffff]
                  ff846000    00017e20     wrestle.obj (.text)
                  ff85de20    00012cb0     wrestle2.obj (.text)
                  ff870ad0    00010af0     anim.obj (.text)
                  ff8815c0    000266a0     special.obj (.text)
                  ff8a7c60    00000fc0     getup.obj (.text)
                  ff8a8c20    000116d0     drone.obj (.text)
                  ff8ba2f0    00010db0     award.obj (.text)
                  ff8cb0a0    00017780     dcssound.obj (.text)
                  ff8e2820    000008f0     patch.obj (.text)
                  ff8e3110    00001740     text.obj (.text)
                  ff8e4850    000001b0     --HOLE-- [fill = 0000ffff]
                  ff8e4a00    0001d850     attract.obj (.text)
                  ff902250    0000cae0     string.obj (.text)
                  ff90ed30    00002160     square.obj (.text)
                  ff910e90    00005a80     adjust.obj (.text)
                  ff916910    0000acb0     audit.obj (.text)
                  ff9215c0    0000e650     test.obj (.text)
                  ff92fc10    000001f0     --HOLE-- [fill = 0000ffff]
                  ff92fe00    0001d110     diag.obj (.text)
                  ff94cf10    00019480     menu.obj (.text)
                  ff966390    00015950     hstd.obj (.text)
                  ff97bce0    0000f850     select.obj (.text)
                  ff98b530    000027e0     tables.obj (.text)
                  ff98dd10    000000f0     --HOLE-- [fill = 0000ffff]
                  ff98de00    0000f570     ropes.obj (.text)
                  ff99d370    0001b2d0     lifebar.obj (.text)
                  ff9b8640    000001c0     --HOLE-- [fill = 0000ffff]
                  ff9b8800    00003de0     screen.obj (.text)
                  ff9bc5e0    0001c130     progress.obj (.text)
                  ff9d8710    000067f0     firework.obj (.text)
                  ff9def00    0000cdd0     stories.obj (.text)
                  ff9ebcd0    0000a210     react1.obj (.text)
                  ff9f5ee0    00002ef0     react2.obj (.text)
                  ff9f8dd0    000023b0     react3.obj (.text)
                  ff9fb180    00003980     react4.obj (.text)
                  ff9feb00    00004760     react5.obj (.text)
                  ffa03260    00000020     react6.obj (.text)
                  ffa03280    00000050     react7.obj (.text)
                  ffa032d0    00001230     react8.obj (.text)
                  ffa04500    00001d80     react9.obj (.text)
                  ffa06280    00014610     bam.obj (.text)
                  ffa1a890    000151d0     bret.obj (.text)
                  ffa2fa60    0001a850     doink.obj (.text)
                  ffa4a2b0    000150b0     razor.obj (.text)
                  ffa5f360    00014d00     lex.obj (.text)
                  ffa74060    00018130     shawn.obj (.text)
                  ffa8c190    00018a40     taker.obj (.text)
                  ffaa4bd0    00015900     yoko.obj (.text)
                  ffaba4d0    00004110     bamseq1.obj (.text)
                  ffabe5e0    00024e90     bamseq2.obj (.text)
                  ffae3470    0001aad0     bamseq3.obj (.text)
                  ffafdf40    00001030     bamseq4.obj (.text)
                  ffafef70    00004610     dnkseq1.obj (.text)
                  ffb03580    000267f0     dnkseq2.obj (.text)
                  ffb29d70    00017930     dnkseq3.obj (.text)
                  ffb416a0    00000fd0     dnkseq4.obj (.text)
                  ffb42670    000042d0     hrtseq1.obj (.text)
                  ffb46940    000170e0     hrtseq2.obj (.text)
                  ffb5da20    00018d80     hrtseq3.obj (.text)
                  ffb767a0    0000e4b0     hrtseq4.obj (.text)
                  ffb84c50    00004ab0     lexseq1.obj (.text)
                  ffb89700    00017d20     lexseq2.obj (.text)
                  ffba1420    0001bb20     lexseq3.obj (.text)
                  ffbbcf40    00007290     lexseq4.obj (.text)
                  ffbc41d0    000047b0     rzrseq1.obj (.text)
                  ffbc8980    00017b50     rzrseq2.obj (.text)
                  ffbe04d0    0001beb0     rzrseq3.obj (.text)
                  ffbfc380    00009cf0     rzrseq4.obj (.text)
                  ffc06070    00004390     shnseq1.obj (.text)
                  ffc0a400    00011f80     shnseq2.obj (.text)
                  ffc1c380    00024760     shnseq3.obj (.text)
                  ffc40ae0    0000ab00     shnseq4.obj (.text)
                  ffc4b5e0    00003680     undseq1.obj (.text)
                  ffc4ec60    000211f0     undseq2.obj (.text)
                  ffc6fe50    0001d900     undseq3.obj (.text)
                  ffc8d750    000020f0     undseq4.obj (.text)
                  ffc8f840    00003a20     yokseq1.obj (.text)
                  ffc93260    000167f0     yokseq2.obj (.text)
                  ffca9a50    000201e0     yokseq3.obj (.text)
                  ffcc9c30    00008ed0     yokseq4.obj (.text)
                  ffcd2b00    000079f0     finiseq.obj (.text)
                  ffcda4f0    00000110     --HOLE-- [fill = 0000ffff]
                  ffcda600    000036a0     collis.obj (.text)
                  ffcddca0    000073a0     crowd.obj (.text)

.data      0    ffce5040    002f2410     
                  ffce5040    000001c0     main.obj (.data)
                  ffce5200    0000c170     bgndtbl.obj (.data)
                  ffcf1370    00007f20     bgndpal.obj (.data)
                  ffcf9290    0000eb90     wrespal.obj (.data)
                  ffd07e20    0006f870     imgpal.obj (.data)
                  ffd77690    00002c70     ropeimg.obj (.data)
                  ffd7a300    00038ee0     miscimg.obj (.data)
                  ffdb31e0    0003dcf0     bamimg.obj (.data)
                  ffdf0ed0    00037c40     bretimg.obj (.data)
                  ffe28b10    000482a0     doinkimg.obj (.data)
                  ffe70db0    00038e80     leximg.obj (.data)
                  ffea9c30    0003bb50     razorimg.obj (.data)
                  ffee5780    0003dcf0     shawnimg.obj (.data)
                  fff23470    00037b00     takerimg.obj (.data)
                  fff5af70    000368e0     yokoimg.obj (.data)
                  fff91850    00000780     wrestle.obj (.data)
                  fff91fd0    00007550     text.obj (.data)
                  fff99520    000010e0     attract.obj (.data)
                  fff9a600    0000a710     string.obj (.data)
                  fffa4d10    0000d040     adjust.obj (.data)
                  fffb1d50    0001c6d0     menu.obj (.data)
                  fffce420    000003a0     screen.obj (.data)
                  fffce7c0    00000e00     progress.obj (.data)
                  fffcf5c0    00007e90     crowd.obj (.data)


GLOBAL SYMBOLS

address  name                             address  name
-------- ----                             -------- ----
010000c0 .bss                             00000003 ROM_LEV
ffce5040 .data                            00000004 RTR_LEV
ff800000 .text                            00000009 num_wrestlers
ff828330 A4ST4J                           00000013 TAG_TAB_ENTRIES
01000000 ACTIVE                           0000001f INTER_TAB_ENTRIES
ff8d9e10 ADD_IF_SILENT                    0000001f BEATEN_TAB_ENTRIES
ff9a0650 ADD_TO_COMBO_COUNT               0000003d CS_ENTS
ff8d9de0 ADD_TO_QUEUE                     01000000 ACTIVE
ff8d97c0 ADD_VOICE                        01000020 FREE
ff804180 ADJNEWTL                         01000040 SFREE
ff912480 ADJ_INST                         01000060 OBJLST
ff91de80 ADJ_PAGE                         01000080 OFREE
fffcf5c0 ALEX1                            010000a0 BAKLST
fffcf650 ALEX2                            010000c0 .bss
fffcf6e0 ALEX3                            010000d0 page_addr
fffcf770 ALEX4                            010000f0 SCROLLX
ffd07e20 ALEX_P                           01000110 SCROLLY
ff9c3570 ANIM_CROWD                       01000130 WORLDTLX
ff8052d0 ANI                              01000150 WORLDTLY
01116f70 ANNOUNCE_QUEUE                   01000170 WORLDTL
ff8d99d0 ANNOUNCE_VOICE                   01000190 SCRNTL
ff952400 ANY_BUT                          010001b0 SCRNLR
ffd15a40 AQUAPAL                          010001d0 dpage
ff92ab90 AREUSURE                         010001e0 dtype
ff89d3a0 ARE_WE_IN_RING                   010001f0 dcode_p
ffd9dfe0 ARMBREAK                         01000210 DMAQCUR
ffd9e070 ARMDRAG                          01000230 OBJSTR
ffd7dab0 ARR10_DN                         01034170 dmaq0
ffd7da20 ARR10_TD                         0104af70 DMAQ
ffd7d990 ARR10_TW                         0105b5f0 gndstat
ffd7d870 ARR10_UP                         0105b600 gndpos_t
ffd7d900 ARR10_UT                         0105c120 gndx
ffda7ef0 ATTMTR_0                         0105c140 DISPLAYON
ffda7f80 ATTMTR_1                         0105c150 _3dstat
ffda8010 ATTMTR_2                         0105c160 dma_foo
ffda80a0 ATTMTR_3                         0105c190 _clk_rd
ffda8130 ATTMTR_4                         0105c1d0 dma_bog
ffda81c0 ATTMTR_5                         0105c1e0 dma_meter
ffda8250 ATTMTR_6                         0105c1f0 cpu_meter
ffda82e0 ATTMTR_7                         0105c200 SYSCOPY
ffda8370 ATTMTR_8                         0105c210 WDOGRAM
ffda8400 ATTMTR_9                         0105c230 IRQSKYE
ffd71e50 ATTMTR_P                         0105c240 dpageflip
ffd7a390 ATTPL_G                          0105c250 dirqtimer
ffd1bdd0 ATTTXT_P                         0105c260 dirqcnt
ffd7a300 ATT_TXT                          0105c300 switches_old
ff91d400 AUD1                             0105c340 switches_cur
ff91d2f0 AUD                              0105c380 switches_up
ffd9d900 AWDNMPL_B                        0105c3c0 switches_down
ffd9d870 AWDNMPL_R                        0105c400 NPLAYERS
ff8092c0 AddressSet1                      0105c410 COUNTER_MODE
ff809620 AddressSet2                      0105c420 VALIDATOR
ff809980 AddressSet3                      0105c430 TWOPLAYERS
ff809ce0 AddressSet4                      0105c440 ROLLING_COUNT
ff81ec10 B1TR5Z                           0105c450 RAND
ff81eb90 B1TT5Z                           0105c470 STRNGRAM
ff81ca50 B2AH2A                           0105c5b0 WRLD
ff81cc70 B2AM2A                           0105c5c0 LOWZ
ff81e610 B2BC3A                           0105d310 animscnt
ff81d730 B2BG3A                           0105d320 kqlmSHK_ON
ff81e130 B2FH3Z                           0105d330 kqlmX_ADJ
ff821dd0 B2JD4A                           0105d350 mdecSHK_ON
ff81d310 B2KM3B                           0105d360 mdecY_ADJ
ff81d590 B2KM3E                           0105d420 PALFRAM
ff8212f0 B2MP2A                           0105d420 PALRAM
ff81d670 B2NM3A                           0105de20 PALBRAM
ff8214f0 B2PJ3A                           0105de20 PALTRAM
ff8207d0 B2PN5A                           0105ed20 FADERAM
ff81e3d0 B2PU3C                           0105ed20 morfpal1
ff81e810 B2ST2A                           0105f120 morfpal2
ff81ead0 B2TW2Z                           0105f520 morfpal3
ff81ec90 B2WL1A                           0105f920 morfpal4
ff81ee90 B2WL2B                           0105fd20 morfpal5
ff81f0d0 B2WL8B                           01060120 morfpal6
ff81ff50 B3AB3X                           01060520 morfpal7
ff81ce30 B3AE3A                           01060920 morfpal8
ff81dbf0 B3BF3C                           01060d20 morfpal9
ff820ff0 B3BR3Z                           01061120 morfpal10
ff81c590 B3CP3B                           01061520 morfpal11
ff81d750 B3DC3B                           010aed20 palfmin
ff81ffb0 B3DD3C                           010aed40 PRCSTR
ff81fc30 B3DD3D                           010e7140 SPRCSTR
ff820330 B3DR3B                           010efa00 BAKBITS
ff81cbd0 B3FD3C                           010f2110 BAKMODS
ff8200f0 B3FH3F                           010f2130 _coin_addr
ff81c670 B3GU2A                           010f2150 _switch_addr
ff81c7f0 B3GU4A                           010f2170 _switch2_addr
ff81dab0 B3HB3A                           010f2190 _watchdog_addr
ff8215f0 B3JK3A                           010f21b0 _dipswitch_addr
ff820e90 B3MS3X                           010f21d0 _sound_addr
ff820b50 B3MS3Z                           010f21f0 _soundirq_addr
ff8209b0 B3PG3A                           010f2210 _coin_counter_addr
ff821410 B3PJ3B                           010f2230 no_pin_check
ff81e6f0 B3PO4A                           010f2240 belt_ask
ff820770 B3PO4E                           010f2250 belt_type
ff81caf0 B3PP3Q                           010f2260 PSTATUS
ff820250 B3RC3A                           010f2270 OLD_PSTATUS
ff81ddf0 B3RL1A                           010f2280 PSTATUS2
ff81f8d0 B3RN3A                           010f2290 OLD_PSTATUS2
ff821930 B3RR3Z                           010f22a0 PSTARTS
ff81fb70 B3RS3B                           010f22b0 slowmo
ff81fef0 B3ZS3A                           010f22c0 PCNT
ff81c970 B4AH4A                           010f22e0 swstack_p
ff81c490 B4AM4A                           010f2300 swstackbot
ff820ef0 B4BB1X                           010f2700 COLRTEMP
ff81e550 B4BC3A                           010f2700 swstacktop
ff81dbb0 B4BF3A                           010f2800 GAMSTATE
ff81cd70 B4BK3D                           010f2810 HALT
ff81fa50 B4BO3Z                           010f2820 NO_START
ff8210b0 B4BZ4A                           010f2830 WSPEED
ff820a50 B4CD3A                           010f2840 WFLG
ff8204d0 B4CD3B                           010f2860 OBJPTR
ff820650 B4CF4A                           010f2a20 match_cnt
ff821b10 B4CF4Z                           010f2a30 debug_collis
ff821c70 B4CR7A                           010f2a40 DIAG0
ff81e210 B4FH3Z                           010f2a60 DIAG1
ff8216d0 B4FK4B                           010f2a80 process_ptrs
ff8217d0 B4FK4F                           010f2aa0 p2_process
ff81d970 B4GF3A                           010f3160 round_tickcount
ff820570 B4GH3B                           010f3170 wrest_joystat
ff820e10 B4GH3D                           010f3f90 wrestler_x
ff81df50 B4HU4B                           010f4090 wrestler_y
ff81d450 B4KM3A                           010f4190 wrestler_z
ff81d1d0 B4KM3E                           010f4270 match_time
ff81d830 B4KM3H                           010f42a0 match_over
ff81cf90 B4LB4B                           010f42b0 match_realtime
ff81dd10 B4MF4A                           010f42c0 match_winner
ff8211d0 B4MP4A                           010f42d0 fight_debug
ff81d5f0 B4NM3A                           010f42e0 p1winstreak
ff81fdb0 B4NP3Z                           010f42f0 p2winstreak
ff81e7f0 B4PO4Z                           010f4300 p1winstreakd
ff820470 B4POGO                           010f4310 p2winstreakd
ff81e4b0 B4PS3A                           010f4320 p1oldwinstreak
ff81e2f0 B4PU3D                           010f4330 p2oldwinstreak
ff820c10 B4RS4A                           010f4340 current_round
ff81dff0 B4SB4A                           010f4350 p1rounds
ff81e9b0 B4ST4Z                           010f4360 p2rounds
ff820cd0 B4SW4B                           010f4370 front_rproc
ff81d1b0 B4TD3A                           010f4390 back_rproc
ff81d090 B4TD3B                           010f43b0 left_rproc
ff81db30 B4TI4A                           010f43d0 right_rproc
ff81fd10 B4TN4X                           010f43f0 total_matches
ff81eb30 B4TW4Z                           010f4400 no_debris
ff8210d0 B4UC3B                           010f4410 reduce_bog
ff81fcf0 B4UC3Z                           010f4420 allow_offscrn
ff821b70 B4WA4C                           010f4440 any_hits
ff821a50 B4WA4D                           010f4450 robo_icon_trigger
ff820970 B4WC4B                           010f4460 round_start_time
ff81f250 B4WL2A                           010f4480 round_end_time
ff81f430 B4WL4B                           010f44a0 match_start_time
ff81f670 B4WL5B                           010f44e0 wrestler_count
ff820d90 B4WS4A                           010f44f0 wrestler_count_proc
ff81f850 B4YR3A                           010f4510 temp_music
ff820870 B5RV5A                           010f4520 annc_rnd_winner_done
ffd9e100 BACKBRKR                         010f4530 vln_right_rope
ffd9e190 BACKDROP                         010f5a30 vln_left_rope
ffd9e220 BACKSUPL                         010f6f30 vln_right_matedge
011629f0 BAD_AUD                          010f92b0 vln_left_matedge
010efa00 BAKBITS                          010fb630 vln_right_matedge2
010000a0 BAKLST                           010fda50 vln_left_matedge2
010f2110 BAKMODS                          010ffe70 vln_right_fence
ffda2bd0 BALL01                           011050d0 vln_left_fence
ffda2c60 BALL02                           0110a730 up_dtime1
ffda2cf0 BALL03                           0110a7a0 down_dtime1
ffda2d80 BALL04                           0110a810 left_dtime1
ffda2e10 BALL05                           0110a880 right_dtime1
ffda2ea0 BALL06                           0110a8f0 punch_dtime1
ffda2f30 BALL07                           0110a960 block_dtime1
ffda2fc0 BALL08                           0110a9d0 powerp_dtime1
ffda3050 BALL09                           0110aa40 kick_dtime1
ffda30e0 BALL10                           0110aab0 powerk_dtime1
ffda3170 BALL11                           0110b2b0 WHICH_SKIRT_PAL
ffda3200 BALL12                           0110b2c0 plyr1_objlist
ffda3290 BALL13                           0110b2e0 plyr2_objlist
ffda3320 BALL14                           0110b300 neutral_objlist
ffda33b0 BALL15                           0110b320 debris_count
ffd7bf20 BALLD05A                         0110b330 droneoff
ffd1d330 BALL_p                           0110cd10 p1rnd_award
ffd75460 BAM3P                            0110ce10 p2rnd_award
ffdb1eb0 BAM3                             0110cf10 p1mtch_award
ffd7a930 BAMBAM                           0110d010 p2mtch_award
ffd1e100 BAMBLU_P                         0110d110 p1ws_award
ffda89a0 BAMFIREA1                        0110d310 p2ws_award
ffda8a30 BAMFIREA2                        0110d510 award_ok_to_die
ffda8ac0 BAMFIREA3                        0110d530 pcomeback
ffda8b50 BAMFIREA4                        0110d570 dboxes_on
ffda8be0 BAMFIREA5                        0110d590 powerup_requests
ffda8c70 BAMFIREA6                        0110d5b0 powerup_die
ffda8d00 BAMFIREB1                        0110d5d0 show_options_die
ffda8d90 BAMFIREB2                        0110d5e0 do_show_options
ffda8e20 BAMFIREB3                        0110d5f0 blocking_off
ffda8eb0 BAMFIREB4                        0110d600 ring_out_on
ffda8f40 BAMFIREB5                        0110d610 buddy_mode_on
ffda8fd0 BAMFIREB6                        0110d620 move_names_on
ffcfd380 BAMFRE_P                         0110d630 drone_meters_on
ffcffc20 BAMGRN_P                         0110d640 instant_combos_on
ffd00850 BAMGRY_P                         0110d650 hyper_speed_on
ffd00440 BAMORG_P                         0110d660 no_ring_on
ffd00030 BAMPNK_P                         0110d670 mk3_tip_number
ffcfdba0 BAMPRP_P                         01116840 p1icon_total
ffcfdfb0 BAMRED_P                         01116860 p2icon_total
ffcfd790 BAMYLW_P                         01116c80 p1powerup_request
ffd81b20 BAM_STAND                        01116ca0 p2powerup_request
ffd9e2b0 BANZAI                           01116cc0 p1pins
ffd81f10 BARBUTT                          01116cd0 p2pins
ffd17d60 BARB_P                           01116d20 buddy_mode_checked
ffd35c90 BARR_P                           01116d40 DONE_HOWARD
ffd98690 BATBK01                          01116d50 chan1pri
ffd98730 BATBK02                          01116d60 chan1dur
ffd987d0 BATBK03                          01116d90 chan1snd
ffd98870 BATBK04                          01116da0 chan2pri
ffd98910 BATBK05                          01116db0 chan2dur
ffd33ad0 BATP                             01116de0 chan2snd
ffd98370 BATSD01                          01116df0 chan3pri
ffd98410 BATSD02                          01116e00 chan3dur
ffd984b0 BATSD03                          01116e30 chan3snd
ffd98550 BATSD04                          01116e40 chan4pri
ffd985f0 BATSD05                          01116e50 chan4dur
ffd2d720 BAT_P                            01116e80 chan4snd
ffd7dd80 BCDARM02                         01116ef0 SOUNDSUP
ffd7de10 BCDARM04                         01116f60 REPEAT_STATE
ffd7dea0 BCDARM05                         01116f70 ANNOUNCE_QUEUE
ffd7df30 BCDARM06                         011171f0 NEXT_ANN_QUEUE
ffd7dfc0 BCDARM08                         01117210 CURRENT_ANN_QUEUE
ff9167f0 BCDBIN                           01117230 ENDLESS_SOUND
0000001f BEATEN_TAB_ENTRIES               01117240 doing_dcs_reset
ff9664d0 BEATEN_TAB                       01117290 which_table
ff807eb0 BEGINOBJW_TBL                    011172b0 which_one_first
ff807d80 BEGINOBJ_TBL                     011172c0 hisclong
ff804dc0 BEGINOBJP                        011172d0 SHOW_CRD_FLAG
ff804650 BEGINOBJW                        011623d0 message_ascii
ff804d20 BEGINOBJWP                       011623f0 message_palette
ff8046f0 BEGINOBJ                         01162410 message_buffer
ffd9e340 BEHMBUTT                         01162690 message_buffer2
ffd9c430 BESTOF3                          01162910 mess_cursx
ffd2a650 BEYES                            01162920 mess_cursx2
ffda0b30 BGBAT01                          01162930 mess_cursy
ffda0bc0 BGBAT02                          01162940 mess_space_width
ffda0c50 BGBAT03                          01162950 mess_spacing
ffda0ce0 BGBAT04                          01162960 mess_line_spacing
ffda0d70 BGBAT05                          01162970 mess_objid
ffd84ec0 BGLAS01                          011629c0 mess_z
ffd84f50 BGLAS02                          011629e0 IGNORE_CHAR_WIDTH
ffd84fe0 BGLAS03                          011629f0 BAD_AUD
ffd85070 BGLAS04                          01162a10 C_FRAC
ffd85100 BGLAS05                          01162a20 C_FLAGS
ffd85190 BGLAS06                          01162ac0 COINCNTR
ffd85220 BGLAS07                          01162af0 THIS_GAME_TIME
ffd852b0 BGLAS08                          01162b00 audit_ud_flag
ffd85340 BGLAS09                          01162b10 MAIN_RET
ffd853d0 BGLAS10                          01162b20 GMENULEV
ffd85460 BGLAS11                          01162b30 SND_MADE
ffd854f0 BGLAS12                          01162b40 NO_CLEAR
ffd85580 BGLAS13                          01162b50 LAST_BUT
ffd85610 BGLAS14                          01162b90 fswitches_cur
ffd856a0 BGLAS15                          01162bb0 fswitches_last
ffd2a7c0 BGLAS_P                          01162bd0 fswitches_down
ff81a640 BGND_UD1                         01162bf0 _switch_map_mode
ffd2bbd0 BGSPRKL_P                        01162c80 SWSET1
ffd52250 BHMUGA_P                         01162ca0 SWSET2
ffd53230 BHMUGB_P                         01162db0 _snd_chip_count
ffd541f0 BHMUGC_P                         01163080 _rtc_seconds
ffd551e0 BHMUGD_P                         01163090 _rtc_minutes
ffd561d0 BHMUGE_P                         011630a0 _rtc_hours
ffd571d0 BHMUGF_P                         011630b0 _rtc_day
ffd581b0 BHMUGG_P                         011630c0 _rtc_date
ffd591a0 BHMUGH_P                         011630d0 _rtc_month
ffda6cf0 BHMUG_A                          011630e0 _rtc_year
ffda6d80 BHMUG_B                          01163100 _tseconds
ffda6e10 BHMUG_C                          01163110 _tminutes
ffda6ea0 BHMUG_D                          01163120 _thours
ffda6f30 BHMUG_E                          01163130 _tday
ffda6fc0 BHMUG_F                          01163140 _tdate
ffda7050 BHMUG_G                          01163150 _tmonth
ffda70e0 BHMUG_H                          01163160 _tyear
ffd28e00 BICON00P                         01163190 _serial_number
ffd27ce0 BICON10P                         011631b0 _man_date
ffd28fe0 BICON1_P                         011631d0 _month
ffd27f80 BICON20P                         011631f0 _day
ffd28140 BICON30P                         01163210 _year
ffd28310 BICON40P                         01163230 _auto_update_save
ffd28530 BICON50P                         01163260 SCODE
ffd29170 BICON5_P                         01163270 DCODE
ffd28760 BICON60P                         011632a0 octopus2
ffd289f0 BICON70P                         011632c0 starting_num
ffd28c00 BICON80P                         011632d0 entered_inits
ffd29310 BICON90_P                        01163350 not_blank
ffd840f0 BICON_100A                       01163360 auto_init
ffd83be0 BICON_10                         011633c0 MATCH_TIMERS
ffd83c70 BICON_10A                        01163400 which_player
ffd84180 BICON_1                          01163420 index1
ffd84210 BICON_1A                         01163430 index2
ffd83d00 BICON_20A                        01163450 active_flag
ffd83d90 BICON_30A                        011634a0 match_time_bcd
ffd83e20 BICON_40A                        011634c0 are_we_waiting_f
ffd84330 BICON_5A                         011634e0 player_pal_pref
ffd83eb0 BICON_50A                        011635e0 rr_loss
ffd842a0 BICON_5                          01163e60 DAM_MULT
ffd83f40 BICON_60A                        01163e80 combo_audit_done
ffd83fd0 BICON_70A                        01163e90 message_flag
ffd84060 BICON_80A                        01163ed0 ZFLIP_POS_VAR
ffd843c0 BICON_90A                        01163ef0 MUSIC_HAP
ffd9da00 BIGBAM                           01163f00 PERFECT_WINS
ffd9f6f0 BIGBOOT                          01163f10 WINS_OBJ
ffd839a0 BIGCOME                          01163f70 fence1
ffd9dc30 BIGDNK                           01163ff0 MESSAGE_FLAGS
ffd84a40 BIGEYE01                         01164010 fence2
ffd84ad0 BIGEYE02                         01164090 COMBO_FLASH_FLAG
ffd84b60 BIGEYE03                         011640b0 in_finish_move
ffd84bf0 BIGEYE04                         011640c0 speed_adjustment
ffd84c80 BIGEYE05                         01164110 WHICH_SCREEN
ffd84d10 BIGEYE06                         01164130 TOP_LEFT
ffd84da0 BIGEYE07                         01164150 BOT_RIGHT
ffd84e30 BIGEYE08                         011643a0 special_screen
ffd0a8d0 BIGFLSH_P                        011b43e0 CURRENT_LADDER
ffd9d990 BIGHRT                           011b4420 LADDER
ffd9dca0 BIGLEX                           011b4600 TEMP_LADDER
ffd9dae0 BIGRAZ                           011b4640 FINAL_BATTLE_LINEUP
ffd9db50 BIGSHN                           011b4690 FLASH_FLAG
ffd9da70 BIGUND                           011b46a0 question_type
ffd9dbc0 BIGYOK                           011b46b0 royal_rumble
ff916660 BINBCD                           011b46c0 FINAL_PTR
ffcf9250 BKPALS                           011b4700 NUM_OPPS
ffd96b10 BLADE01                          011b4810 IGNORE_SPECIAL
ffd96bb0 BLADE02                          011b4820 YES_ITS_FINAL
ffd96c50 BLADE03                          011b77d0 WHAT_SPEED
ffd96cf0 BLADE04                          011b7ae0 wrestler_number
ffd96d90 BLADE05                          011b7b00 hit_damage_pending
ffd96e30 BLADE06                          011b7b10 new_victim_movedir
ffd96ed0 BLADE07                          011b7c50 close_the_door
ffd96f70 BLADE08                          011b7c60 close_the_floor
ffd97010 BLADE09                          011b7c70 dead_wrestler
ffd970b0 BLADE10                          011b7c90 finish_completed
ffd2d390 BLAD_P                           011b7ca0 wres_mv_done
ffda08f0 BLDHIT1                          011b7cb0 guy_in
ffda0980 BLDHIT2                          011b7cc0 guy_up
ffda0a10 BLDHIT3                          011b8130 CROWDDATA
ffda0aa0 BLDHIT4                          011b9870 crowd_process
ffd80800 BLDSPA01                         011b9890 end
ffd80890 BLDSPA02                         ff800000 dma_irq
ffd80920 BLDSPA03                         ff800000 .text
ffd809b0 BLDSPA04                         ff801310 DISPLAY
ffd80a40 BLDSPA05                         ff801ed0 QDMAN
ffd80ad0 BLDSPA06                         ff8020d0 STOPOBJS
ffd80b60 BLDSPA07                         ff802200 obj_yzsort
ffd80bf0 BLDSPA08                         ff8023d0 SCRTSTG
ffd80c80 BLDSPA09                         ff802400 SCRTST
ffd80d10 BLDSPA10                         ff8026f0 SPECIAL_DISPLAY_INIT
ffd80da0 BLDSPB01                         ff802b30 display_init
ffd80e30 BLDSPB02                         ff803060 clear_objs
ffd80ec0 BLDSPB03                         ff803400 GETOBJ
ffd80f50 BLDSPB04                         ff8035b0 FREEOBJ
ffd80fe0 BLDSPB05                         ff803630 INSBOBJ
ffd81070 BLDSPB06                         ff803670 INSOBJ
ffd81100 BLDSPB07                         ff803810 DELBOBJ
ffd81190 BLDSPB08                         ff803850 DELOBJA8
ffd81220 BLDSPC01                         ff803860 DELOBJ
ffd812b0 BLDSPC02                         ff803a60 FRQDELDIE
ffd81340 BLDSPC03                         ff803ad0 DELOBJDIE
ffd813d0 BLDSPC04                         ff803cf0 obj_del1c
ffd81460 BLDSPC05                         ff803d00 obj_delc
ffd814f0 BLDSPC06                         ff803ec0 EXISTOBJ
ffd81580 BLDSPC07                         ff803fc0 ISOBJ
ffd81610 BLDSPC08                         ff804070 obj_addworldxy
ffd816a0 BLDSPD01                         ff804180 ADJNEWTL
ffd81730 BLDSPD02                         ff804250 GSCRNREL
ffd817c0 BLDSPD03                         ff804340 SCRNRELV
ffd81850 BLDSPD04                         ff804490 GANISAG
ffd818e0 BLDSPD05                         ff804650 BEGINOBJW
ffd81970 BLDSPD06                         ff8046f0 BEGINOBJ
ffd81a00 BLDSPD07                         ff804d20 BEGINOBJWP
ffd81a90 BLDSPD08                         ff804dc0 BEGINOBJP
ffd21e30 BLDSPIN_P                        ff8052d0 ANI
ff810280 BLNKAREA                         ff8056e0 obj_aniq
ff92a340 BLNKHELP                         ff805ba0 obj_aniq_cnoff
ff8e0ac0 BLOCK_WOOSH                      ff805de0 GETANIXY
ffda02c0 BLOOD01                          ff805f10 GANIOF
ffda0350 BLOOD02                          ff8060c0 scrn_scaleout
ffda03e0 BLOOD03                          ff806560 scrn_scaleininit
ffda0470 BLOOD04                          ff8066b0 scrn_scalein
ffda0500 BLOOD05                          ff807b80 fg2bg
ffda0590 BLOOD06                          ff807d80 BEGINOBJ_TBL
ffda0620 BLOOD07                          ff807eb0 BEGINOBJW_TBL
ffda06b0 BLOOD08                          ff808b30 _AlarmClock
ffda0740 BLOOD09                          ff808e10 RemapIO
ffda07d0 BLOOD10                          ff808f60 InitAddresses
ffda0860 BLOOD11                          ff8092c0 AddressSet1
ffd33a10 BLOOD_P                          ff809620 AddressSet2
ff9b8c50 BLOW_0_TO_1                      ff809980 AddressSet3
ffd149c0 BLUE                             ff809ce0 AddressSet4
ffd2bfa0 BLUEEX_P                         ff80a0e0 SetAddresses
fff99520 BLUESH                           ff80a1d0 SecFuncCheck
fffcf170 BLUURN01                         ff80a320 InitPIC
fffcf250 BLUURN02                         ff80a660 init_all
fffcf330 BLUURN03                         ff80b090 INTIO
fffcf410 BLUURN04                         ff80b1a0 WDOGDIS
fffcf4f0 BLUURN05                         ff80d090 trap3_handler
ffd9a9c0 BMDZ01                           ff80d2c0 ZERO_BITS
ffd9aa50 BMDZ02                           ff80d350 SPECIAL_WIPEOUT
ffd9aae0 BMDZ03                           ff80d3a0 WIPEOUT
ffd9ab70 BMDZ04                           ff80d450 WIPEOUT2
ffd9ac00 BMDZ05                           ff80d810 system_savegame
ffd9ac90 BMDZ06                           ff80df50 anim_wait
ffd2de50 BMDZP                            ff80e0a0 autoerase_set
ffd42b50 BMMUGA_P                         ff80e1d0 FLASHME
ffd43b40 BMMUGB_P                         ff80e360 COLCYC
ffd44b00 BMMUGC_P                         ff80e6e0 CYCLE_TABLE
ffd45b00 BMMUGD_P                         ff80ea20 HEXTOASC
ffd46af0 BMMUGE_P                         ff80ec10 ERASE_TXT
ffd47af0 BMMUGF_P                         ff80ec60 STRLNRM
ffd48af0 BMMUGG_P                         ff80ecd0 STRCNRM
ffd49ad0 BMMUGH_P                         ff80ed40 STRCNRM_1
ffda63f0 BMMUG_A                          ff80edc0 STRRNRM
ffda6480 BMMUG_B                          ff80ee30 STRLNRMO
ffda6510 BMMUG_C                          ff80eec0 STRCNRMO
ffda65a0 BMMUG_D                          ff80ef50 STRCNRMO_1
ffda6630 BMMUG_E                          ff80eff0 STRCNRMO_2
ffda66c0 BMMUG_F                          ff80f090 STRLNRMO_1
ffda6750 BMMUG_G                          ff80fa50 STRNGLEN
ffda67e0 BMMUG_H                          ff80fbb0 OBJOFF
ffd9e3d0 BODYSLAM                         ff80fc40 OBJON
ffd93910 BONE01                           ff80fce0 GETCPNT
ffd939b0 BONE02                           ff80fdb0 GETANIX
ffd93a50 BONE03                           ff80fef0 RNDRNGS
ffd93af0 BONE04                           ff80ff10 RNDRNG
ffd93b90 BONE05                           ff810040 RNDRNG0
ffd93c30 BONE06                           ff810130 RNDPER
ffd93cd0 BONE07                           ff810250 FILLAREA
ffd93d70 BONE08                           ff810280 BLNKAREA
ffd93e10 BONE09                           ff810380 dirq_wait
ffd93eb0 BONE10                           ff810460 dmaq_wait
ffd93f50 BONE11                           ff810590 dpageflip_off
ffd93ff0 BONE12                           ff810670 display_blank
ffd94090 BONE13                           ff810760 display_unblank
ffd94130 BONE14                           ff810a30 SCRCLR
ffd941d0 BONE15                           ff810b40 CLR_SCRN
ffd94270 BONEB01                          ff810cd0 FRANIM
ffd94310 BONEB02                          ff811180 FRANIMQ
ffd943b0 BONEB03                          ff811570 security_chk
ffd94450 BONEB04                          ff8121b0 secend
ffd944f0 BONEB05                          ff8121b0 HORZ_SHAKER2
ffd94590 BONEB06                          ff812c80 SHAKER2
ffd94630 BONEB07                          ff8137f0 SHAKER
ffd946d0 BONEB08                          ff813d80 get_all_starts_cur
ffd94770 BONEB09                          ff813ec0 get_all_starts_down
ffd94810 BONEB10                          ff814000 get_start_cur
ffd948b0 BONEB11                          ff8140d0 get_start_down
ffd94950 BONEB12                          ff8141c0 get_all_sticks_cur
ffd949f0 BONEB13                          ff814300 get_all_sticks_cur2
ffd94a90 BONEB14                          ff8143d0 get_all_sticks_down
ffd94b30 BONEB15                          ff814510 get_all_sticks_down2
ffd83520 BONUSBAR                         ff8145e0 get_all_buttons_cur
ff9ac870 BONUS_MESS                       ff814720 get_all_buttons_cur2
01164150 BOT_RIGHT                        ff8147f0 get_all_buttons_down
ffd21610 BOX1_P                           ff814930 get_all_buttons_down2
ffd7f760 BOX2                             ff814ae0 rndrng0
ffd2c150 BRITEX_P                         ff814bd0 civanic
ff89fd20 BROKEN_ARM_BLOOD                 ff814bf0 civani
ffcf4eb0 BSELBK_P                         ff814e60 pal_init
ffd8d530 BSPRKA01                         ff814fb0 pal_clean
ffd8d5c0 BSPRKA02                         ff8152b0 pal_find
ffd8d650 BSPRKA03                         ff815400 pal_getf
ffd8d6e0 BSPRKA04                         ff815790 pal_set
ffd8d770 BSPRKA05                         ff8158c0 pal_transfer
ffd8d800 BSPRKA06                         ff815b00 pal_blacken
ffd8d890 BSPRKA07                         ff815c60 pal_fadein
ffd8d920 BSPRKA08                         ff8160e0 pal_fadeout
ffd8d9b0 BSPRKA09                         ff816120 pal_fadeout2
ffd8da40 BSPRKA10                         ff8168f0 pal_fadeinx
ffd8dad0 BSPRKA11                         ff816930 pal_fadeoutx
ffd8db60 BSPRKA12                         ff816d60 pal_fmwht
ffd8dbf0 BSPRKA13                         ff816db0 pal_towht
ffd8dc80 BSPRKA14                         ff8172b0 addbrt_ae
ffd8dd10 BSPRKA15                         ff8176b0 fade_up
ffd8dda0 BSPRKB01                         ff8177c0 fade_down
ffd8de30 BSPRKB02                         ff8178c0 fade_up_half
ffd8dec0 BSPRKB03                         ff8179e0 fade_down_half
ffd8df50 BSPRKB04                         ff818400 process_init
ffd8dfe0 BSPRKB05                         ff818620 process_dispatch
ffd8e070 BSPRKB06                         ff818a20 PRCSLP
ffd8e100 BSPRKB07                         ff818a30 PRCLSP
ffd8e190 BSPRKB08                         ff818b80 SUCIDE
ffd8e220 BSPRKB09                         ff818e60 KILL
ffd8e2b0 BSPRKB10                         ff819120 GETPRC
ffd8e340 BSPRKB11                         ff8192a0 GETPRC_INSERT
ffd8e3d0 BSPRKB12                         ff819460 GETSPRC
ffd8e460 BSPRKB13                         ff819520 XFERPROC
ffd8e4f0 BSPRKB14                         ff819760 KILALL
ffd8e580 BSPRKB15                         ff819780 KIL1C
ffd82850 BUDDY                            ff819790 KILALLN
ff951760 BUILD_ST                         ff819a50 IKIL1C
ff821890 BURNBODY                         ff819a60 IKILALLN
ff9340d0 BURN_IN                          ff819d10 process_exist
ffd9d630 BWINBOX                          ff819da0 EXISTP
ff9253b0 B_MENU                           ff81a640 BGND_UD1
ff9162f0 CADJ_BOX                         ff81c200 bgnd_delnonvis
ff8dced0 CALL_ANI_AVERAGE_MOVE            ff81c490 B4AM4A
ff8dce20 CALL_AVERAGE_MOVE                ff81c590 B3CP3B
ff8e1590 CALL_BONE_BREAK                  ff81c670 B3GU2A
ff8dc580 CALL_DROP_KICK                   ff81c7f0 B3GU4A
ff8dc8b0 CALL_FACE_HIT                    ff81c970 B4AH4A
ff8de6a0 CALL_MATCH_OVER                  ff81ca50 B2AH2A
ff8dcb60 CALL_MID_HIT                     ff81caf0 B3PP3Q
ff8dbbd0 CALL_MISSES                      ff81cbd0 B3FD3C
ff8dd520 CALL_MISS_YOKO                   ff81cc70 B2AM2A
ff8dddc0 CALL_NASTY_MOVE                  ff81cd70 B4BK3D
ff8ddc10 CALL_OTHER_AVERAGE               ff81ce30 B3AE3A
ff8de280 CALL_SETUP                       ff81cf90 B4LB4B
ff8dbf00 CALL_SPECIAL_MOVE                ff81d090 B4TD3B
ff8dd900 CALL_THROWN_OUT                  ff81d1b0 B4TD3A
fffcf800 CARLO1                           ff81d1d0 B4KM3E
fffcf890 CARLO2                           ff81d310 B2KM3B
fffcf920 CARLO3                           ff81d450 B4KM3A
fffcf9b0 CARLO4                           ff81d590 B2KM3E
ff91f0d0 CAT_A0                           ff81d5f0 B4NM3A
ff91c850 CCCC                             ff81d670 B2NM3A
ff917420 CCOIN                            ff81d730 B2BG3A
ffda92a0 CHAIN01                          ff81d750 B3DC3B
ffda9330 CHAIN02                          ff81d830 B4KM3H
ffda93c0 CHAIN03                          ff81d970 B4GF3A
ffda9450 CHAIN04                          ff81dab0 B3HB3A
ffda94e0 CHAIN05                          ff81db30 B4TI4A
ffda9570 CHAIN06                          ff81dbb0 B4BF3A
ffd82770 CHAIRMAT                         ff81dbf0 B3BF3C
ffd772f0 CHAIR_P                          ff81dd10 B4MF4A
ff89de60 CHANGE_SKIRTS                    ff81ddf0 B3RL1A
ff89de20 CHANGE_SKIRTS2                   ff81df50 B4HU4B
ffdb2850 CHBRAK01                         ff81dff0 B4SB4A
ffdb2930 CHBRAK02                         ff81e130 B2FH3Z
ffdb2a10 CHBRAK03                         ff81e210 B4FH3Z
ffdb2af0 CHBRAK04                         ff81e2f0 B4PU3D
ffdb2bd0 CHBRAK05                         ff81e3d0 B2PU3C
ffdb2cb0 CHBRAK06                         ff81e4b0 B4PS3A
ffdb2d90 CHBRAK07                         ff81e550 B4BC3A
ffdb2e70 CHBRAK08                         ff81e610 B2BC3A
ffdb2f50 CHBRAK09                         ff81e6f0 B3PO4A
ffdb3030 CHBRAK10                         ff81e7f0 B4PO4Z
ff9a04c0 CHECK_COMBO_GO                   ff81e810 B2ST2A
ff977000 CHECK_SCORE                      ff81e9b0 B4ST4Z
ffd828c0 CHGLWB1                          ff81ead0 B2TW2Z
ffd23170 CHGLWB1P                         ff81eb30 B4TW4Z
ffd23580 CHGLWB2P                         ff81eb90 B1TT5Z
ffd82950 CHGLWB2                          ff81ec10 B1TR5Z
ffd23990 CHGLWB3P                         ff81ec90 B2WL1A
ffd829e0 CHGLWB3                          ff81ee90 B2WL2B
ffd23da0 CHGLWB4P                         ff81f0d0 B2WL8B
ffd82a70 CHGLWB4                          ff81f250 B4WL2A
ffd241b0 CHGLWB5P                         ff81f430 B4WL4B
ffd82b00 CHGLWB5                          ff81f670 B4WL5B
ffd82b90 CHGLWB6                          ff81f850 B4YR3A
ffd245c0 CHGLWB6P                         ff81f8d0 B3RN3A
ffd82c20 CHGLWB7                          ff81fa50 B4BO3Z
ffd249d0 CHGLWB7P                         ff81fb70 B3RS3B
ffd82cb0 CHGLWB8                          ff81fc30 B3DD3D
ffd24de0 CHGLWB8P                         ff81fcf0 B4UC3Z
ffd251f0 CHGLWB9P                         ff81fd10 B4TN4X
ffd82d40 CHGLWB9                          ff81fdb0 B4NP3Z
ffd29720 CHGLWB_P                         ff81fef0 B3ZS3A
ffd25600 CHGLWT1P                         ff81ff50 B3AB3X
ffd82dd0 CHGLWT1                          ff81ffb0 B3DD3C
ffd25a10 CHGLWT2P                         ff8200f0 B3FH3F
ffd82e60 CHGLWT2                          ff820250 B3RC3A
ffd25e20 CHGLWT3P                         ff820330 B3DR3B
ffd82ef0 CHGLWT3                          ff820470 B4POGO
ffd26230 CHGLWT4P                         ff8204d0 B4CD3B
ffd82f80 CHGLWT4                          ff820570 B4GH3B
ffd83010 CHGLWT5                          ff820650 B4CF4A
ffd26640 CHGLWT5P                         ff820770 B3PO4E
ffd26a50 CHGLWT6P                         ff8207d0 B2PN5A
ffd830a0 CHGLWT6                          ff820870 B5RV5A
ffd26e60 CHGLWT7P                         ff820970 B4WC4B
ffd83130 CHGLWT7                          ff8209b0 B3PG3A
ffd27270 CHGLWT8P                         ff820a50 B4CD3A
ffd831c0 CHGLWT8                          ff820b50 B3MS3Z
ffd27680 CHGLWT9P                         ff820c10 B4RS4A
ffd83250 CHGLWT9                          ff820cd0 B4SW4B
ffd29b30 CHGLWT_P                         ff820d90 B4WS4A
fffd45a0 CHIP1_01                         ff820e10 B4GH3D
fffd4630 CHIP1_03                         ff820e90 B3MS3X
fffd46c0 CHIP1_05                         ff820ef0 B4BB1X
fffd4750 CHIP1_07                         ff820ff0 B3BR3Z
fffd47e0 CHIP1_09                         ff8210b0 B4BZ4A
fffd4870 CHIP1_11                         ff8210d0 B4UC3B
fffd4900 CHIP1_13                         ff8211d0 B4MP4A
fffd4990 CHIP1_15                         ff8212f0 B2MP2A
fffd4a20 CHIP1_17                         ff821410 B3PJ3B
fffd4ab0 CHIP1_19                         ff8214f0 B2PJ3A
fffd4b40 CHIP2_01                         ff8215f0 B3JK3A
fffd4bd0 CHIP2_03                         ff8216d0 B4FK4B
fffd4c60 CHIP2_05                         ff8217d0 B4FK4F
fffd4cf0 CHIP2_07                         ff821890 BURNBODY
fffd4d80 CHIP2_09                         ff821930 B3RR3Z
fffd4e10 CHIP3_01                         ff821a50 B4WA4D
fffd4ea0 CHIP3_03                         ff821b10 B4CF4Z
fffd4f30 CHIP3_05                         ff821b70 B4WA4C
fffd4fc0 CHIP3_07                         ff821c70 B4CR7A
fffd5050 CHIP3_09                         ff821dd0 B2JD4A
fffd50e0 CHIP3_11                         ff821e70 H3DC3A
fffd5170 CHIP3_13                         ff821f70 H2PF2B
fffd5200 CHIP3_15                         ff822070 H3UC3X
fffd5290 CHIP3_17                         ff8221b0 H4BK3A
fffd5320 CHIP3_19                         ff822230 H4JD4B
fffd53b0 CHIP4_01                         ff822310 H4LB3A
fffd5440 CHIP4_03                         ff8223f0 H2AM3A
fffd54d0 CHIP4_05                         ff8224f0 H3UC3Z
fffd5560 CHIP4_07                         ff8225b0 H3RN3A
fffd55f0 CHIP4_09                         ff822730 H3RL1A
fffd5680 CHIP5_01                         ff8228d0 H4WL4A
fffd5710 CHIP5_03                         ff822ad0 H3MS3X
fffd57a0 CHIP5_05                         ff822b70 H4TI4B
fffd5830 CHIP5_07                         ff822c70 H4SB4B
fffd58c0 CHIP5_09                         ff822d50 H3DD3B
fffd5950 CHIP5_11                         ff822dd0 H3FR3A
fffd59e0 CHIP5_13                         ff822f10 H3GF7B
fffd5a70 CHIP5_15                         ff823010 H3HT3X
fffd5b00 CHIP5_17                         ff823190 H4ZZ4C
fffd5b90 CHIP5_19                         ff823230 H4GH3Z
ffd0aa40 CHIP_B_P                         ff823330 H4BZ4A
ff924ed0 CHK_CMOS                         ff823350 H2WL8A
ffd845c0 CHOGLOB_A                        ff823550 H4TW4A
ffd84650 CHOGLOB_B                        ff8235d0 H4KM3C
ffd846e0 CHOGLOT_A                        ff8236f0 H2PL3B
ffd84770 CHOGLOT_B                        ff8237f0 H4HU4B
ffd84530 CHOICBK                          ff823890 H4SL4C
ffd84800 CHSHDB_A                         ff8239b0 H4ST4A
ffd84890 CHSHDB_B                         ff823ab0 H4JP4C
ffd29f40 CHSHDB_P                         ff823b70 H4PS3A
ffd84920 CHSHDT_A                         ff823c70 H2NM3A
ffd849b0 CHSHDT_B                         ff823d10 H3PP3X
ffd2a270 CHSHDT_P                         ff823e10 H3ZZ3T
ffdb3110 CHSWNFL                          ff823f50 H3DD3Z
ffdb2070 CHSWNG01                         ff824030 H4JK4C
ffdb2150 CHSWNG02                         ff824130 H4RF3A
ffdb2230 CHSWNG03                         ff824230 H3AB3A
ffdb2310 CHSWNG04                         ff824290 H2WL1A
ffdb23f0 CHSWNG05                         ff824490 H4GH3C
ffdb24d0 CHSWNG06                         ff824550 H4WL5A
ffdb25b0 CHSWNG07                         ff824750 H3BO3A
ffdb2690 CHSWNG08                         ff824870 H2BC3A
ffdb2770 CHSWNG09                         ff824970 H3HB3A
ff945cf0 CIRCLE                           ff8249d0 H3GU2A
ff921980 CKDIAG                           ff824b10 H4NM3A
ff914790 CKDIP                            ff824bd0 H2ST2A
ff94d0e0 CKPROMPT                         ff824cd0 H1TL5A
ff921820 CKTEST                           ff824d70 H4POGO
ff918bc0 CK_MAX                           ff824dd0 H4KM3D
ffd9f780 CLAPPER                          ff824ed0 H4YR3A
ffda42d0 CLD10                            ff824f50 H4MP4A
ffda4340 CLD11                            ff825050 H4WA4A
ffda4010 CLD1A                            ff825170 H3GU4A
ffda40a0 CLD5                             ff8252b0 H4AE3A
ffda4110 CLD6                             ff8253b0 H3BR3Z
ffda4180 CLD7                             ff825430 H4LD4A
ffda41f0 CLD8                             ff8254f0 H3DU3A
ffda4260 CLD9                             ff825550 H4KM3B
ffda3f80 CLDB1LGRY                        ff8255f0 H4BC3A
ffda3e60 CLDB1ORNG                        ff8256f0 H2WL2A
ffda3ef0 CLDB1WHT                         ff8258f0 H2AH3A
ffda43b0 CLDB2                            ff8259b0 H2MP2B
ffda4420 CLDB3                            ff825ab0 H2TW2A
ffda4490 CLDB4                            ff825b30 H3RR3Z
ff84fb80 CLEAR_PROCESSES                  ff825c10 H3BF3A
ff8da730 CLEAR_SPEECH_REPEAT              ff825cd0 H1TT5A
ff8db910 CLIMB_ROPES                      ff825d50 H4PF4B
ffda3c20 CLOBHIT01                        ff825e50 H2CP3A
ffda3cb0 CLOBHIT02                        ff825f50 H4AH3A
ffda3d40 CLOBHIT03                        ff826010 H3MS3Z
ffda3dd0 CLOBHIT04                        ff8260d0 H2AE3A
ff9bcd90 CLOSE_PROGRESS_SCREEN            ff8261d0 H4CR3D
ff9baf70 CLOSE_SCREEN_LINE                ff826310 H3ZS3A
ff9b9fc0 CLOSE_VERT_SCREEN_LINE           ff826370 H4UP3C
ff91d470 CLR_AUD                          ff8264d0 H4PL3X
ff91d160 CLR_AUDR                         ff8265d0 H3PN5A
ff912200 CLR_CUR                          ff826690 H4MF4B
ff912340 CLR_MAIN                         ff8267b0 H4TN4X
ff810b40 CLR_SCRN                         ff826850 H3PG3A
ffd836d0 CMBOREVC                         ff8268d0 H4CS3A
ff91d510 CMOS_VAL                         ff8269d0 H4ZZ4B
ffda1820 CNFETI01                         ff826a10 H4AM3A
ffda18b0 CNFETI02                         ff826b10 H2KM3A
ffda1940 CNFETI03                         ff826c10 H4WL2A
ffda19d0 CNFETI04                         ff826df0 H3RS3A
ffda1a60 CNFETI05                         ff826eb0 D3BK3Z
ffda1af0 CNFETI06                         ff826f30 D4BZ4A
ffd7b350 COFFIN01                         ff826f50 D3TN3A
ffd7b3e0 COFFIN02                         ff826ff0 D2WL4B
ffd7b470 COFFIN03                         ff827230 D2BC3A
ffd7b500 COFFIN04                         ff8272f0 D3ES3A
ffd7b590 COFFIN05                         ff8273b0 D3RR3Z
ffd7b980 COFFIN6A                         ff827490 D4GH3A
ffd7ba10 COFFIN6B                         ff827570 D4BK3A
ffd1c7f0 COFFIN_P                         ff827610 D3TP3A
01162ac0 COINCNTR                         ff827690 D3GU4A
ff91c990 COIN_PAG                         ff8277b0 D4BS3A
ff80e360 COLCYC                           ff8278b0 D5GD4A
ff868b00 COLRPRC                          ff8278f0 D3RN3B
010f2700 COLRTEMP                         ff827a50 D1TR5Z
ff93c950 COL_BARS                         ff827ad0 D3HT3Q
ff923a80 COL_INST                         ff827bd0 D2WL2A
ffd8b9a0 COMBO_01                         ff827df0 D2BS3A
ffd8ba30 COMBO_02                         ff827ef0 D2CT2B
ffd8bac0 COMBO_03                         ff827f50 D4PN5A
ffd8bb50 COMBO_04                         ff828010 D4SQ4A
ffd8bbe0 COMBO_05                         ff828070 D4RG3A
ffd8bc70 COMBO_06                         ff828130 D3FD3E
ffd8bd00 COMBO_07                         ff828230 D3GS3X
ffd8bd90 COMBO_08                         ff828330 A4ST4J
ffd8be20 COMBO_09                         ff8283b0 D4BC3A
ffd8beb0 COMBO_10                         ff828470 D3ZS3A
01164090 COMBO_FLASH_FLAG                 ff8284d0 D4BZ3A
ffd2b050 COMBO_P                          ff828590 D2TW2B
ffd83370 CONTROLI                         ff828610 D2PJ2A
ffd7dbd0 COOP                             ff8286f0 D4CO4A
ffd878f0 COUGHA01                         ff8287b0 D2CR1A
ffd87980 COUGHA02                         ff828890 D4HM4A
ffd87a10 COUGHA03                         ff8289d0 D3PM4C
ffd87aa0 COUGHA04                         ff8289f0 D5GD3A
ffd87b30 COUGHA05                         ff828ab0 D2CT2C
ffd87bc0 COUGHA06                         ff828c10 D3BO3B
ffd87c50 COUGHA07                         ff828d30 D3HT3Z
ffd87ce0 COUGHA08                         ff828d50 D4MF4A
ffd87d70 COUGHA09                         ff828e70 D4LB4B
0105c410 COUNTER_MODE                     ff828ed0 D4ST4E
ffcf2780 CPOSTB_P                         ff828f50 D3CR3D
ffcf6400 CPOSTTP2                         ff8290b0 D4WL5A
ffcf3830 CPOSTT_P                         ff8292f0 D4MP4D
ff9215c0 CPU_RET                          ff8293b0 D4YR3B
fffcfa40 CRAZY1                           ff829430 D2AH2A
fffcfad0 CRAZY2                           ff829490 D5WN5B
fffcfb60 CRAZY3                           ff829510 D3BF3A
fffcfbf0 CRAZY4                           ff829610 D3RC3A
fffcfc80 CRAZY5                           ff829730 D2NM3A
ff9192a0 CRD_SCRN                         ff8297b0 D3PP3A
ff9192b0 CRD_SCRN2                        ff8298b0 D3AK3A
ff9b6d30 CREATE_DISQUAL                   ff8298f0 D4KH3A
ff8a0550 CREATE_SWEAT                     ff829910 D3AM3A
ff89b450 CREATE_TEXT_LINE                 ff829a10 D3RL1B
ff9b6360 CREATE_TIMEOUT                   ff829b50 D4LB4A
ff9d36d0 CREATE_URN2                      ff829bd0 D3SA3A
ff918e60 CRED_P                           ff829cb0 D3OS3A
ffd13ff0 CRHI_B_P                         ff829d70 D4PU3C
ffd14030 CRHI_R_P                         ff829e70 D3AE3B
ffd9e460 CROSFIRE                         ff829f70 D4WA4A
ff93b590 CROSS_H                          ff82a090 D4PJ4A
011b8130 CROWDDATA                        ff82a150 D3HP3A
ffd0bc90 CRPL_B_P                         ff82a1f0 D4NM3B
ffd0bb10 CRPL_G_P                         ff82a290 D4SK4A
ffd0be00 CRPL_R_P                         ff82a2b0 D3AH3B
ffd0bf70 CRUTBH_P                         ff82a330 D4TH4A
ffd0cf80 CRUTBM_P                         ff82a350 D4GP3C
ffd0df90 CRUTDK_P                         ff82a450 D2ST2B
ffd7a1e0 CRUTHI_B                         ff82a4d0 D4GF3A
ffd7a270 CRUTHI_R                         ff82a5f0 D4TW4B
ffd0efa0 CRUTLX_P                         ff82a670 D2WL1A
ffd7a420 CRUTPLTG                         ff82a8b0 D3MP3A
ffd1c010 CRUTPLTGP                        ff82a9b0 D2KB3A
ffd79c40 CRUTPLT_B                        ff82aab0 D3PD3Z
ffd79bb0 CRUTPLT_G                        ff82abd0 D3AB3A
ffd79cd0 CRUTPLT_R                        ff82ac30 D4WL4A
ffd0ffb0 CRUTRR_P                         ff82ae70 D2PU3A
ffd10fc0 CRUTSM_P                         ff82af70 D2GD2A
ffd12fe0 CRUTUN_P                         ff82b010 D2KM3D
ffd11fd0 CRUTYK_P                         ff82b030 D5WN5Z
ffd79d60 CRUT_BH                          ff82b090 D3SK3X
ffd79df0 CRUT_BM                          ff82b190 D2KM3B
ffd79e80 CRUT_DK                          ff82b2b0 D2CT2A
ffd79f10 CRUT_LX                          ff82b330 D3PP3Z
ffd79fa0 CRUT_RR                          ff82b3f0 D3SA3X
ffd7a030 CRUT_SM                          ff82b410 D4KB3A
ffd7a150 CRUT_UN                          ff82b510 D4HS3B
ffd7a0c0 CRUT_YK                          ff82b5f0 D3DD3C
ff917f20 CR_CONTP                         ff82b690 D4FM4A
ff917dc0 CR_STRTP                         ff82b710 D4WL2A
ffcf5370 CSELBK2P                         ff82b950 D4JD4A
fffd5cb0 CSELBK_A                         ff82ba50 D3DC3C
fffd5d40 CSELBK_B                         ff82bb90 D3UC3A
fffd5dd0 CSELBK_C                         ff82bcf0 D1TT5Z
fffd5e60 CSELBK_D                         ff82bd70 D4POGO
fffd5ef0 CSELBK_E                         ff82bdd0 D4KM3A
fffd5f80 CSELBK_F                         ff82bef0 D3CS3Z
ffd0b340 CSELBK_P                         ff82bff0 D4SW4C
fffd6010 CSELBV_A                         ff82c0b0 D2RG3B
fffd60a0 CSELBV_B                         ff82c170 D4PS3A
fffd6130 CSELBV_C                         ff82c250 L3GP3Z
fffd61c0 CSELBV_D                         ff82c310 L4KM3B
0000003d CS_ENTS                          ff82c430 L2PJ3C
01117210 CURRENT_ANN_QUEUE                ff82c490 L4BK3B
011b43e0 CURRENT_LADDER                   ff82c4d0 L4PU3B
ff80e6e0 CYCLE_TABLE                      ff82c5d0 L3DU3A
01162a20 C_FLAGS                          ff82c650 L2WL8A
01162a10 C_FRAC                           ff82c870 L4WL5A
ff827a50 D1TR5Z                           ff82ca90 L4TI4B
ff82bcf0 D1TT5Z                           ff82cb30 L4PT3B
ff829430 D2AH2A                           ff82cc30 L3MF3B
ff827230 D2BC3A                           ff82cd10 L3CP3B
ff827df0 D2BS3A                           ff82cd30 L2BC3E
ff8287b0 D2CR1A                           ff82cdd0 L4PO4A
ff82b2b0 D2CT2A                           ff82cef0 L4PS3A
ff827ef0 D2CT2B                           ff82cf70 L4KB3C
ff828ab0 D2CT2C                           ff82d070 L3CP3X
ff82af70 D2GD2A                           ff82d150 L3PB3A
ff82a9b0 D2KB3A                           ff82d230 L2AM2B
ff82b190 D2KM3B                           ff82d310 L3AB3A
ff82b010 D2KM3D                           ff82d370 L3DC3B
ff829730 D2NM3A                           ff82d3d0 L2KM3A
ff828610 D2PJ2A                           ff82d4f0 L4PT4B
ff82ae70 D2PU3A                           ff82d650 L3GU4B
ff82c0b0 D2RG3B                           ff82d6b0 L3FH3A
ffe542e0 D2ST2B03                         ff82d770 L3TF3X
ff82a450 D2ST2B                           ff82d810 L3BF3B
ff828590 D2TW2B                           ff82d8d0 L3RL1A
ff82a670 D2WL1A                           ff82da30 L4CR3B
ff827bd0 D2WL2A                           ff82db90 L4WL2B
ff826ff0 D2WL4B                           ff82dd90 L4SB4A
ff82abd0 D3AB3A                           ff82de70 L4GH3Z
ff829e70 D3AE3B                           ff82df10 L4YR3B
ff82a2b0 D3AH3B                           ff82df90 L4BZ3B
ff8298b0 D3AK3A                           ff82e070 L3RN3B
ff829910 D3AM3A                           ff82e1f0 L4WS4B
ff829510 D3BF3A                           ff82e270 L3TN3X
ff826eb0 D3BK3Z                           ff82e310 L3UC3Z
ff828c10 D3BO3B                           ff82e330 L4MP3A
ff828f50 D3CR3D                           ff82e430 L4CS3A
ff82bef0 D3CS3Z                           ff82e530 L4HU4A
ff82ba50 D3DC3C                           ff82e5d0 L4BK3C
ff82b5f0 D3DD3C                           ff82e610 L2MP2A
ff8272f0 D3ES3A                           ff82e710 L4ST4C
ff828130 D3FD3E                           ff82e7f0 L4TW4Z
ff828230 D3GS3X                           ff82e890 L3BR3Z
ff827690 D3GU4A                           ff82e8d0 L4AE4A
ff82a150 D3HP3A                           ff82e970 L1TR5A
ff827ad0 D3HT3Q                           ff82ea50 L2AH2A
ff828d30 D3HT3Z                           ff82eaf0 L2AE2A
ff82a8b0 D3MP3A                           ff82ebf0 L4HT3A
ff829cb0 D3OS3A                           ff82ecf0 L4SW5A
ff82aab0 D3PD3Z                           ff82ee10 L2WL2A
ff8289d0 D3PM4C                           ff82f050 L3FO3A
ff8297b0 D3PP3A                           ff82f150 L4BZ4A
ff82b330 D3PP3Z                           ff82f170 L3RS3A
ff829610 D3RC3A                           ff82f230 L2PT2B
ff829a10 D3RL1B                           ff82f390 L3MS3Z
ff8278f0 D3RN3B                           ff82f450 L4GF3B
ff8273b0 D3RR3Z                           ff82f550 L4CF4A
ff829bd0 D3SA3A                           ff82f670 L3FD3B
ff82b3f0 D3SA3X                           ff82f730 L3UC3A
ff82b090 D3SK3X                           ff82f7f0 L4BO3Z
ff826f50 D3TN3A                           ff82f930 L4AH4B
ff827610 D3TP3A                           ff82f950 L2WL1B
ff82bb90 D3UC3A                           ff82fb50 L3BF3A
ff828470 D3ZS3A                           ff82fbb0 L3PN5B
ff8283b0 D4BC3A                           ff82fc50 L3PJ3F
ff827570 D4BK3A                           ff82fd50 L3GU4A
ff8277b0 D4BS3A                           ff82fe90 L2TW2Z
ff8284d0 D4BZ3A                           ff82ff30 L3DD3A
ff826f30 D4BZ4A                           ff82ff90 L4FX5B
ff8286f0 D4CO4A                           ff8300d0 L2ST2C
ff82b690 D4FM4A                           ff8301b0 L3VS3A
ff82a4d0 D4GF3A                           ff8302d0 L4ZZ5B
ff827490 D4GH3A                           ff830370 L3PN5D
ff82a350 D4GP3C                           ff830430 L4GH3B
ff828890 D4HM4A                           ff8304f0 L4WL4A
ff82b510 D4HS3B                           ff830730 L3UC3X
ff82b950 D4JD4A                           ff830870 L4CO4Z
ff82b410 D4KB3A                           ff830990 L4JD4A
ff8298f0 D4KH3A                           ff830a50 L3GU2A
ff82bdd0 D4KM3A                           ff830b90 L2PU2B
ff829b50 D4LB4A                           ff830c90 L4POGO
ff828e70 D4LB4B                           ff830cf0 L4AM4B
ff828d50 D4MF4A                           ff830dd0 L4BZ3C
ff8292f0 D4MP4D                           ff830ef0 L3RR3Z
ff82a1f0 D4NM3B                           ff831010 L4BC3D
ff82a090 D4PJ4A                           ff8310b0 L4HM3A
ff827f50 D4PN5A                           ff8311b0 L1TT5A
ffd7dc60 D4PN5L04                         ff831290 L4AH4A
ffd7dcf0 D4PN5L05                         ff831370 L4WA4B
ff82bd70 D4POGO                           ff8314b0 L3ZS3A
ff82c170 D4PS3A                           ff831510 L4NM3B
ff829d70 D4PU3C                           ff8315f0 R3MS3Z
ff828070 D4RG3A                           ff8316b0 R3FD3B
ff82a290 D4SK4A                           ff8317d0 R3PG3B
ff828010 D4SQ4A                           ff831910 R4CS4A
ff828ed0 D4ST4E                           ff831a10 R4BK3D
ff82bff0 D4SW4C                           ff831ab0 R2ST2C
ff82a330 D4TH4A                           ff831b30 R3RG3B
ff82a5f0 D4TW4B                           ff831d30 R3PN5A
ff829f70 D4WA4A                           ff831df0 R2CT2E
ff82b710 D4WL2A                           ff831f50 R4PS3A
ff82ac30 D4WL4A                           ff831ff0 R2WL1A
ff8290b0 D4WL5A                           ff832270 R3TD3A
ff8293b0 D4YR3B                           ff832390 R2MK3A
ff8289f0 D5GD3A                           ff832410 R4SB4A
ff8278b0 D5GD4A                           ff832550 R3DD3C
ff829490 D5WN5B                           ff8325f0 R2PU3A
ff82b030 D5WN5Z                           ff8326f0 R3ZR3C
01163e60 DAM_MULT                         ff8327d0 R3HG3B
fffcfd10 DAVEMSK1                         ff832890 R3AB3A
fffcfda0 DAVEMSK2                         ff8328f0 R3ZS3C
fffcfe30 DAVEMSK3                         ff832950 R3MS3Q
fffcfec0 DAVEMSK4                         ff8329d0 R3DC3C
ffd97a10 DBELL01                          ff832ad0 R4LB4Z
ffd97ab0 DBELL02                          ff832b50 R3RN3D
ffd97b50 DBELL03                          ff832d10 R1TT5Z
ffd97bf0 DBELL04                          ff832d90 R1TR5Z
ffd97c90 DBELL05                          ff832e10 R4UP3C
ffd97d30 DBELL06                          ff832f10 R2BC3B
ffd97dd0 DBELL07                          ff833010 R3RR3Z
ffd97e70 DBELL08                          ff833110 R4PJ4B
ffd97f10 DBELL09                          ff8331d0 R4GH3A
ffd97fb0 DBELL10                          ff833290 R4PF4B
ffd98050 DBELL11                          ff833390 R2KM3X
ffd980f0 DBELL12                          ff8333b0 R4TW4Z
ffd98190 DBELL13                          ff833430 R3TN3X
ffd98230 DBELL14                          ff8334d0 R3AM3D
ffd982d0 DBELL15                          ff8335b0 R2WL2A
ffd2d610 DBELL_P                          ff833830 R4AH4C
ff917570 DBV                              ff8338f0 R4BO3Z
ffd2ba40 DCLIQU3                          ff833a30 R3RC3R
01163270 DCODE                            ff833ab0 R4AM3X
ffd9e4f0 DDT                              ff833bb0 R2WL4B
ff9666f0 DEC_HSR                          ff833e50 R4AE4B
ff8d1100 DEFAULT_SOUND_TABLE              ff833fd0 R2BK3E
ff91df10 DEF_PAGE                         ff833ff0 R4WA4C
ff803810 DELBOBJ                          ff834110 R4FC3B
ff9684e0 DELETE_ANY_OFF_TOP               ff8341f0 R4MP4D
ff803850 DELOBJA8                         ff834310 R2PF2B
ff803860 DELOBJ                           ff834410 R4BC3A
ff803ad0 DELOBJDIE                        ff834510 R4WL5A
fffcff50 DEWY1                            ff834750 R4BZ4A
fffcffe0 DEWY2                            ff834770 R4SW4D
fffd0070 DEWY3                            ff834890 R4KM3A
fffd0100 DEWY4                            ff8349d0 R4ST4G
ff921ad0 DIAG                             ff834a50 R4LD4A
010f2a40 DIAG0                            ff834b30 R4AM4B
010f2a60 DIAG1                            ff834bb0 R3DU3B
ff9342e0 DIAGCPUTEST                      ff834bf0 R3RZ3S
ffd9df50 DIAGLGO_B                        ff834d30 R3GU2A
ffd9dec0 DIAGLGO_R                        ff834e50 R2AH2D
ffd17540 DIAGP                            ff834ed0 R3GU4A
ff923f90 DIAG_COLORS                      ff834fd0 R4GF3B
ff921dc0 DIAG_EX                          ff835110 R3BF3A
ff923c60 DIGSRT                           ff835210 R3ZR3B
fffc52c0 DIPCOINTAB                       ff835270 R2AE2A
0105c140 DISPLAYON                        ff835370 R4NM3C
ff801310 DISPLAY                          ff8354b0 R4YR3A
ffd87470 DISQDS01                         ff835530 R4WP5C
ffd87500 DISQDS02                         ff835630 R3BR3Z
ffd87590 DISQDS03                         ff835690 R4CO4A
ffd87620 DISQDS04                         ff835790 R3RL1B
ffd876b0 DISQDS05                         ff8358f0 R4PU3A
ffd87740 DISQDS06                         ff8359f0 R3GP3Z
ffd877d0 DISQDS07                         ff835af0 R5RV5A
ffd87860 DISQDS08                         ff835d10 R3RG3Z
ffd86150 DISQUA01                         ff835d70 R3AM3X
ffd861e0 DISQUA02                         ff835d90 R4WL4A
ffd86270 DISQUA03                         ff835fd0 R4FT3A
ffd86300 DISQUA04                         ff8360d0 R2MP2A
ffd86390 DISQUA05                         ff8361f0 R3LE3A
ffd86420 DISQUA06                         ff836250 R4SW4Z
ffd864b0 DISQUA07                         ff8362d0 R4JD4A
ffd86540 DISQUA08                         ff836390 R3RD3D
ffd865d0 DISQUA09                         ff8364d0 R4WL2A
ffd2dd40 DIZZY_P                          ff836750 R4MF4B
ffcf3a40 DKCUR_P                          ff836870 R3CR3A
ffd62070 DKMUGA_P                         ff8369f0 R2TW2Z
ffd63020 DKMUGB_P                         ff836a70 R4POGO
ffd63ff0 DKMUGC_P                         ff836ad0 R3HB3A
ffd64fd0 DKMUGD_P                         ff836b10 S2PU3C
ffd65fd0 DKMUGE_P                         ff836bf0 S3GU4A
ffd66fd0 DKMUGF_P                         ff836cf0 S4WL4C
ffd67fc0 DKMUGG_P                         ff836f30 S3RN3A
ffd68f80 DKMUGH_P                         ff8370d0 S4BF3A
ffda75f0 DKMUG_A                          ff837130 S4AE3B
ffda7680 DKMUG_B                          ff837230 S3FL3X
ffda7710 DKMUG_C                          ff837270 S4MP4C
ffda77a0 DKMUG_D                          ff837350 S3UC3Z
ffda7830 DKMUG_E                          ff837370 S4WA4B
ffda78c0 DKMUG_F                          ff837490 S3GP3X
ffda7950 DKMUG_G                          ff837570 S3SK3A
ffda79e0 DKMUG_H                          ff837630 S4SB4B
0104af70 DMAQ                             ff837730 S4PJ3E
01000210 DMAQCUR                          ff8377f0 S1TT5Z
ffdb1f40 DNK3                             ff837870 S3DD3B
ffd75c20 DNK3P                            ff8378f0 S4BC3A
ffd1dcf0 DNKBLU_P                         ff837990 S3RS3A
ffcfe7d0 DNKGRN_P                         ff837a50 S4YR3A
ffcfebe0 DNKGRY_P                         ff837ad0 S2TW2B
ffd01070 DNKORG_P                         ff837b50 S2WL8A
ffd00c60 DNKPNK_P                         ff837d50 S2BC3B
ffcfe3c0 DNKPRP_P                         ff837e10 S3MF3B
ffd01480 DNKRED_P                         ff837ef0 S4BZ4A
ffd01890 DNKYEL_P                         ff837f10 S3BH3A
ffd9e580 DOBLSNAP                         ff838010 S4KI3I
ff929d20 DOBORDER                         ff838130 S3RR3Z
ffd7a9c0 DOINK                            ff838250 S2NM3A
ffd81bb0 DOINK_STAND                      ff838330 S4CO4A
01116d40 DONE_HOWARD                      ff838430 S4TI4B
ffd86660 DOUBLE01                         ff8384b0 S3GA3A
ffd866f0 DOUBLE02                         ff8385d0 S3AB3A
ffd86780 DOUBLE03                         ff838630 S3CF3Z
ffd86810 DOUBLE04                         ff8386f0 S3GU2A
ffd868a0 DOUBLE05                         ff838810 S4MP4D
ffd86930 DOUBLE06                         ff838910 S4AH3D
ffd869c0 DOUBLE07                         ff8389d0 S2AE3A
ffd86a50 DOUBLE08                         ff838ad0 S2PJ3C
ffd86ae0 DOUBLE09                         ff838af0 S4KI3Q
ffd83910 DOUBPERF                         ff838c10 S3ZI3A
ff915170 DO_ADJH                          ff838d70 S2ST2C
ff9705b0 DO_BEATEN_GAME                   ff838e90 S4PJ3F
ff915e60 DO_BIG_LINE                      ff838f90 S1TR5Z
ff8e0d20 DO_BLOCKED                       ff839010 S4TD3F
ff8e09c0 DO_BLOCK_SND                     ff839130 S2WL1A
ff8dfb20 DO_BRET_PUSH                     ff839350 S2AH3A
ff8e0250 DO_CHOKE                         ff839410 S4AM3A
ff9ae590 DO_COMBO_MESS                    ff8394f0 S3BO3A
ffce4ae0 DO_CROWD_CHEER                   ff8395f0 S4GH3C
ff8dfb60 DO_DOINK_PUSH                    ff8396b0 S4GH3A
ff8e00f0 DO_DOINK_SLAM                    ff8397b0 S4GF3B
ff8a6780 DO_EYES                          ff8398d0 S2PJ3D
ff8df9c0 DO_FLAME_HIT_SND                 ff8399d0 S3KT3A
ff8df8d0 DO_FLAME_SND                     ff839ab0 S3RL3A
ff9c31c0 DO_FLASH                         ff839bf0 S3FD3X
ffc13200 DO_GRUNT                         ff839cf0 S2MP2A
ff8fb100 DO_HINTS                         ff839dd0 S4KM3C
ff9c3ae0 DO_JASON_CROWD                   ff839ed0 S3SG3A
ff8dfae0 DO_LEX_PUSH                      ff839fb0 S3UC3X
ff8e0440 DO_NONO                          ff83a0b0 S4WL5B
ff8e03f0 DO_OTHERNONO                     ff83a2b0 S4LB3A
ff8dfbe0 DO_RAZOR_PUSH                    ff83a3d0 S4WB4B
ff8e0bf0 DO_RAZOR_RUG_SPEECH              ff83a4d0 S4NM3A
ff8dd230 DO_REVERSAL                      ff83a590 S4SK3Y
ff9addb0 DO_REVERSAL_MESS                 ff83a6b0 S4GS3C
ff8e0f20 DO_SCREAM                        ff83a810 S3BR3Z
ff84fae0 DO_SET_IMAGES                    ff83a870 S3CR3A
ff8dfba0 DO_SHAWN_PUSH                    ff83a8f0 S4WL2A
ff9708d0 DO_TAG_GAME                      ff83aaf0 S4FG3A
ff9c4130 DO_TONY_CROWD                    ff83ab30 S3PN5C
ff9c47e0 DO_VOGEL_CROWD                   ff83abb0 S3OS3X
ff8dffb0 DO_WAIL                          ff83acf0 S4BK3A
ffd2e4c0 DPLT_B_P                         ff83ad90 S4TW4C
ffd29510 DPLT_P2P                         ff83ae10 S3BF3A
ffd18480 DPLT_R_P                         ff83aef0 S2KM3A
ffd22f70 DPLT_W_P                         ff83b010 S2WL2B
ff9bc3e0 DRKTRPLTP                        ff83b230 S3ZS3A
ffd825b0 DRONMETR                         ff83b290 S4LD4A
ff946300 DSCRCLR                          ff83b390 S3OS3Z
ff9b9ac0 DUMRETS                          ff83b3b0 S3TN3X
ffd17280 DUXPAL                           ff83b450 S4PT3B
ffcf56e0 ELBKPALS                         ff83b570 S3KF3C
ffd9e610 ELBOWDRP                         ff83b610 S3CP3B
ffd9c550 ELIMMTCH                         ff83b6f0 S4CD3A
01117230 ENDLESS_SOUND                    ff83b7f0 S3PM4B
ff8df1c0 END_MATCH_SPEECH                 ff83b810 S4MK3A
ff80ec10 ERASE_TXT                        ff83b8f0 S4PS3A
ffcf6bf0 ERPALS                           ff83b970 S2AM3A
ff8fb0b0 ERRORLOG                         ff83ba50 S2CT2A
fffd2c50 EUG1                             ff83bb10 S3MS3Z
fffd2ce0 EUG2                             ff83bbd0 S4PU3D
fffd2d70 EUG3                             ff83bcb0 S3DC3A
fffd2e00 EUG4                             ff83bdb0 S4ST4C
ffd9f9c0 EUGMUG                           ff83bef0 S4SW4A
ffd30610 EUGMUG_P                         ff83c030 S4POGO
ffd820f0 EUGTIP                           ff83c090 U3FH3A
ff803ec0 EXISTOBJ                         ff83c130 U3GD2A
ff819da0 EXISTP                           ff83c230 U2CT2C
ffd9e6a0 EYERAKER                         ff83c2f0 U4BK3C
ffd9e730 FACESLAM                         ff83c390 U3SU2B
ff91df20 FAC_SET                          ff83c490 U3DC3A
ff951540 FAC_STUF                         ff83c590 U4MP4A
0105ed20 FADERAM                          ff83c670 U4SB4A
ff8e2200 FADE_MASTER_VOL                  ff83c770 U3CP3B
ffcf5c80 FARCRDP2                         ff83c850 U3AE4A
ffd0a210 FARCRD_P                         ff83c930 U2KB3A
ffd83880 FASTVIC                          ff83ca10 U2NM3A
ffd2b620 FGR2YL_P                         ff83cad0 U4FT3A
ffd8d380 FGRN2YEL                         ff83cbf0 U2MP2A
ff810250 FILLAREA                         ff83ccf0 U4LB4A
011b4640 FINAL_BATTLE_LINEUP              ff83cdb0 U4JK4A
011b46c0 FINAL_PTR                        ff83ce90 U3CR3B
ff8e0600 FIND_AND_KILL_ENDLESS            ff83cfd0 U3DD3A
ff977f90 FIND_LOW_TABLE_LEVEL             ff83d0f0 U2TW2A
ffd7d2d0 FIRBAL01                         ff83d190 U4BC3A
ffd7d360 FIRBAL02                         ff83d290 U4PS3A
ffd7d3f0 FIRBAL03                         ff83d370 U4YR3B
ffd7d480 FIRBAL04                         ff83d3f0 U4GH3Z
ffd7d510 FIRBAL05                         ff83d4d0 U3SU4A
ffd7d5a0 FIRBAL06                         ff83d5d0 U3RS3A
ffd7d630 FIRBAL07                         ff83d690 U3DD3B
ffd7d6c0 FIRBAL08                         ff83d750 U4KB3A
ffd7d750 FIRBAL09                         ff83d810 U4WL5A
ffd7d7e0 FIRBAL10                         ff83d950 U3MS3B
ffd1d910 FIRBAL_P                         ff83da90 U1TR5A
ffda38c0 FIREBALL1                        ff83db30 U4JD4A
ffda3950 FIREBALL2                        ff83dbd0 U4UP3C
ffda39e0 FIREBALL3                        ff83dc70 U4WA4B
ffda3a70 FIREBALL4                        ff83dd90 U2PL3A
ffda3b00 FIREBALL5                        ff83de70 U4BZ4A
ffda3b90 FIREBALL6                        ff83de90 U3RR3Z
ffd34410 FIREBL_P                         ff83df70 U4BG3A
ffda9060 FIREHIT01                        ff83e030 U4ST4D
ffda90f0 FIREHIT02                        ff83e0d0 U2KM3B
ffda9180 FIREHIT03                        ff83e1d0 U3SU3A
ffda9210 FIREHIT04                        ff83e2d0 U4PM3C
ffd9e7c0 FIRESPL                          ff83e3b0 U4WL4A
ffd9e850 FIRSTATT                         ff83e550 U2AH3A
ff9ac7c0 FIRSTATT_MESS                    ff83e5f0 U3PP3X
ffd9dd10 FIRSTFAL                         ff83e6b0 U4JP4C
ffd95e90 FISHF01                          ff83e710 U4NM3A
ffd95f30 FISHF02                          ff83e7d0 U4KM3E
ffd95fd0 FISHF03                          ff83e8d0 U3TN3B
ffd96070 FISHF04                          ff83e970 U4PL3A
ffd96110 FISHF05                          ff83ea50 U3ZS3B
ffd961b0 FISHT01                          ff83eab0 U4AH3A
ffd96250 FISHT02                          ff83eb50 U3TBSM
ffd962f0 FISHT03                          ff83ecb0 U3GD4A
ffd96390 FISHT04                          ff83ed30 U3MS3Z
ffd96430 FISHT05                          ff83edf0 U4CO4B
ffd964d0 FISHT06                          ff83eef0 U1TT5A
ffd96570 FISHT07                          ff83ef90 U4TI4C
ffd96610 FISHT08                          ff83f010 U2AM2A
ffd966b0 FISHT09                          ff83f0b0 U4AM4C
ffd96750 FISHT10                          ff83f170 U4BF3A
ffd967f0 FISHT11                          ff83f1b0 U4FG3A
ffd96890 FISHT12                          ff83f210 U3GP3X
ffd96930 FISHT13                          ff83f2d0 U3DD3X
ffd969d0 FISHT14                          ff83f2f0 U2NS3X
ffd96a70 FISHT15                          ff83f430 U2WL2A
ffd2d220 FISH_P                           ff83f5b0 U2WL1A
ffd83760 FIVEWIN                          ff83f6d0 U4BF3Z
ffda1280 FLAMEA01                         ff83f7b0 U3CF3Q
ffda1310 FLAMEA02                         ff83f830 U4TW4A
ffda13a0 FLAMEA03                         ff83f8d0 U3RN3A
ffda1430 FLAMEA04                         ff83f9d0 U2BC3A
ffda14c0 FLAMEA05                         ff83fad0 U4GH3A
ffda1550 FLAMEA06                         ff83fb70 U2ST2C
ffda15e0 FLAMEA07                         ff83fc10 U3CR3A
ffda1670 FLAMEA08                         ff83fd90 U3FD3B
ffda1700 FLAMEA09                         ff83fe70 U3DU3B
ffda1790 FLAMEA10                         ff83ff10 U5RV5A
fff99760 FLASH01                          ff83ffd0 U2JP2C
fff997f0 FLASH02                          ff8400f0 U2LN2A
fff99880 FLASH03                          ff8401b0 U3FD3X
fff99910 FLASH04                          ff840270 U3AB3A
[...]
ffc6e410 und_climbthru_bot_anim           fffa2da0 WSF14_S
ffc6d110 und_climbthru_side_anim          fffa2e10 WSF14_T
ffc6ede0 und_climbthru_top_anim           fffa2e80 WSF14_U
ffcd3710 und_coffin_up                    fffa2ef0 WSF14_V
ffc56aa0 und_combo_butt_anim              fffa2f60 WSF14_W
ffc5d860 und_combo_flying_butt_drop_anim  fffa2fd0 WSF14_X
ffc6b910 und_combo_flying_kick_anim       fffa3040 WSF14_Y
ffc59a00 und_combo_kick_anim              fffa30b0 WSF14_Z
ffc7f4e0 und_combo_neckbreaker_anim       fffa3120 WSF14_0
ffc4f700 und_combo_punch_anim             fffa3190 WSF14_3
ffc513b0 und_combo_slap_anim              fffa3200 WSF14_4
ffc730b0 und_combo_sliding_choke_anim     fffa3270 WSF14_5
ffc83250 und_combo_snapmirror_anim        fffa32e0 WSF14_6
ffc5b8d0 und_combo_super_kick_anim        fffa3350 WSF14_7
ffc7c1f0 und_combo_tombstone_anim         fffa33c0 WSF14_8
ffc71cd0 und_combo_tombstone_smash_anim   fffa3430 WSF14_9
ffc50940 und_combo_uppercut_anim          fffa34a0 WSF14COM
ffc68df0 und_dizzy_anim                   fffa3510 WSF14PER
ffc67d30 und_faceup_getup_anim            fffa3580 WSF14SLS
ffc66aa0 und_fall_back2_anim              fffa35f0 WSF14QUE
ffc66310 und_fall_back_anim               fffa3660 WSF14EXC
ffc67990 und_fall_back_tbukl_anim         fffa36d0 WSF14DOL
ffc5df40 und_flying_butt_drop_anim        fffa3740 WSF14AND
ffc6a810 und_flying_kick2_anim            fffa37b0 WSF14PCT
ffc6ab10 und_flying_kick_anim             fffa3820 WSF14NUM
ffc69810 und_flyout2_anim                 fffa3890 WSF14PRL
ffc69550 und_flyout_anim                  fffa3900 WSF14APO
ffc871a0 und_get_buzz_anim                fffa3970 WSF10_A
ffc68550 und_getup2_anim                  fffa3a00 WSF10_B
ffc683a0 und_getup_anim                   fffa3a90 WSF10_C
ffc63f10 und_head_hit2_anim               fffa3b20 WSF10_D
ffc642c0 und_head_hit2s_anim              fffa3b90 WSF10_E
ffc64570 und_head_hit_dizzy_anim          fffa3c00 WSF10_F
ffc6fe50 und_heldoh_anim                  fffa3c70 WSF10_G
ffc65df0 und_hitonground_anim             fffa3ce0 WSF10_H
ffc65de0 und_hitonground_xflip_anim       fffa3d50 WSF10_I
ffc58ad0 und_kick_TB_anim                 fffa3dc0 WSF10_J
ffc6cdb0 und_knockdwn_anim                fffa3e30 WSF10_K
ffaa41d0 und_leg_anims_table              fffa3ea0 WSF10_L
ffc66100 und_liedown_anim                 fffa3f10 WSF10_M
ffc800f0 und_neckbreaker2_anim            fffa3f80 WSF10_N
ffc80370 und_neckbreaker3_anim            fffa3ff0 WSF10_O
ffc80760 und_neckbreaker_anim             fffa4060 WSF10_P
ffc86670 und_neckbroken_anim              fffa40d0 WSF10_Q
ffc7ce20 und_pile_anim                    fffa4140 WSF10_R
ffc65870 und_quick_knee_hit_anim          fffa41b0 WSF10_S
ffc6a580 und_roll_frames                  fffa4220 WSF10_T
ffc6f460 und_rollthru_top_anim            fffa4290 WSF10_U
ffaa3fd0 und_rotate_anims_table           fffa4300 WSF10_V
ffc4e360 und_run2_anim                    fffa4370 WSF10_W
ffc4e3d0 und_run_anim                     fffa43e0 WSF10_X
ffc8dd70 und_slambounce2_anim             fffa4450 WSF10_Y
ffc8d9d0 und_slambounce_anim              fffa44c0 WSF10_Z
ffc8d750 und_slamnobounce_anim            fffa4530 WSF10_0
ffc745f0 und_sliding_choke_anim           fffa45a0 WSF10_1
ffa8c290 und_smove_table                  fffa4610 WSF10_2
ff889cf0 und_spirit_pull                  fffa4680 WSF10_3
ffc8e5c0 und_spirit_pull_anim             fffa46f0 WSF10_4
ffc8ebd0 und_spirit_push_anim             fffa4760 WSF10_5
ff889d10 und_spirit_push                  fffa47d0 WSF10_6
ffc4b620 und_stand2_anim                  fffa4840 WSF10_7
ffc4b7f0 und_stand4_anim                  fffa48b0 WSF10_8
ffc4b7f0 und_stand6_anim                  fffa4920 WSF10_9
ffc4b620 und_stand8_anim                  fffa4990 WSF10PCT
ffc5e600 und_tbukl_butt_drop_anim         fffa4a00 WSF10EXC
ff898330 und_tombbits                     fffa4a70 WSF10COM
ff897fb0 und_tombbits2                    fffa4ae0 WSF10PER
ffc705c0 und_tombstone_smash_anim         fffa4b50 WSF10DSH
ffc4b9c0 und_torso2_anim                  fffa4bc0 WSF10NUM
ffc4bb50 und_torso4_anim                  fffa4c30 remaining
ffc4bb50 und_torso6_anim                  fffa4ca0 WSF10APO
ffc4b9c0 und_torso8_anim                  fffa74f0 MEN_ADJ
ffaa49d0 und_torso_anims_table            fffb7e60 MEN_MAIN
ffc6c900 und_tossed2_anim                 fffb9240 MEN_YN
ffc6c630 und_tossed_anim                  fffbb350 MESS_MM
ffc66170 und_up_anim                      fffbcbc0 MESS_FAC
ffaa3dd0 und_velocity_table               fffc52c0 DIPCOINTAB
ffc4bce0 und_walk1_f2_anim                fffc5768 USA_1
ffc4c8e0 und_walk1_f4_anim                fffc57a0 USA_2
ffc4bea0 und_walk2_f2_anim                fffc57d0 USA_3
ffc4cad0 und_walk2_f4_anim                fffc5800 USA_4
ffc4c0f0 und_walk4_f2_anim                fffc5960 USA_ELECTITLE
ffc4ccc0 und_walk4_f4_anim                fffc59a0 FRENCH_ELECTITLE
ffc4c2e0 und_walk5_f2_anim                fffc5a00 GERMAN_ELECTITLE
ffc4cf40 und_walk5_f4_anim                fffc5ac0 GERMAN_1
ffc4c4a0 und_walk6_f2_anim                fffc5b10 GERMAN_2
ffc4d130 und_walk6_f4_anim                fffc5b60 GERMAN_3
ffc4c6f0 und_walk8_f2_anim                fffc5bb0 GERMAN_4
ffc4d320 und_walk8_f4_anim                fffc5c50 FRENCH_1
ffc4b5e0 und_zip_anim                     fffc5ca0 FRENCH_2
0110a730 up_dtime1                        fffc5cf0 FRENCH_3
ff9a52a0 update_credit_msg                fffc5d40 FRENCH_4
ff86ded0 update_timer                     fffcddc0 TWO_TS
011050d0 vln_left_fence                   fffce050 TWO_TP
010f92b0 vln_left_matedge                 fffce420 HORZTRN1
010fda50 vln_left_matedge2                fffce4b0 HORZTRN2
010f5a30 vln_left_rope                    fffce7d0 FUJI01
010ffe70 vln_right_fence                  fffce8b0 FUJI02
010fb630 vln_right_matedge2               fffce990 FUJI03
010f6f30 vln_right_matedge                fffcea70 FUJI04
010f4530 vln_right_rope                   fffceb50 WATER01
ff8f8b70 wait_on_butn                     fffcec30 WATER02
ff909d30 wgsf24_ascii                     fffced10 WATER03
011172b0 which_one_first                  fffcedf0 WATER04
01163400 which_player                     fffceed0 WATER05
01117290 which_table                      fffcefb0 WATER06
ffb26380 win_announce                     fffcf090 WATER07
ff90dd30 win_ascii                        fffcf170 BLUURN01
ff970c60 winstreak_check                  fffcf250 BLUURN02
ff8d53e0 wmania_tune                      fffcf330 BLUURN03
ff85cf00 wobble_ropes                     fffcf410 BLUURN04
ffcdcef0 wres_collis_off                  fffcf4f0 BLUURN05
ff866640 wres_get_but_val_cur             fffcf5c0 ALEX1
ff866590 wres_get_but_val_down            fffcf650 ALEX2
ff8666f0 wres_get_but_val_up              fffcf6e0 ALEX3
ff866850 wres_get_stick_rel_cur           fffcf770 ALEX4
ff866960 wres_get_stick_rel_new           fffcf800 CARLO1
ff8667a0 wres_get_stick_val_cur           fffcf890 CARLO2
ff866db0 wres_get_stick_val_down          fffcf920 CARLO3
ff866e60 wres_get_stick_val_up            fffcf9b0 CARLO4
011b7ca0 wres_mv_done                     fffcfa40 CRAZY1
ff87ffb0 wres_slave_anim                  fffcfad0 CRAZY2
010f3170 wrest_joystat                    fffcfb60 CRAZY3
ff986750 wrestler_attributes              fffcfbf0 CRAZY4
ff97bd20 wrestler_audits                  fffcfc80 CRAZY5
010f44f0 wrestler_count_proc              fffcfd10 DAVEMSK1
ff86e0c0 wrestler_counter                 fffcfda0 DAVEMSK2
010f44e0 wrestler_count                   fffcfe30 DAVEMSK3
ff9ebcd0 wrestler_hit_special             fffcfec0 DAVEMSK4
ff9ed0c0 wrestler_hit                     fffcff50 DEWY1
ff987310 wrestler_mugs                    fffcffe0 DEWY2
ff987430 wrestler_mugs2                   fffd0070 DEWY3
011b7ae0 wrestler_number                  fffd0100 DEWY4
ff865b30 wrestler_veladd                  fffd0190 GEORGE1
010f3f90 wrestler_x                       fffd0220 GEORGE2
010f4090 wrestler_y                       fffd02b0 GEORGE3
010f4190 wrestler_z                       fffd0340 GEORGE4
ff8d6870 wrtable_sound                    fffd03d0 JAKE1
ff90ad30 wsf10_ascii                      fffd0460 JAKE2
ff90bd30 wsf14_ascii                      fffd04f0 JAKE3
ffcec950 wwfblankBMOD                     fffd0580 JAKE4
ffced7d0 wwfselbkBMOD                     fffd0610 JAMIE1
ffd9c8b0 xDAMAGE                          fffd06a0 JAMIE2
ff9f5a10 xxx_aborted_attach_anim          fffd0730 JAMIE3
ffac73a0 xxx_burn_anim                    fffd07c0 JAMIE4
ff86c490 xxx_dead_anim                    fffd0850 JAMIE5
ffb74970 xxx_get_face_rake2_anim          fffd08e0 JAMIE6
ffb74800 xxx_get_face_rake_anim           fffd0970 JOHNC1
ff9f5e20 xxx_goto_stand_anim              fffd0a00 JOHNC2
ffcca9c0 yok_2_bncoff_anim                fffd0a90 JOHNC3
ffccaf50 yok_2_bncoff_gate_anim           fffd0b20 JOHNC4
ffccc7f0 yok_2_body_hit_anim              fffd0bb0 JOSH1
ffc9e4e0 yok_2_grabfling_anim             fffd0c40 JOSH2
ffc9c2c0 yok_2_gut_push_anim              fffd0cd0 JOSH3
ffcaaeb0 yok_2_hair_pickup_anim           fffd0d60 JOSH4
ffccb350 yok_2_head_hit2_anim             fffd0df0 JOY1
ffccba90 yok_2_head_hit3_anim             fffd0e80 JOY2
ffcca4e0 yok_2_head_hit_anim              fffd0f10 JOY3
ffcb4ac0 yok_2_hiptoss2_anim              fffd0fa0 JOY4
ffcb4e60 yok_2_hiptoss_anim               fffd1030 JOY5
ffca5450 yok_2_jabs_anim                  fffd10c0 MARINE1
ffc96160 yok_2_kick_anim                  fffd1150 MARINE2
ffc996e0 yok_2_knee_anim                  fffd11e0 MARINE3
ffccd8f0 yok_2_knee_hit_anim              fffd1270 MARINE4
ffc94150 yok_2_lbowdrop_anim              fffd1300 NEWCOM1
ffca3240 yok_2_pin_anim                   fffd1390 NEWCOM2
ffc93260 yok_2_punch_anim                 fffd1420 NEWCOM3
ffca40e0 yok_2_raise_arm_anim             fffd14b0 NEWCOM4
ffca6e20 yok_2_run_slap_anim              fffd1540 SAL1
ffcc91b0 yok_2_salt_anim                  fffd15d0 SAL2
ffca7040 yok_2_slap2_anim                 fffd1660 SAL3
ffc96f40 yok_2_stomp_anim                 fffd16f0 SAL4
ffc9acf0 yok_2_superkick_anim             fffd1780 SDCRD1A
ffc91f80 yok_2_to_4_turn2_anim            fffd1810 SDCRD1B
ffc919a0 yok_2_to_4_turn_anim             fffd18a0 SDCRD1C
ffc92510 yok_2_to_6_turn2_anim            fffd1930 SDCRD2A
ffc91e40 yok_2_to_6_turn_anim             fffd19c0 SDCRD2B
ffc92280 yok_2_to_8_turn2_anim            fffd1a50 SDCRD2C
ffc91c20 yok_2_to_8_turn_anim             fffd1ae0 SDCRD3A
ffc98ce0 yok_3_butt_drop_anim             fffd1b70 SDCRD3B
ffcaeca0 yok_3_fake_hold_anim             fffd1c00 SDCRD3C
ffcaa6f0 yok_3_head_held_anim             fffd1c90 SDCRD4A
ffcaa910 yok_3_head_held_brk_anim         fffd1d20 SDCRD4B
ffcaadc0 yok_3_head_held_stand_anim       fffd1db0 SDCRD4C
ffcaee00 yok_3_head_hold2_anim            fffd1e40 SERG1
ffcaf040 yok_3_head_hold_anim             fffd1ed0 SERG2
ffcc9c30 yok_4_block_anim                 fffd1f60 SERG3
ffccac70 yok_4_bncoff_anim                fffd1ff0 SERG4
ffccb1e0 yok_4_bncoff_dizzy_anim          fffd2080 SERG5
ffccb080 yok_4_bncoff_gate_anim           fffd2110 SHERID1
ffcccb60 yok_4_body_hit_anim              fffd21a0 SHERID2
ffccd190 yok_4_body_hit_dizzy_anim        fffd2230 SHERID3
ffc9e610 yok_4_grabfling_anim             fffd22c0 SHERID4
ffc9c7c0 yok_4_gut_push_anim              fffd2350 SHERID5
ffcaaf60 yok_4_hair_pickup_anim           fffd23e0 SHERID6
ffccb350 yok_4_head_hit2_anim             fffd2470 SHERID7
ffccb790 yok_4_head_hit2s_anim            fffd2500 SHERID8
ffccbe10 yok_4_head_hit3_anim             fffd2590 TOBIAS1
ffccc1b0 yok_4_head_hit4_anim             fffd2620 TOBIAS2
ffcca750 yok_4_head_hit_anim              fffd26b0 TOBIAS3
ffccc450 yok_4_head_hit_dizzy_anim        fffd2740 TOBIAS4
ffcb4a00 yok_4_hiptoss2_anim              fffd27d0 TURMEL1
ffcb4da0 yok_4_hiptoss_anim               fffd2860 TURMEL2
ffcc9f30 yok_4_hitblock2_anim             fffd28f0 TURMEL3
ffcc9e10 yok_4_hitblock_anim              fffd2980 TURMEL4
ffca5550 yok_4_jabs_anim                  fffd2a10 VOGEL1
ffc96850 yok_4_kick_anim                  fffd2aa0 VOGEL2
ffc9a440 yok_4_knee2_anim                 fffd2b30 VOGEL3
ffc9a510 yok_4_knee_anim                  fffd2bc0 VOGEL4
ffccdca0 yok_4_knee_hit_anim              fffd2c50 EUG1
ffccd520 yok_4_knee_hit_dizzy_anim        fffd2ce0 EUG2
ffc949a0 yok_4_lbowdrop_anim              fffd2d70 EUG3
ffcca140 yok_4_losebal_anim               fffd2e00 EUG4
ffca32f0 yok_4_pin_anim                   fffd2e90 JAK1
ffc937e0 yok_4_punch_anim                 fffd2f20 JAK2
ffc93d30 yok_4_push_anim                  fffd2fb0 JAK3
ffca4220 yok_4_raise_arm_anim             fffd3040 JAK4
ffca7ba0 yok_4_run_slap_anim              fffd30d0 JAK5
ffcc9280 yok_4_salt_anim                  fffd3160 MANC1
ffca7dc0 yok_4_slap2_anim                 fffd31f0 MANC2
ffc979d0 yok_4_stomp_anim                 fffd3280 MANC3
ffc9ad90 yok_4_superkick_anim             fffd3310 MANC4
ffcaca60 yok_4_taunt_anim                 fffd33a0 MANC5
ffc92090 yok_4_to_2_turn2_anim            fffd3430 PENA1
ffc91a70 yok_4_to_2_turn_anim             fffd34c0 PENA2
ffc921a0 yok_4_to_6_turn2_anim            fffd3550 PENA3
ffc91b40 yok_4_to_6_turn_anim             fffd35e0 PENA4
ffc92360 yok_4_to_8_turn2_anim            fffd3670 SOFI1
ffc91d00 yok_4_to_8_turn_anim             fffd3700 SOFI2
ffca4cb0 yok_4_uppercut_anim              fffd3790 SOFI3
ffc92360 yok_6_to_2_turn2_anim            fffd3820 SOFI4
ffc91d00 yok_6_to_2_turn_anim             fffd38b0 JENI1
ffc921a0 yok_6_to_4_turn2_anim            fffd3940 JENI2
ffc91b40 yok_6_to_4_turn_anim             fffd39d0 JENI3
ffc92090 yok_6_to_8_turn2_anim            fffd3a60 JENI4
ffc91a70 yok_6_to_8_turn_anim             fffd3af0 JASONCRD1
ffc92280 yok_8_to_2_turn2_anim            fffd3b80 JASONCRD2
ffc91c20 yok_8_to_2_turn_anim             fffd3c10 JASONCRD3
ffc92510 yok_8_to_4_turn2_anim            fffd3ca0 JASONCRD4
ffc91e40 yok_8_to_4_turn_anim             fffd3d30 JASONCRD5
ffc91f80 yok_8_to_6_turn2_anim            fffd3dc0 TONYCRD1
ffc919a0 yok_8_to_6_turn_anim             fffd3e50 TONYCRD2
ffcd2820 yok_arm_broken_anim              fffd3ee0 TONYCRD3
ffcd1550 yok_backbroken_anim              fffd3f70 TONYCRD4
ffc92c20 yok_bounce_anim                  fffd4000 TONYCRD5
ffcd05a0 yok_break_face2_anim             fffd4090 FLASH1
ffcd0820 yok_break_face3_anim             fffd4120 FLASH2
ffcd09b0 yok_break_face_anim              fffd41b0 flash1
ffcad550 yok_break_neck2_anim             fffd4240 flash2
ffcad9a0 yok_break_neck3_anim             fffd42d0 flash3
ffcd0d60 yok_break_neck_anim              fffd4360 flash3a
ffcd2320 yok_breakneck2_anim              fffd43f0 flash5
ffca97a0 yok_buckoff_anim                 fffd4480 flash6
ffc9d750 yok_climb_down_anim              fffd4510 flash4
ffc9d350 yok_climb_up_anim                fffd45a0 CHIP1_01
ffca1f70 yok_climbin_bot_anim             fffd4630 CHIP1_03
ffca0e00 yok_climbin_side_anim            fffd46c0 CHIP1_05
ffca2de0 yok_climbin_top_anim             fffd4750 CHIP1_07
ffca18b0 yok_climbthru_bot_anim           fffd47e0 CHIP1_09
ffca04f0 yok_climbthru_side_anim          fffd4870 CHIP1_11
ffca2430 yok_climbthru_top_anim           fffd4900 CHIP1_13
ffc98460 yok_combo_butt_drop_anim         fffd4990 CHIP1_15
ffc9cd10 yok_combo_gut_push_anim          fffd4a20 CHIP1_17
ffcb7b70 yok_combo_heldheadbutt_rpt_anim  fffd4ab0 CHIP1_19
ffcb3940 yok_combo_hiptoss_anim           fffd4b40 CHIP2_01
ffca5fa0 yok_combo_jabs_anim              fffd4bd0 CHIP2_03
ffc951c0 yok_combo_kick_anim              fffd4c60 CHIP2_05
ffc99e00 yok_combo_knee_anim              fffd4cf0 CHIP2_07
ffcc9680 yok_combo_salt_anim              fffd4d80 CHIP2_09
ffcc5cf0 yok_combo_scissor_anim           fffd4e10 CHIP3_01
ffca8940 yok_combo_slap_anim              fffd4ea0 CHIP3_03
ffcbb3d0 yok_combo_spinslam_anim          fffd4f30 CHIP3_05
ffc9b680 yok_combo_superkick_anim         fffd4fc0 CHIP3_07
ffca4690 yok_combo_uppercut_anim          fffd5050 CHIP3_09
ffccfd10 yok_dizzy_anim                   fffd50e0 CHIP3_11
ffccf490 yok_faceup_getup2_anim           fffd5170 CHIP3_13
ffccf370 yok_faceup_getup_anim            fffd5200 CHIP3_15
ffcceb90 yok_fall_back2_anim              fffd5290 CHIP3_17
ffcce420 yok_fall_back_anim               fffd5320 CHIP3_19
ffcae1f0 yok_flyout2_anim                 fffd53b0 CHIP4_01
ffcadec0 yok_flyout_anim                  fffd5440 CHIP4_03
ffc931c0 yok_frnk_recover_anim            fffd54d0 CHIP4_05
ffca9a50 yok_get_buzz_anim                fffd5560 CHIP4_07
ffcc3b60 yok_graboh_TB_anim               fffd55f0 CHIP4_09
ffcc4170 yok_graboh_anim                  fffd5680 CHIP5_01
ffcb88f0 yok_heldheadbutt_rpt_anim        fffd5710 CHIP5_03
ffcace40 yok_heldoh_anim                  fffd57a0 CHIP5_05
ffccff60 yok_hitonground_anim             fffd5830 CHIP5_07
ffccff50 yok_hitonground_xflip_anim       fffd58c0 CHIP5_09
ffc8ff50 yok_holdoh_anim                  fffd5950 CHIP5_11
ffca0130 yok_knockdwn_anim                fffd59e0 CHIP5_13
ffab9ad0 yok_leg_anims_table              fffd5a70 CHIP5_15
ffcd0300 yok_liedown_anim                 fffd5b00 CHIP5_17
ffcbeac0 yok_overhd_slam2_anim            fffd5b90 CHIP5_19
ffcbede0 yok_overhd_slam_anim             fffd5c20 SMWWF2
ffcce050 yok_quick_knee_hit_anim          fffd5cb0 CSELBK_A
ffcd12e0 yok_roll_frames                  fffd5d40 CSELBK_B
ffca2ae0 yok_rollthru_top_anim            fffd5dd0 CSELBK_C
ffab98d0 yok_rotate_anims_table           fffd5e60 CSELBK_D
ffc926c0 yok_run2_anim                    fffd5ef0 CSELBK_E
ffc92790 yok_run_anim                     fffd5f80 CSELBK_F
ff88a7f0 yok_salt_spray                   fffd6010 CSELBV_A
ffcc6d00 yok_scissor_anim                 fffd60a0 CSELBV_B
ffcd1f70 yok_slambounce2_anim             fffd6130 CSELBV_C
ffcd1c80 yok_slambounce_anim              fffd61c0 CSELBV_D
ffcd1a50 yok_slamnobounce_anim            fffd6250 SPKD1_09
ffaa4d10 yok_smove_table                  fffd62e0 SPKD2_09
ffcbcae0 yok_spinslam_anim                fffd6370 SPKD3_09
ffc8f890 yok_stand2_anim                  fffd6400 SPKD4_09
ffc8fac0 yok_stand4_anim                  fffd6490 SPKR1_09
ffc8fac0 yok_stand6_anim                  fffd6520 SPKR2_01
ffc8f890 yok_stand8_anim                  fffd65b0 SPKR3_01
ffc8ff90 yok_stndholdoh_anim              fffd6640 SPKR4_01
ffc9daa0 yok_tbukl_buttdrop_anim          fffd66d0 GLOW1_01
ffc8fcf0 yok_torso2_anim                  fffd6760 GLOW1_02
ffc8fe20 yok_torso4_anim                  fffd67f0 GLOW1_03
ffc8fe20 yok_torso6_anim                  fffd6880 GLOW1_04
ffc8fcf0 yok_torso8_anim                  fffd6910 GLOW1_05
ffaba2d0 yok_torso_anims_table            fffd69a0 GLOW1_06
ffcae700 yok_tossed2_anim                 fffd6a30 GLOW1_07
ffcae300 yok_tossed_anim                  fffd6ac0 GLOW1_08
ffcd0370 yok_up_anim                      fffd6b50 GLOW1_09
ffab96d0 yok_velocity_table               fffd6be0 GLOW2_01
ffcb0740 yok_vsuplex_anim                 fffd6c70 GLOW2_02
ffc90020 yok_walk1_f2_anim                fffd6d00 GLOW2_03
ffc90c80 yok_walk1_f4_anim                fffd6d90 GLOW2_04
ffc90240 yok_walk2_f2_anim                fffd6e20 GLOW2_05
ffc90ed0 yok_walk2_f4_anim                fffd6eb0 GLOW2_06
ffc90430 yok_walk4_f2_anim                fffd6f40 GLOW2_07
ffc910c0 yok_walk4_f4_anim                fffd6fd0 GLOW2_08
ffc90650 yok_walk5_f2_anim                fffd7060 GLOW2_09
ffc91310 yok_walk5_f4_anim                fffd70f0 GLOW3_01
ffc90870 yok_walk6_f2_anim                fffd7180 GLOW3_02
ffc91560 yok_walk6_f4_anim                fffd7210 GLOW3_03
ffc90a60 yok_walk8_f2_anim                fffd72a0 GLOW3_04
ffc91750 yok_walk8_f4_anim                fffd7330 GLOW3_05
ffc8f840 yok_zip_anim                     fffd73c0 GLOW3_06
ffaab050 yoko_ani_init                    fffd7450 edata

[6231 symbols]
