*****************************************************
TMS340 COFF Linker           Version 6.10
*****************************************************
Thu Apr 09 17:23:31 2026

OUTPUT FILE NAME:   <wrestle.out>
ENTRY POINT SYMBOL: "WARMSET"  address: ff851490


MEMORY CONFIGURATION

           name      origin     length     attributes     fill
         --------   --------   ---------   ----------   --------
         SCRATCH    01000000   0003f7300      RWIX      
         SCRATCH2   013f7300   000008d00      RWIX      
         IROM       02000000   000400000      RWIX      
         ROM        ff800000   0007ffc00      RWIX      
         TRAP31     fffffc00   000000400      RWIX      


SECTION ALLOCATION MAP

 output                                  attributes/
section   page    origin      length       input sections
--------  ----  ----------  ----------   ----------------
VECTORS    0    fffffc00    00000400     
                  fffffc00    00000400     main.obj (VECTORS)

unzip      0    01000000    00000000     UNINITIALIZED

FIXED      0    01000000    00000060     
                  01000000    00000060     mproc.obj (FIXED)

OFIXED     0    01000060    00000060     
                  01000060    00000060     display.obj (OFIXED)

.bss       0    010000c0    001b97b0     UNINITIALIZED
                  010000c0    0005c0d0     display.obj (.bss)
                  0105c190    000002c0     main.obj (.bss)
                  0105c450    00000f80     util.obj (.bss)
                  0105d3d0    00051970     pal.obj (.bss)
                  010aed40    00040c80     mproc.obj (.bss)
                  010ef9c0    00002770     bakgnd.obj (.bss)
                  010f2130    000189e0     wrestle.obj (.bss)
                  0110ab10    00000020     wrestle2.obj (.bss)
                  0110ab30    00000060     anim.obj (.bss)
                  0110ab90    00000780     special.obj (.bss)
                  0110b310    000019e0     drone.obj (.bss)
                  0110ccf0    0000a030     award.obj (.bss)
                  01116d20    00000580     dcssound.obj (.bss)
                  011172a0    0004b110     attract.obj (.bss)
                  011623b0    00000620     string.obj (.bss)
                  011629d0    00000120     audit.obj (.bss)
                  01162af0    00000170     test.obj (.bss)
                  01162c60    00000220     diag.obj (.bss)
                  01162e80    00000420     menu.obj (.bss)
                  011632a0    00000100     hstd.obj (.bss)
                  011633a0    00000240     select.obj (.bss)
                  011635e0    00000b10     lifebar.obj (.bss)
                  011640f0    000502b0     screen.obj (.bss)
                  011b43a0    000035b0     progress.obj (.bss)
                  011b7950    00000170     firework.obj (.bss)
                  011b7ac0    00000020     stories.obj (.bss)
                  011b7ae0    00000020     react1.obj (.bss)
                  011b7b00    00000020     bamseq3.obj (.bss)
                  011b7b20    00000020     hrtseq3.obj (.bss)
                  011b7b40    00000010     lexseq2.obj (.bss)
                  011b7b50    00000020     lexseq3.obj (.bss)
                  011b7b70    00000020     rzrseq3.obj (.bss)
                  011b7b90    00000040     shnseq3.obj (.bss)
                  011b7bd0    00000020     undseq3.obj (.bss)
                  011b7bf0    00000040     yokseq3.obj (.bss)
                  011b7c30    00000480     finiseq.obj (.bss)
                  011b80b0    00000060     collis.obj (.bss)
                  011b8110    00001760     crowd.obj (.bss)

.text      0    ff800000    004ef240     
                  ff800000    00008b30     display.obj (.text)
                  ff808b30    00004790     main.obj (.text)
                  ff80d2c0    00007ba0     util.obj (.text)
                  ff814e60    00003400     pal.obj (.text)
                  ff818260    000001a0     --HOLE-- [fill = 0000ffff]
                  ff818400    00001ae0     mproc.obj (.text)
                  ff819ee0    00000120     --HOLE-- [fill = 0000ffff]
                  ff81a000    00002490     bakgnd.obj (.text)
                  ff81c490    00007140     bamimg.obj (.text)
                  ff8235d0    00005da0     bretimg.obj (.text)
                  ff829370    00006a80     doinkimg.obj (.text)
                  ff82fdf0    000067a0     leximg.obj (.text)
                  ff836590    00006580     razorimg.obj (.text)
                  ff83cb10    000069e0     shawnimg.obj (.text)
                  ff8434f0    00006a80     takerimg.obj (.text)
                  ff849f70    00006ce0     yokoimg.obj (.text)
                  ff850c50    000001b0     --HOLE-- [fill = 0000ffff]
                  ff850e00    00017c20     wrestle.obj (.text)
                  ff868a20    00012cb0     wrestle2.obj (.text)
                  ff87b6d0    00010af0     anim.obj (.text)
                  ff88c1c0    000266a0     special.obj (.text)
                  ff8b2860    00000fc0     getup.obj (.text)
                  ff8b3820    000116d0     drone.obj (.text)
                  ff8c4ef0    000105e0     award.obj (.text)
                  ff8d54d0    00017780     dcssound.obj (.text)
                  ff8ecc50    000008f0     patch.obj (.text)
                  ff8ed540    00001740     text.obj (.text)
                  ff8eec80    00000180     --HOLE-- [fill = 0000ffff]
                  ff8eee00    0001d850     attract.obj (.text)
                  ff90c650    0000cae0     string.obj (.text)
                  ff919130    00002160     square.obj (.text)
                  ff91b290    00005a80     adjust.obj (.text)
                  ff920d10    0000acf0     audit.obj (.text)
                  ff92ba00    0000e650     test.obj (.text)
                  ff93a050    000001b0     --HOLE-- [fill = 0000ffff]
                  ff93a200    0001d110     diag.obj (.text)
                  ff957310    00019480     menu.obj (.text)
                  ff970790    00015950     hstd.obj (.text)
                  ff9860e0    0000f850     select.obj (.text)
                  ff995930    000027e0     tables.obj (.text)
                  ff998110    000000f0     --HOLE-- [fill = 0000ffff]
                  ff998200    0000f570     ropes.obj (.text)
                  ff9a7770    0001b2d0     lifebar.obj (.text)
                  ff9c2a40    000001c0     --HOLE-- [fill = 0000ffff]
                  ff9c2c00    00003de0     screen.obj (.text)
                  ff9c69e0    0001c130     progress.obj (.text)
                  ff9e2b10    000067f0     firework.obj (.text)
                  ff9e9300    0000cdd0     stories.obj (.text)
                  ff9f60d0    0000a210     react1.obj (.text)
                  ffa002e0    00002ef0     react2.obj (.text)
                  ffa031d0    000023b0     react3.obj (.text)
                  ffa05580    00003980     react4.obj (.text)
                  ffa08f00    00004760     react5.obj (.text)
                  ffa0d660    00000020     react6.obj (.text)
                  ffa0d680    00000050     react7.obj (.text)
                  ffa0d6d0    00001230     react8.obj (.text)
                  ffa0e900    00001d80     react9.obj (.text)
                  ffa10680    00014510     bam.obj (.text)
                  ffa24b90    00015100     bret.obj (.text)
                  ffa39c90    0001a740     doink.obj (.text)
                  ffa543d0    00014fe0     razor.obj (.text)
                  ffa693b0    00014c30     lex.obj (.text)
                  ffa7dfe0    00018020     shawn.obj (.text)
                  ffa96000    00018940     taker.obj (.text)
                  ffaae940    00015830     yoko.obj (.text)
                  ffac4170    00004110     bamseq1.obj (.text)
                  ffac8280    00024f80     bamseq2.obj (.text)
                  ffaed200    0001aad0     bamseq3.obj (.text)
                  ffb07cd0    00001030     bamseq4.obj (.text)
                  ffb08d00    00004610     dnkseq1.obj (.text)
                  ffb0d310    000268e0     dnkseq2.obj (.text)
                  ffb33bf0    00017930     dnkseq3.obj (.text)
                  ffb4b520    00000fd0     dnkseq4.obj (.text)
                  ffb4c4f0    000042d0     hrtseq1.obj (.text)
                  ffb507c0    000170e0     hrtseq2.obj (.text)
                  ffb678a0    00018d80     hrtseq3.obj (.text)
                  ffb80620    0000e510     hrtseq4.obj (.text)
                  ffb8eb30    00004ab0     lexseq1.obj (.text)
                  ffb935e0    00017d20     lexseq2.obj (.text)
                  ffbab300    0001bb20     lexseq3.obj (.text)
                  ffbc6e20    00007380     lexseq4.obj (.text)
                  ffbce1a0    000047b0     rzrseq1.obj (.text)
                  ffbd2950    00017b50     rzrseq2.obj (.text)
                  ffbea4a0    0001beb0     rzrseq3.obj (.text)
                  ffc06350    00009db0     rzrseq4.obj (.text)
                  ffc10100    00004390     shnseq1.obj (.text)
                  ffc14490    00011f80     shnseq2.obj (.text)
                  ffc26410    00024760     shnseq3.obj (.text)
                  ffc4ab70    0000ab60     shnseq4.obj (.text)
                  ffc556d0    00003680     undseq1.obj (.text)
                  ffc58d50    00021250     undseq2.obj (.text)
                  ffc79fa0    0001d900     undseq3.obj (.text)
                  ffc978a0    000020f0     undseq4.obj (.text)
                  ffc99990    00003a20     yokseq1.obj (.text)
                  ffc9d3b0    000167f0     yokseq2.obj (.text)
                  ffcb3ba0    000201e0     yokseq3.obj (.text)
                  ffcd3d80    00008f30     yokseq4.obj (.text)
                  ffcdccb0    000079f0     finiseq.obj (.text)
                  ffce46a0    00000160     --HOLE-- [fill = 0000ffff]
                  ffce4800    000036a0     collis.obj (.text)
                  ffce7ea0    000073a0     crowd.obj (.text)

.TEXT      0    ff800000    00000000     UNINITIALIZED

.data      0    ffcef240    002e0670     
                  ffcef240    000001c0     main.obj (.data)
                  ffcef400    0000c170     bgndtbl.obj (.data)
                  ffcfb570    00007f20     bgndpal.obj (.data)
                  ffd03490    0000eb90     wrespal.obj (.data)
                  ffd12020    0006ef10     imgpal.obj (.data)
                  ffd80f30    00002c70     ropeimg.obj (.data)
                  ffd83ba0    000344c0     miscimg.obj (.data)
                  ffdb8060    0003cf40     bamimg.obj (.data)
                  ffdf4fa0    00035a40     bretimg.obj (.data)
                  ffe2a9e0    00045df0     doinkimg.obj (.data)
                  ffe707d0    000380d0     leximg.obj (.data)
                  ffea88a0    000399b0     razorimg.obj (.data)
                  ffee2250    0003b920     shawnimg.obj (.data)
                  fff1db70    00037b00     takerimg.obj (.data)
                  fff55670    00035720     yokoimg.obj (.data)
                  fff8ad90    00000780     wrestle.obj (.data)
                  fff8b510    00007550     text.obj (.data)
                  fff92a60    000010e0     attract.obj (.data)
                  fff93b40    0000a710     string.obj (.data)
                  fff9e250    0000d040     adjust.obj (.data)
                  fffab290    0001c6d0     menu.obj (.data)
                  fffc7960    00000280     screen.obj (.data)
                  fffc7be0    00000e00     progress.obj (.data)
                  fffc89e0    00006ed0     crowd.obj (.data)

.DATA      0    ff800000    00000000     UNINITIALIZED


GLOBAL SYMBOLS

address  name                             address  name
-------- ----                             -------- ----
010000c0 .bss                             00000003 ROM_LEV
ffcef240 .data                            00000004 RTR_LEV
ff800000 .text                            00000009 num_wrestlers
01000000 ACTIVE                           00000013 TAG_TAB_ENTRIES
ff8e4240 ADD_IF_SILENT                    0000001f INTER_TAB_ENTRIES
ff9aaa50 ADD_TO_COMBO_COUNT               0000001f BEATEN_TAB_ENTRIES
ff8e4210 ADD_TO_QUEUE                     0000003d CS_ENTS
ff8e3bf0 ADD_VOICE                        01000000 ACTIVE
ff804180 ADJNEWTL                         01000020 FREE
ff91c880 ADJ_INST                         01000040 SFREE
ff928280 ADJ_PAGE                         01000060 OBJLST
fffc89e0 ALEX1                            01000080 OFREE
fffc8a70 ALEX2                            010000a0 BAKLST
fffc8b00 ALEX3                            010000c0 .bss
fffc8b90 ALEX4                            010000d0 page_addr
ffd12020 ALEX_P                           010000f0 SCROLLX
ff8052d0 ANI                              01000110 SCROLLY
ff9cd970 ANIM_CROWD                       01000130 WORLDTLX
01116f50 ANNOUNCE_QUEUE                   01000150 WORLDTLY
ff8e3e00 ANNOUNCE_VOICE                   01000170 WORLDTL
ff95c800 ANY_BUT                          01000190 SCRNTL
ffd1fc40 AQUAPAL                          010001b0 SCRNLR
ff934fd0 AREUSURE                         010001d0 dpage
ff8a7fa0 ARE_WE_IN_RING                   010001e0 dtype
ffda57e0 ARMBREAK                         010001f0 dcode_p
ffda5870 ARMDRAG                          01000210 DMAQCUR
ffd852b0 ARR10_DN                         01000230 OBJSTR
ffd85220 ARR10_TD                         01034170 dmaq0
ffd85190 ARR10_TW                         0104af70 DMAQ
ffd85070 ARR10_UP                         0105b5f0 gndstat
ffd85100 ARR10_UT                         0105b600 gndpos_t
ffdae7e0 ATTMTR_0                         0105c120 gndx
ffdae870 ATTMTR_1                         0105c140 DISPLAYON
ffdae900 ATTMTR_2                         0105c150 _3dstat
ffdae990 ATTMTR_3                         0105c160 dma_foo
ffdaea20 ATTMTR_4                         0105c190 _clk_rd
ffdaeab0 ATTMTR_5                         0105c1d0 dma_bog
ffdaeb40 ATTMTR_6                         0105c1e0 dma_meter
ffdaebd0 ATTMTR_7                         0105c1f0 cpu_meter
ffdaec60 ATTMTR_8                         0105c200 SYSCOPY
ffdaecf0 ATTMTR_9                         0105c210 WDOGRAM
ffd7ba90 ATTMTR_P                         0105c230 IRQSKYE
ffd25fd0 ATTTXT_P                         0105c240 dpageflip
ffd83ba0 ATT_TXT                          0105c250 dirqtimer
ff9276f0 AUD                              0105c260 dirqcnt
ff927800 AUD1                             0105c300 switches_old
ffda5100 AWDNMPL_B                        0105c340 switches_cur
ffda5070 AWDNMPL_R                        0105c380 switches_up
ff8092c0 AddressSet1                      0105c3c0 switches_down
ff809620 AddressSet2                      0105c400 NPLAYERS
ff809980 AddressSet3                      0105c410 COUNTER_MODE
ff809ce0 AddressSet4                      0105c420 VALIDATOR
ff81f5d0 B1TR5Z                           0105c430 TWOPLAYERS
ff81f530 B1TT5Z                           0105c440 ROLLING_COUNT
ff81caf0 B2AH2A                           0105c450 RAND
ff81cd90 B2AM2A                           0105c470 STRNGRAM
ff81eeb0 B2BC3A                           0105c5b0 WRLD
ff81dad0 B2BG3A                           0105c5c0 LOWZ
ff81e850 B2FH3Z                           0105d310 animscnt
ff8234b0 B2JD4A                           0105d320 kqlmSHK_ON
ff81d550 B2KM3B                           0105d330 kqlmX_ADJ
ff81d810 B2KM3E                           0105d350 mdecSHK_ON
ff822710 B2MP2A                           0105d360 mdecY_ADJ
ff81d9b0 B2NM3A                           0105d420 PALRAM
ff822990 B2PJ3A                           0105d420 PALFRAM
ff821750 B2PN5A                           0105de20 PALBRAM
ff81eb90 B2PU3C                           0105de20 PALTRAM
ff81f130 B2ST2A                           0105ed20 morfpal1
ff81f430 B2TW2Z                           0105ed20 FADERAM
ff81f670 B2WL1A                           0105f120 morfpal2
ff81f890 B2WL2B                           0105f520 morfpal3
ff81faf0 B2WL8B                           0105f920 morfpal4
ff820c50 B3AB3X                           0105fd20 morfpal5
ff81cfd0 B3AE3A                           01060120 morfpal6
ff81e190 B3BF3C                           01060520 morfpal7
ff822250 B3BR3Z                           01060920 morfpal8
ff81c5b0 B3CP3B                           01060d20 morfpal9
ff81db10 B3DC3B                           01061120 morfpal10
ff820cf0 B3DD3C                           01061520 morfpal11
ff8207b0 B3DD3D                           010aed20 palfmin
ff821130 B3DR3B                           010aed40 PRCSTR
ff81ccd0 B3FD3C                           010e7140 SPRCSTR
ff820e90 B3FH3F                           010efa00 BAKBITS
ff81c6b0 B3GU2A                           010f2110 BAKMODS
ff81c870 B3GU4A                           010f2130 _coin_addr
ff81dfb0 B3HB3A                           010f2150 _switch_addr
ff822af0 B3JK3A                           010f2170 _switch2_addr
ff822090 B3MS3X                           010f2190 _watchdog_addr
ff821c50 B3MS3Z                           010f21b0 _dipswitch_addr
ff8219d0 B3PG3A                           010f21d0 _sound_addr
ff822850 B3PJ3B                           010f21f0 _soundirq_addr
ff81efd0 B3PO4A                           010f2210 _coin_counter_addr
ff8216b0 B3PO4E                           010f2230 no_pin_check
ff81cbd0 B3PP3Q                           010f2240 belt_ask
ff821010 B3RC3A                           010f2250 belt_type
ff81e3d0 B3RL1A                           010f2260 PSTATUS
ff8203f0 B3RN3A                           010f2270 OLD_PSTATUS
ff823050 B3RR3Z                           010f2280 PSTARTS
ff8206d0 B3RS3B                           010f2290 slowmo
ff820bd0 B3ZS3A                           010f22a0 PCNT
ff81ca10 B4AH4A                           010f22c0 swstack_p
ff81c490 B4AM4A                           010f22e0 swstackbot
ff822110 B4BB1X                           010f26e0 COLRTEMP
ff81edb0 B4BC3A                           010f26e0 swstacktop
ff81e110 B4BF3A                           010f27e0 GAMSTATE
ff81ceb0 B4BK3D                           010f27f0 HALT
ff820590 B4BO3Z                           010f2800 NO_START
ff822470 B4BZ4A                           010f2810 WSPEED
ff821b70 B4CD3A                           010f2820 WFLG
ff821350 B4CD3B                           010f2840 OBJPTR
ff821570 B4CF4A                           010f2a00 match_cnt
ff823290 B4CF4Z                           010f2a10 debug_collis
ff823310 B4CR7A                           010f2a20 DIAG0
ff81e950 B4FH3Z                           010f2a40 DIAG1
ff822c50 B4FK4B                           010f2a60 process_ptrs
ff822db0 B4FK4F                           010f2a80 p2_process
ff81de30 B4GF3A                           010f3140 round_tickcount
ff821470 B4GH3B                           010f3150 wrest_joystat
ff821fd0 B4GH3D                           010f3f70 wrestler_x
ff81e550 B4HU4B                           010f4070 wrestler_y
ff81d6b0 B4KM3A                           010f4170 wrestler_z
ff81d3f0 B4KM3E                           010f4250 match_time
ff81dc90 B4KM3H                           010f4280 match_over
ff81d170 B4LB4B                           010f4290 match_realtime
ff81e2d0 B4MF4A                           010f42a0 match_winner
ff8225d0 B4MP4A                           010f42b0 fight_debug
ff81d8f0 B4NM3A                           010f42c0 p1winstreak
ff820a70 B4NP3Z                           010f42d0 p2winstreak
ff81f0f0 B4PO4Z                           010f42e0 p1winstreakd
ff821290 B4POGO                           010f42f0 p2winstreakd
ff81ecf0 B4PS3A                           010f4300 p1oldwinstreak
ff81ea50 B4PU3D                           010f4310 p2oldwinstreak
ff821d30 B4RS4A                           010f4320 current_round
ff81e6f0 B4SB4A                           010f4330 p1rounds
ff81f2f0 B4ST4Z                           010f4340 p2rounds
ff821e10 B4SW4B                           010f4350 front_rproc
ff81d3b0 B4TD3A                           010f4370 back_rproc
ff81d270 B4TD3B                           010f4390 left_rproc
ff81e010 B4TI4A                           010f43b0 right_rproc
ff8209b0 B4TN4X                           010f43d0 total_matches
ff81f4b0 B4TW4Z                           010f43e0 no_debris
ff8224b0 B4UC3B                           010f43f0 reduce_bog
ff820890 B4UC3Z                           010f4400 allow_offscrn
ff8231b0 B4WA4D                           010f4420 any_hits
ff821970 B4WC4B                           010f4430 robo_icon_trigger
ff81fc90 B4WL2A                           010f4440 round_start_time
ff81fe90 B4WL4B                           010f4460 round_end_time
ff8200f0 B4WL5B                           010f4480 match_start_time
ff821f30 B4WS4A                           010f44c0 wrestler_count
ff8202f0 B4YR3A                           010f44d0 wrestler_count_proc
ff821850 B5RV5A                           010f44f0 temp_music
ffda5900 BACKBRKR                         010f4500 annc_rnd_winner_done
ffda5990 BACKDROP                         010f4510 vln_right_rope
ffda5a20 BACKSUPL                         010f5a10 vln_left_rope
011629d0 BAD_AUD                          010f6f10 vln_right_matedge
010efa00 BAKBITS                          010f9290 vln_left_matedge
010000a0 BAKLST                           010fb610 vln_right_matedge2
010f2110 BAKMODS                          010fda30 vln_left_matedge2
ffda96e0 BALL01                           010ffe50 vln_right_fence
ffda9770 BALL02                           011050b0 vln_left_fence
ffda9800 BALL03                           0110a710 up_dtime1
ffda9890 BALL04                           0110a780 down_dtime1
ffda9920 BALL05                           0110a7f0 left_dtime1
ffda99b0 BALL06                           0110a860 right_dtime1
ffda9a40 BALL07                           0110a8d0 punch_dtime1
ffda9ad0 BALL08                           0110a940 block_dtime1
ffda9b60 BALL09                           0110a9b0 powerp_dtime1
ffda9bf0 BALL10                           0110aa20 kick_dtime1
ffda9c80 BALL11                           0110aa90 powerk_dtime1
ffda9d10 BALL12                           0110b290 WHICH_SKIRT_PAL
ffda9da0 BALL13                           0110b2a0 plyr1_objlist
ffda9e30 BALL14                           0110b2c0 plyr2_objlist
ffda9ec0 BALL15                           0110b2e0 neutral_objlist
ffd84fe0 BALLD05A                         0110b300 debris_count
ffd27530 BALL_p                           0110b310 droneoff
ffd7f0a0 BAM3P                            0110ccf0 p1rnd_award
ffdb7ea0 BAM3                             0110cdf0 p2rnd_award
ffd84140 BAMBAM                           0110cef0 p1mtch_award
ffd27d40 BAMBLU_P                         0110cff0 p2mtch_award
ffd07580 BAMFRE_P                         0110d0f0 p1ws_award
ffd09e20 BAMGRN_P                         0110d2f0 p2ws_award
ffd0aa50 BAMGRY_P                         0110d4f0 award_ok_to_die
ffd0a640 BAMORG_P                         0110d510 pcomeback
ffd0a230 BAMPNK_P                         0110d550 dboxes_on
ffd07da0 BAMPRP_P                         0110d570 powerup_requests
ffd081b0 BAMRED_P                         0110d590 powerup_die
ffd07990 BAMYLW_P                         0110d5b0 show_options_die
ffd89320 BAM_STAND                        0110d5c0 do_show_options
ffda5ab0 BANZAI                           0110d5d0 blocking_off
ffd89710 BARBUTT                          0110d5e0 ring_out_on
ffd21f60 BARB_P                           0110d5f0 buddy_mode_on
ffd3f8d0 BARR_P                           0110d600 move_names_on
ffd9fe90 BATBK01                          0110d610 drone_meters_on
ffd9ff30 BATBK02                          0110d620 instant_combos_on
ffd9ffd0 BATBK03                          0110d630 hyper_speed_on
ffda0070 BATBK04                          0110d640 no_ring_on
ffda0110 BATBK05                          0110d650 mk3_tip_number
ffd3d710 BATP                             01116820 p1icon_total
ffd9fb70 BATSD01                          01116840 p2icon_total
ffd9fc10 BATSD02                          01116c60 p1powerup_request
ffd9fcb0 BATSD03                          01116c80 p2powerup_request
ffd9fd50 BATSD04                          01116ca0 p1pins
ffd9fdf0 BATSD05                          01116cb0 p2pins
ffd37360 BAT_P                            01116d00 buddy_mode_checked
ffd85580 BCDARM02                         01116d20 DONE_HOWARD
ffd85610 BCDARM04                         01116d30 chan1pri
ffd856a0 BCDARM05                         01116d40 chan1dur
ffd85730 BCDARM06                         01116d70 chan1snd
ffd857c0 BCDARM08                         01116d80 chan2pri
ff920bf0 BCDBIN                           01116d90 chan2dur
0000001f BEATEN_TAB_ENTRIES               01116dc0 chan2snd
ff9708d0 BEATEN_TAB                       01116dd0 chan3pri
ff804dc0 BEGINOBJP                        01116de0 chan3dur
ff804650 BEGINOBJW                        01116e10 chan3snd
ff8046f0 BEGINOBJ                         01116e20 chan4pri
ff804d20 BEGINOBJWP                       01116e30 chan4dur
ff807eb0 BEGINOBJW_TBL                    01116e60 chan4snd
ff807d80 BEGINOBJ_TBL                     01116ed0 SOUNDSUP
ffda5b40 BEHMBUTT                         01116f40 REPEAT_STATE
ffda3c30 BESTOF3                          01116f50 ANNOUNCE_QUEUE
ffd34290 BEYES                            011171d0 NEXT_ANN_QUEUE
ffda8330 BGBAT01                          011171f0 CURRENT_ANN_QUEUE
ffda83c0 BGBAT02                          01117210 ENDLESS_SOUND
ffda8450 BGBAT03                          01117220 doing_dcs_reset
ffda84e0 BGBAT04                          01117270 which_table
ffda8570 BGBAT05                          01117290 which_one_first
ffd8c6c0 BGLAS01                          011172a0 hisclong
ffd8c750 BGLAS02                          011172b0 SHOW_CRD_FLAG
ffd8c7e0 BGLAS03                          011623b0 message_ascii
ffd8c870 BGLAS04                          011623d0 message_palette
ffd8c900 BGLAS05                          011623f0 message_buffer
ffd8c990 BGLAS06                          01162670 message_buffer2
ffd8ca20 BGLAS07                          011628f0 mess_cursx
ffd8cab0 BGLAS08                          01162900 mess_cursx2
ffd8cb40 BGLAS09                          01162910 mess_cursy
ffd8cbd0 BGLAS10                          01162920 mess_space_width
ffd8cc60 BGLAS11                          01162930 mess_spacing
ffd8ccf0 BGLAS12                          01162940 mess_line_spacing
ffd8cd80 BGLAS13                          01162950 mess_objid
ffd8ce10 BGLAS14                          011629a0 mess_z
ffd8cea0 BGLAS15                          011629c0 IGNORE_CHAR_WIDTH
ffd34400 BGLAS_P                          011629d0 BAD_AUD
ff81a640 BGND_UD1                         011629f0 C_FRAC
ffd35810 BGSPRKL_P                        01162a00 C_FLAGS
ffd5be90 BHMUGA_P                         01162aa0 COINCNTR
ffd5ce70 BHMUGB_P                         01162ad0 THIS_GAME_TIME
ffd5de30 BHMUGC_P                         01162ae0 audit_ud_flag
ffd5ee20 BHMUGD_P                         01162af0 MAIN_RET
ffd5fe10 BHMUGE_P                         01162b00 GMENULEV
ffd60e10 BHMUGF_P                         01162b10 SND_MADE
ffd61df0 BHMUGG_P                         01162b20 NO_CLEAR
ffd62de0 BHMUGH_P                         01162b30 LAST_BUT
ffdad5e0 BHMUG_A                          01162b70 fswitches_cur
ffdad670 BHMUG_B                          01162b90 fswitches_last
ffdad700 BHMUG_C                          01162bb0 fswitches_down
ffdad790 BHMUG_D                          01162bd0 _switch_map_mode
ffdad820 BHMUG_E                          01162c60 SWSET1
ffdad8b0 BHMUG_F                          01162c80 SWSET2
ffdad940 BHMUG_G                          01162d90 _snd_chip_count
ffdad9d0 BHMUG_H                          01163060 _rtc_seconds
ffd32a40 BICON00P                         01163070 _rtc_minutes
ffd31920 BICON10P                         01163080 _rtc_hours
ffd32c20 BICON1_P                         01163090 _rtc_day
ffd31bc0 BICON20P                         011630a0 _rtc_date
ffd31d80 BICON30P                         011630b0 _rtc_month
ffd31f50 BICON40P                         011630c0 _rtc_year
ffd32170 BICON50P                         011630e0 _tseconds
ffd32db0 BICON5_P                         011630f0 _tminutes
ffd323a0 BICON60P                         01163100 _thours
ffd32630 BICON70P                         01163110 _tday
ffd32840 BICON80P                         01163120 _tdate
ffd32f50 BICON90_P                        01163130 _tmonth
ffd8b8f0 BICON_100A                       01163140 _tyear
ffd8b3e0 BICON_10                         01163170 _serial_number
ffd8b470 BICON_10A                        01163190 _man_date
ffd8ba10 BICON_1A                         011631b0 _month
ffd8b980 BICON_1                          011631d0 _day
ffd8b500 BICON_20A                        011631f0 _year
ffd8b590 BICON_30A                        01163210 _auto_update_save
ffd8b620 BICON_40A                        01163240 SCODE
ffd8b6b0 BICON_50A                        01163250 DCODE
ffd8baa0 BICON_5                          01163280 octopus2
ffd8bb30 BICON_5A                         011632a0 starting_num
ffd8b740 BICON_60A                        011632b0 entered_inits
ffd8b7d0 BICON_70A                        01163330 not_blank
ffd8b860 BICON_80A                        01163340 auto_init
ffd8bbc0 BICON_90A                        011633a0 MATCH_TIMERS
ffda5200 BIGBAM                           011633e0 which_player
ffda6ef0 BIGBOOT                          01163400 index1
ffd8b1a0 BIGCOME                          01163410 index2
ffda5430 BIGDNK                           01163430 active_flag
ffd8c240 BIGEYE01                         01163480 match_time_bcd
ffd8c2d0 BIGEYE02                         011634a0 are_we_waiting_f
ffd8c360 BIGEYE03                         011634c0 player_pal_pref
ffd8c3f0 BIGEYE04                         011635c0 rr_loss
ffd8c480 BIGEYE05                         01163e40 DAM_MULT
ffd8c510 BIGEYE06                         01163e60 combo_audit_done
ffd8c5a0 BIGEYE07                         01163e70 message_flag
ffd8c630 BIGEYE08                         01163eb0 ZFLIP_POS_VAR
ffd14ad0 BIGFLSH_P                        01163ed0 MUSIC_HAP
ffda5190 BIGHRT                           01163ee0 PERFECT_WINS
ffda54a0 BIGLEX                           01163ef0 WINS_OBJ
ffda52e0 BIGRAZ                           01163f50 fence1
ffda5350 BIGSHN                           01163fd0 MESSAGE_FLAGS
ffda5270 BIGUND                           01163ff0 fence2
ffda53c0 BIGYOK                           01164070 COMBO_FLASH_FLAG
ff920a60 BINBCD                           01164090 in_finish_move
ffd03450 BKPALS                           011640a0 speed_adjustment
ffd9e310 BLADE01                          011640f0 WHICH_SCREEN
ffd9e3b0 BLADE02                          01164110 TOP_LEFT
ffd9e450 BLADE03                          01164130 BOT_RIGHT
ffd9e4f0 BLADE04                          01164380 special_screen
ffd9e590 BLADE05                          011b43c0 CURRENT_LADDER
ffd9e630 BLADE06                          011b4400 LADDER
ffd9e6d0 BLADE07                          011b45e0 TEMP_LADDER
ffd9e770 BLADE08                          011b4620 FINAL_BATTLE_LINEUP
ffd9e810 BLADE09                          011b4670 FLASH_FLAG
ffd9e8b0 BLADE10                          011b4680 question_type
ffd36fd0 BLAD_P                           011b4690 royal_rumble
ffda80f0 BLDHIT1                          011b46a0 FINAL_PTR
ffda8180 BLDHIT2                          011b46e0 NUM_OPPS
ffda8210 BLDHIT3                          011b47f0 IGNORE_SPECIAL
ffda82a0 BLDHIT4                          011b4800 YES_ITS_FINAL
ffd88000 BLDSPA01                         011b77b0 WHAT_SPEED
ffd88090 BLDSPA02                         011b7ac0 wrestler_number
ffd88120 BLDSPA03                         011b7ae0 hit_damage_pending
ffd881b0 BLDSPA04                         011b7af0 new_victim_movedir
ffd88240 BLDSPA05                         011b7c30 close_the_door
ffd882d0 BLDSPA06                         011b7c40 close_the_floor
ffd88360 BLDSPA07                         011b7c50 dead_wrestler
ffd883f0 BLDSPA08                         011b7c70 finish_completed
ffd88480 BLDSPA09                         011b7c80 wres_mv_done
ffd88510 BLDSPA10                         011b7c90 guy_in
ffd885a0 BLDSPB01                         011b7ca0 guy_up
ffd88630 BLDSPB02                         011b8110 CROWDDATA
ffd886c0 BLDSPB03                         011b9850 crowd_process
ffd88750 BLDSPB04                         011b9870 end
ffd887e0 BLDSPB05                         ff800000 dma_irq
ffd88870 BLDSPB06                         ff800000 .text
ffd88900 BLDSPB07                         ff801310 DISPLAY
ffd88990 BLDSPB08                         ff801ed0 QDMAN
ffd88a20 BLDSPC01                         ff8020d0 STOPOBJS
ffd88ab0 BLDSPC02                         ff802200 obj_yzsort
ffd88b40 BLDSPC03                         ff8023d0 SCRTSTG
ffd88bd0 BLDSPC04                         ff802400 SCRTST
ffd88c60 BLDSPC05                         ff8026f0 SPECIAL_DISPLAY_INIT
ffd88cf0 BLDSPC06                         ff802b30 display_init
ffd88d80 BLDSPC07                         ff803060 clear_objs
ffd88e10 BLDSPC08                         ff803400 GETOBJ
ffd88ea0 BLDSPD01                         ff8035b0 FREEOBJ
ffd88f30 BLDSPD02                         ff803630 INSBOBJ
ffd88fc0 BLDSPD03                         ff803670 INSOBJ
ffd89050 BLDSPD04                         ff803810 DELBOBJ
ffd890e0 BLDSPD05                         ff803850 DELOBJA8
ffd89170 BLDSPD06                         ff803860 DELOBJ
ffd89200 BLDSPD07                         ff803a60 FRQDELDIE
ffd89290 BLDSPD08                         ff803ad0 DELOBJDIE
ffd2ba70 BLDSPIN_P                        ff803cf0 obj_del1c
ff810280 BLNKAREA                         ff803d00 obj_delc
ff934780 BLNKHELP                         ff803ec0 EXISTOBJ
ff8eaef0 BLOCK_WOOSH                      ff803fc0 ISOBJ
ffda7ac0 BLOOD01                          ff804070 obj_addworldxy
ffda7b50 BLOOD02                          ff804180 ADJNEWTL
ffda7be0 BLOOD03                          ff804250 GSCRNREL
ffda7c70 BLOOD04                          ff804340 SCRNRELV
ffda7d00 BLOOD05                          ff804490 GANISAG
ffda7d90 BLOOD06                          ff804650 BEGINOBJW
ffda7e20 BLOOD07                          ff8046f0 BEGINOBJ
ffda7eb0 BLOOD08                          ff804d20 BEGINOBJWP
ffda7f40 BLOOD09                          ff804dc0 BEGINOBJP
ffda7fd0 BLOOD10                          ff8052d0 ANI
ffda8060 BLOOD11                          ff8056e0 obj_aniq
ffd3d650 BLOOD_P                          ff805ba0 obj_aniq_cnoff
ff9c3050 BLOW_0_TO_1                      ff805de0 GETANIXY
ffd35be0 BLUEEX_P                         ff805f10 GANIOF
fff92a60 BLUESH                           ff8060c0 scrn_scaleout
ffd1ebc0 BLUE                             ff806560 scrn_scaleininit
fffc8590 BLUURN01                         ff8066b0 scrn_scalein
fffc8670 BLUURN02                         ff807b80 fg2bg
fffc8750 BLUURN03                         ff807d80 BEGINOBJ_TBL
fffc8830 BLUURN04                         ff807eb0 BEGINOBJW_TBL
fffc8910 BLUURN05                         ff808b30 _AlarmClock
ffda21c0 BMDZ01                           ff808e10 RemapIO
ffda2250 BMDZ02                           ff808f60 InitAddresses
ffda22e0 BMDZ03                           ff8092c0 AddressSet1
ffda2370 BMDZ04                           ff809620 AddressSet2
ffda2400 BMDZ05                           ff809980 AddressSet3
ffda2490 BMDZ06                           ff809ce0 AddressSet4
ffd37a90 BMDZP                            ff80a0e0 SetAddresses
ffd4c790 BMMUGA_P                         ff80a1d0 SecFuncCheck
ffd4d780 BMMUGB_P                         ff80a320 InitPIC
ffd4e740 BMMUGC_P                         ff80a660 init_all
ffd4f740 BMMUGD_P                         ff80b090 INTIO
ffd50730 BMMUGE_P                         ff80b1a0 WDOGDIS
ffd51730 BMMUGF_P                         ff80d090 trap3_handler
ffd52730 BMMUGG_P                         ff80d2c0 ZERO_BITS
ffd53710 BMMUGH_P                         ff80d350 SPECIAL_WIPEOUT
ffdacce0 BMMUG_A                          ff80d3a0 WIPEOUT
ffdacd70 BMMUG_B                          ff80d450 WIPEOUT2
ffdace00 BMMUG_C                          ff80d810 system_savegame
ffdace90 BMMUG_D                          ff80df50 anim_wait
ffdacf20 BMMUG_E                          ff80e0a0 autoerase_set
ffdacfb0 BMMUG_F                          ff80e1d0 FLASHME
ffdad040 BMMUG_G                          ff80e360 COLCYC
ffdad0d0 BMMUG_H                          ff80e6e0 CYCLE_TABLE
ffda5bd0 BODYSLAM                         ff80ea20 HEXTOASC
ffd9b110 BONE01                           ff80ec10 ERASE_TXT
ffd9b1b0 BONE02                           ff80ec60 STRLNRM
ffd9b250 BONE03                           ff80ecd0 STRCNRM
ffd9b2f0 BONE04                           ff80ed40 STRCNRM_1
ffd9b390 BONE05                           ff80edc0 STRRNRM
ffd9b430 BONE06                           ff80ee30 STRLNRMO
ffd9b4d0 BONE07                           ff80eec0 STRCNRMO
ffd9b570 BONE08                           ff80ef50 STRCNRMO_1
ffd9b610 BONE09                           ff80eff0 STRCNRMO_2
ffd9b6b0 BONE10                           ff80f090 STRLNRMO_1
ffd9b750 BONE11                           ff80fa50 STRNGLEN
ffd9b7f0 BONE12                           ff80fbb0 OBJOFF
ffd9b890 BONE13                           ff80fc40 OBJON
ffd9b930 BONE14                           ff80fce0 GETCPNT
ffd9b9d0 BONE15                           ff80fdb0 GETANIX
ffd9ba70 BONEB01                          ff80fef0 RNDRNGS
ffd9bb10 BONEB02                          ff80ff10 RNDRNG
ffd9bbb0 BONEB03                          ff810040 RNDRNG0
ffd9bc50 BONEB04                          ff810130 RNDPER
ffd9bcf0 BONEB05                          ff810250 FILLAREA
ffd9bd90 BONEB06                          ff810280 BLNKAREA
ffd9be30 BONEB07                          ff810380 dirq_wait
ffd9bed0 BONEB08                          ff810460 dmaq_wait
ffd9bf70 BONEB09                          ff810590 dpageflip_off
ffd9c010 BONEB10                          ff810670 display_blank
ffd9c0b0 BONEB11                          ff810760 display_unblank
ffd9c150 BONEB12                          ff810a30 SCRCLR
ffd9c1f0 BONEB13                          ff810b40 CLR_SCRN
ffd9c290 BONEB14                          ff810cd0 FRANIM
ffd9c330 BONEB15                          ff811180 FRANIMQ
ffd8ad20 BONUSBAR                         ff811570 security_chk
ff9b6c70 BONUS_MESS                       ff8121b0 secend
01164130 BOT_RIGHT                        ff8121b0 HORZ_SHAKER2
ffd2b250 BOX1_P                           ff812c80 SHAKER2
ffd86f60 BOX2                             ff8137f0 SHAKER
ffd35d90 BRITEX_P                         ff813d80 get_all_starts_cur
ff8aa920 BROKEN_ARM_BLOOD                 ff813ec0 get_all_starts_down
ffcff0b0 BSELBK_P                         ff814000 get_start_cur
ffd94d30 BSPRKA01                         ff8140d0 get_start_down
ffd94dc0 BSPRKA02                         ff8141c0 get_all_sticks_cur
ffd94e50 BSPRKA03                         ff814300 get_all_sticks_cur2
ffd94ee0 BSPRKA04                         ff8143d0 get_all_sticks_down
ffd94f70 BSPRKA05                         ff814510 get_all_sticks_down2
ffd95000 BSPRKA06                         ff8145e0 get_all_buttons_cur
ffd95090 BSPRKA07                         ff814720 get_all_buttons_cur2
ffd95120 BSPRKA08                         ff8147f0 get_all_buttons_down
ffd951b0 BSPRKA09                         ff814930 get_all_buttons_down2
ffd95240 BSPRKA10                         ff814ae0 rndrng0
ffd952d0 BSPRKA11                         ff814bd0 civanic
ffd95360 BSPRKA12                         ff814bf0 civani
ffd953f0 BSPRKA13                         ff814e60 pal_init
ffd95480 BSPRKA14                         ff814fb0 pal_clean
ffd95510 BSPRKA15                         ff8152b0 pal_find
ffd955a0 BSPRKB01                         ff815400 pal_getf
ffd95630 BSPRKB02                         ff815790 pal_set
ffd956c0 BSPRKB03                         ff8158c0 pal_transfer
ffd95750 BSPRKB04                         ff815b00 pal_blacken
ffd957e0 BSPRKB05                         ff815c60 pal_fadein
ffd95870 BSPRKB06                         ff8160e0 pal_fadeout
ffd95900 BSPRKB07                         ff816120 pal_fadeout2
ffd95990 BSPRKB08                         ff8168f0 pal_fadeinx
ffd95a20 BSPRKB09                         ff816930 pal_fadeoutx
ffd95ab0 BSPRKB10                         ff816d60 pal_fmwht
ffd95b40 BSPRKB11                         ff816db0 pal_towht
ffd95bd0 BSPRKB12                         ff8172b0 addbrt_ae
ffd95c60 BSPRKB13                         ff8176b0 fade_up
ffd95cf0 BSPRKB14                         ff8177c0 fade_down
ffd95d80 BSPRKB15                         ff8178c0 fade_up_half
ffd8a050 BUDDY                            ff8179e0 fade_down_half
ff95bb60 BUILD_ST                         ff818400 process_init
ff822f90 BURNBODY                         ff818620 process_dispatch
ff93e4d0 BURN_IN                          ff818a20 PRCSLP
ffda4e30 BWINBOX                          ff818a30 PRCLSP
ff92f7f0 B_MENU                           ff818b80 SUCIDE
ff9206f0 CADJ_BOX                         ff818e60 KILL
ff8e7300 CALL_ANI_AVERAGE_MOVE            ff819120 GETPRC
ff8e7250 CALL_AVERAGE_MOVE                ff8192a0 GETPRC_INSERT
ff8eb9c0 CALL_BONE_BREAK                  ff819460 GETSPRC
ff8e69b0 CALL_DROP_KICK                   ff819520 XFERPROC
ff8e6ce0 CALL_FACE_HIT                    ff819760 KILALL
ff8e8ad0 CALL_MATCH_OVER                  ff819780 KIL1C
ff8e6f90 CALL_MID_HIT                     ff819790 KILALLN
ff8e6000 CALL_MISSES                      ff819a50 IKIL1C
ff8e7950 CALL_MISS_YOKO                   ff819a60 IKILALLN
ff8e81f0 CALL_NASTY_MOVE                  ff819d10 process_exist
ff8e8040 CALL_OTHER_AVERAGE               ff819da0 EXISTP
ff8e86b0 CALL_SETUP                       ff81a640 BGND_UD1
ff8e6330 CALL_SPECIAL_MOVE                ff81c200 bgnd_delnonvis
ff8e7d30 CALL_THROWN_OUT                  ff81c490 B4AM4A
fffc8c20 CARLO1                           ff81c5b0 B3CP3B
fffc8cb0 CARLO2                           ff81c6b0 B3GU2A
fffc8d40 CARLO3                           ff81c870 B3GU4A
fffc8dd0 CARLO4                           ff81ca10 B4AH4A
ff9294d0 CAT_A0                           ff81caf0 B2AH2A
ff926c50 CCCC                             ff81cbd0 B3PP3Q
ff921820 CCOIN                            ff81ccd0 B3FD3C
ffdaf290 CHAIN01                          ff81cd90 B2AM2A
ffdaf320 CHAIN02                          ff81ceb0 B4BK3D
ffdaf3b0 CHAIN03                          ff81cfd0 B3AE3A
ffdaf440 CHAIN04                          ff81d170 B4LB4B
ffdaf4d0 CHAIN05                          ff81d270 B4TD3B
ffdaf560 CHAIN06                          ff81d3b0 B4TD3A
ffd89f70 CHAIRMAT                         ff81d3f0 B4KM3E
ff8a8a60 CHANGE_SKIRTS                    ff81d550 B2KM3B
ff8a8a20 CHANGE_SKIRTS2                   ff81d6b0 B4KM3A
ff9aa8c0 CHECK_COMBO_GO                   ff81d810 B2KM3E
ff981400 CHECK_SCORE                      ff81d8f0 B4NM3A
ffd8a0c0 CHGLWB1                          ff81d9b0 B2NM3A
ffd2cdb0 CHGLWB1P                         ff81dad0 B2BG3A
ffd8a150 CHGLWB2                          ff81db10 B3DC3B
ffd2d1c0 CHGLWB2P                         ff81dc90 B4KM3H
ffd8a1e0 CHGLWB3                          ff81de30 B4GF3A
ffd2d5d0 CHGLWB3P                         ff81dfb0 B3HB3A
ffd2d9e0 CHGLWB4P                         ff81e010 B4TI4A
ffd8a270 CHGLWB4                          ff81e110 B4BF3A
ffd8a300 CHGLWB5                          ff81e190 B3BF3C
ffd2ddf0 CHGLWB5P                         ff81e2d0 B4MF4A
ffd8a390 CHGLWB6                          ff81e3d0 B3RL1A
ffd2e200 CHGLWB6P                         ff81e550 B4HU4B
ffd2e610 CHGLWB7P                         ff81e6f0 B4SB4A
ffd8a420 CHGLWB7                          ff81e850 B2FH3Z
ffd2ea20 CHGLWB8P                         ff81e950 B4FH3Z
ffd8a4b0 CHGLWB8                          ff81ea50 B4PU3D
ffd8a540 CHGLWB9                          ff81eb90 B2PU3C
ffd2ee30 CHGLWB9P                         ff81ecf0 B4PS3A
ffd33360 CHGLWB_P                         ff81edb0 B4BC3A
ffd8a5d0 CHGLWT1                          ff81eeb0 B2BC3A
ffd2f240 CHGLWT1P                         ff81efd0 B3PO4A
ffd2f650 CHGLWT2P                         ff81f0f0 B4PO4Z
ffd8a660 CHGLWT2                          ff81f130 B2ST2A
ffd2fa60 CHGLWT3P                         ff81f2f0 B4ST4Z
ffd8a6f0 CHGLWT3                          ff81f430 B2TW2Z
ffd8a780 CHGLWT4                          ff81f4b0 B4TW4Z
ffd2fe70 CHGLWT4P                         ff81f530 B1TT5Z
ffd8a810 CHGLWT5                          ff81f5d0 B1TR5Z
ffd30280 CHGLWT5P                         ff81f670 B2WL1A
ffd8a8a0 CHGLWT6                          ff81f890 B2WL2B
ffd30690 CHGLWT6P                         ff81faf0 B2WL8B
ffd30aa0 CHGLWT7P                         ff81fc90 B4WL2A
ffd8a930 CHGLWT7                          ff81fe90 B4WL4B
ffd30eb0 CHGLWT8P                         ff8200f0 B4WL5B
ffd8a9c0 CHGLWT8                          ff8202f0 B4YR3A
ffd312c0 CHGLWT9P                         ff8203f0 B3RN3A
ffd8aa50 CHGLWT9                          ff820590 B4BO3Z
ffd33770 CHGLWT_P                         ff8206d0 B3RS3B
fffcd9c0 CHIP1_01                         ff8207b0 B3DD3D
fffcda50 CHIP1_03                         ff820890 B4UC3Z
fffcdae0 CHIP1_05                         ff8209b0 B4TN4X
fffcdb70 CHIP1_07                         ff820a70 B4NP3Z
fffcdc00 CHIP1_09                         ff820bd0 B3ZS3A
fffcdc90 CHIP1_11                         ff820c50 B3AB3X
fffcdd20 CHIP1_13                         ff820cf0 B3DD3C
fffcddb0 CHIP1_15                         ff820e90 B3FH3F
fffcde40 CHIP1_17                         ff821010 B3RC3A
fffcded0 CHIP1_19                         ff821130 B3DR3B
fffcdf60 CHIP2_01                         ff821290 B4POGO
fffcdff0 CHIP2_03                         ff821350 B4CD3B
fffce080 CHIP2_05                         ff821470 B4GH3B
fffce110 CHIP2_07                         ff821570 B4CF4A
fffce1a0 CHIP2_09                         ff8216b0 B3PO4E
fffce230 CHIP3_01                         ff821750 B2PN5A
fffce2c0 CHIP3_03                         ff821850 B5RV5A
fffce350 CHIP3_05                         ff821970 B4WC4B
fffce3e0 CHIP3_07                         ff8219d0 B3PG3A
fffce470 CHIP3_09                         ff821b70 B4CD3A
fffce500 CHIP3_11                         ff821c50 B3MS3Z
fffce590 CHIP3_13                         ff821d30 B4RS4A
fffce620 CHIP3_15                         ff821e10 B4SW4B
fffce6b0 CHIP3_17                         ff821f30 B4WS4A
fffce740 CHIP3_19                         ff821fd0 B4GH3D
fffce7d0 CHIP4_01                         ff822090 B3MS3X
fffce860 CHIP4_03                         ff822110 B4BB1X
fffce8f0 CHIP4_05                         ff822250 B3BR3Z
fffce980 CHIP4_07                         ff822470 B4BZ4A
fffcea10 CHIP4_09                         ff8224b0 B4UC3B
fffceaa0 CHIP5_01                         ff8225d0 B4MP4A
fffceb30 CHIP5_03                         ff822710 B2MP2A
fffcebc0 CHIP5_05                         ff822850 B3PJ3B
fffcec50 CHIP5_07                         ff822990 B2PJ3A
fffcece0 CHIP5_09                         ff822af0 B3JK3A
fffced70 CHIP5_11                         ff822c50 B4FK4B
fffcee00 CHIP5_13                         ff822db0 B4FK4F
fffcee90 CHIP5_15                         ff822f90 BURNBODY
fffcef20 CHIP5_17                         ff823050 B3RR3Z
fffcefb0 CHIP5_19                         ff8231b0 B4WA4D
ffd14c40 CHIP_B_P                         ff823290 B4CF4Z
ff92f310 CHK_CMOS                         ff823310 B4CR7A
ffd8bdc0 CHOGLOB_A                        ff8234b0 B2JD4A
ffd8be50 CHOGLOB_B                        ff8235d0 H2AH3A
ffd8bee0 CHOGLOT_A                        ff8236b0 H4AH3A
ffd8bf70 CHOGLOT_B                        ff823790 H2AE3A
ffd8bd30 CHOICBK                          ff8238b0 H4AE3A
ffd8c000 CHSHDB_A                         ff8239d0 H2AM3A
ffd8c090 CHSHDB_B                         ff823af0 H4AM3A
ffd33b80 CHSHDB_P                         ff823c10 H4BK3A
ffd8c120 CHSHDT_A                         ff823cb0 H2CP3A
ffd8c1b0 CHSHDT_B                         ff823dd0 H4LB3A
ffd33eb0 CHSHDT_P                         ff823f30 H3GU2A
ff9500f0 CIRCLE                           ff824090 H3GU4A
ff92bdc0 CKDIAG                           ff8241f0 H4KM3D
ff91eb90 CKDIP                            ff824330 H2KM3A
ff9574e0 CKPROMPT                         ff8244b0 H4KM3B
ff92bc60 CKTEST                           ff824610 H2NM3A
ff922fc0 CK_MAX                           ff8246f0 H4NM3A
ffda6f80 CLAPPER                          ff8247f0 H2MP2B
ffdaac30 CLD10                            ff824910 H4MP4A
ffdaaa00 CLD5                             ff824a30 H3DC3A
ffdaaa70 CLD6                             ff824b70 H4TI4B
ffdaaae0 CLD7                             ff824c90 H3GF7B
ffdaab50 CLD8                             ff824dd0 H3RL1A
ffdaabc0 CLD9                             ff824f90 H4MF4B
ffdaa970 CLDB1ORNG                        ff8250d0 H2PL3B
ffdaaca0 CLDB2                            ff8251f0 H4PL3X
ffdaad10 CLDB3                            ff825310 H2BC3A
ffdaad80 CLDB4                            ff825430 H4BC3A
ff85a980 CLEAR_PROCESSES                  ff825550 H4PS3A
ff8e4b60 CLEAR_SPEECH_REPEAT              ff825670 H2TW2A
ff8e5d40 CLIMB_ROPES                      ff825710 H4TW4A
ffdaa730 CLOBHIT01                        ff8257b0 H2ST2A
ffdaa7c0 CLOBHIT02                        ff8258d0 H4ST4A
ffdaa850 CLOBHIT03                        ff8259f0 H1TL5A
ffdaa8e0 CLOBHIT04                        ff825ad0 H1TT5A
ff9c7190 CLOSE_PROGRESS_SCREEN            ff825b90 H2WL1A
ff9c5370 CLOSE_SCREEN_LINE                ff825db0 H2WL2A
ff9c43c0 CLOSE_VERT_SCREEN_LINE           ff825fd0 H2WL8A
ff927560 CLR_AUDR                         ff8261f0 H4WL2A
ff927870 CLR_AUD                          ff8263f0 H4WL4A
ff91c600 CLR_CUR                          ff826610 H4WL5A
ff91c740 CLR_MAIN                         ff826830 H3RN3A
ff810b40 CLR_SCRN                         ff8269d0 H3BO3A
ffd8aed0 CMBOREVC                         ff826b10 H4UP3C
ff927910 CMOS_VAL                         ff826c90 H3UC3X
ffd84410 COFFIN01                         ff826df0 H3UC3Z
ffd844a0 COFFIN02                         ff826f50 H3MS3X
ffd84530 COFFIN03                         ff827010 H2PF2B
ffd845c0 COFFIN04                         ff827130 H4PF4B
ffd84650 COFFIN05                         ff827250 H4JK4C
ffd84a40 COFFIN6A                         ff827370 H4HU4B
ffd84ad0 COFFIN6B                         ff827470 H4SB4B
ffd269f0 COFFIN_P                         ff827570 H4JP4C
01162aa0 COINCNTR                         ff827650 H3RR3Z
ff926d90 COIN_PAG                         ff827790 H4KM3C
ff80e360 COLCYC                           ff8278d0 H3PG3A
ff873700 COLRPRC                          ff827970 H3ZZ3T
010f26e0 COLRTEMP                         ff827ad0 H4RF3A
ff946d50 COL_BARS                         ff827bf0 H3HT3X
ff92dec0 COL_INST                         ff827d90 H3FR3A
ffd931a0 COMBO_01                         ff827ef0 H3ZS3A
ffd93230 COMBO_02                         ff827f70 H4ZZ4C
ffd932c0 COMBO_03                         ff828050 H4ZZ4B
ffd93350 COMBO_04                         ff8280d0 H4GH3Z
ffd933e0 COMBO_05                         ff8281f0 H4GH3C
ffd93470 COMBO_06                         ff8282f0 H3AB3A
ffd93500 COMBO_07                         ff828390 H4POGO
ffd93590 COMBO_08                         ff828410 H3PN5A
ffd93620 COMBO_09                         ff828530 H3BR3Z
ffd936b0 COMBO_10                         ff8285d0 H3MS3Z
01164070 COMBO_FLASH_FLAG                 ff8286b0 H4LD4A
ffd34c90 COMBO_P                          ff828790 H4SL4C
ffd8ab70 CONTROLI                         ff8288d0 H3DU3A
ffd853d0 COOP                             ff828990 H3PP3X
ffd8f0f0 COUGHA01                         ff828ab0 H4BZ4A
ffd8f180 COUGHA02                         ff828af0 H4YR3A
ffd8f210 COUGHA03                         ff828bb0 H3HB3A
ffd8f2a0 COUGHA04                         ff828c30 H3BF3A
ffd8f330 COUGHA05                         ff828d10 H3RS3A
ffd8f3c0 COUGHA06                         ff828df0 H3DD3Z
ffd8f450 COUGHA07                         ff828ef0 H3DD3B
ffd8f4e0 COUGHA08                         ff828f90 H4TN4X
ffd8f570 COUGHA09                         ff829050 H4JD4B
0105c410 COUNTER_MODE                     ff8291d0 H4CR3D
ffcfc980 CPOSTB_P                         ff829370 D4BK3A
ffd00600 CPOSTTP2                         ff829470 D2AH2A
ffcfda30 CPOSTT_P                         ff8294f0 D2GD2A
ff92ba00 CPU_RET                          ff829650 D3AE3B
fffc8e60 CRAZY1                           ff829770 D3AH3B
fffc8ef0 CRAZY2                           ff829830 D3AM3A
fffc8f80 CRAZY3                           ff829950 D3GU4A
fffc9010 CRAZY4                           ff829a90 D3RC3A
fffc90a0 CRAZY5                           ff829bd0 D3SA3A
ff9236a0 CRD_SCRN                         ff829d10 D3UC3A
ff9236b0 CRD_SCRN2                        ff829e90 D4LB4A
ff9c1130 CREATE_DISQUAL                   ff829f50 D4LB4B
ff8ab150 CREATE_SWEAT                     ff829fd0 D2KM3B
ff8a6050 CREATE_TEXT_LINE                 ff82a110 D2KM3D
ff9c0760 CREATE_TIMEOUT                   ff82a150 D2NM3A
ff9ddad0 CREATE_URN2                      ff82a250 D3MP3A
ff923260 CRED_P                           ff82a370 D4KM3A
ffd1e1f0 CRHI_B_P                         ff82a4d0 D4MP4D
ffd1e230 CRHI_R_P                         ff82a5d0 D4NM3B
ffda5c60 CROSFIRE                         ff82a6d0 D3DC3C
ff945990 CROSS_H                          ff82a830 D2CR1A
011b8110 CROWDDATA                        ff82a9b0 D2CT2A
ffd15e90 CRPL_B_P                         ff82ab50 D2CT2B
ffd15d10 CRPL_G_P                         ff82ac30 D2CT2C
ffd16000 CRPL_R_P                         ff82aef0 D3CR3D
ffd16170 CRUTBH_P                         ff82b070 D3RL1B
ffd17180 CRUTBM_P                         ff82b1f0 D4FM4A
ffd18190 CRUTDK_P                         ff82b330 D4GF3A
ffd83a80 CRUTHI_B                         ff82b470 D4JD4A
ffd83b10 CRUTHI_R                         ff82b5f0 D4MF4A
ffd191a0 CRUTLX_P                         ff82b730 D4SW4C
ffd26210 CRUTPLTGP                        ff82b810 D5WN5B
ffd83c30 CRUTPLTG                         ff82b8d0 D5WN5Z
ffd834e0 CRUTPLT_B                        ff82b950 D4BZ3A
ffd83450 CRUTPLT_G                        ff82ba30 D3BF3A
ffd83570 CRUTPLT_R                        ff82bb50 D3HP3A
ffd1a1b0 CRUTRR_P                         ff82bc10 D4KH3A
ffd1b1c0 CRUTSM_P                         ff82bc90 D4SK4A
ffd1d1e0 CRUTUN_P                         ff82bcd0 D4BZ4A
ffd1c1d0 CRUTYK_P                         ff82bd10 D2BC3A
ffd83600 CRUT_BH                          ff82bdf0 D2PJ2A
ffd83690 CRUT_BM                          ff82bf90 D2PU3A
ffd83720 CRUT_DK                          ff82c0b0 D4BC3A
ffd837b0 CRUT_LX                          ff82c190 D4PJ4A
ffd83840 CRUT_RR                          ff82c2f0 D4PS3A
ffd838d0 CRUT_SM                          ff82c3f0 D4PU3C
ffd839f0 CRUT_UN                          ff82c510 D5GD3A
ffd83960 CRUT_YK                          ff82c670 D4BS3A
ff922320 CR_CONTP                         ff82c7b0 D2BS3A
ff9221c0 CR_STRTP                         ff82c8f0 D2RG3B
ffcff570 CSELBK2P                         ff82ca70 D4RG3A
fffcf0d0 CSELBK_A                         ff82cc10 D2TW2B
fffcf160 CSELBK_B                         ff82ccb0 D4TW4B
fffcf1f0 CSELBK_C                         ff82cd50 D1TR5Z
fffcf280 CSELBK_D                         ff82cdf0 D1TT5Z
fffcf310 CSELBK_E                         ff82ce90 D2ST2B
fffcf3a0 CSELBK_F                         ff82cf70 D2WL1A
ffd15540 CSELBK_P                         ff82d1d0 D2WL2A
fffcf430 CSELBV_A                         ff82d410 D2WL4B
fffcf4c0 CSELBV_B                         ff82d670 D3BO3B
fffcf550 CSELBV_C                         ff82d7d0 D3RN3B
fffcf5e0 CSELBV_D                         ff82d950 D4ST4E
0000003d CS_ENTS                          ff82da30 D4TH4A
011171f0 CURRENT_ANN_QUEUE                ff82da70 D4WL2A
011b43c0 CURRENT_LADDER                   ff82dcd0 D4WL4A
ff80e6e0 CYCLE_TABLE                      ff82df30 D4WL5A
01162a00 C_FLAGS                          ff82e190 D3TP3A
011629f0 C_FRAC                           ff82e270 D3ZS3A
ff82cd50 D1TR5Z                           ff82e2f0 D3AB3A
ff82cdf0 D1TT5Z                           ff82e390 D4POGO
ff829470 D2AH2A                           ff82e430 D3BK3Z
ff82bd10 D2BC3A                           ff82e530 D3HT3Q
ff82c7b0 D2BS3A                           ff82e650 D4SQ4A
ff82a830 D2CR1A                           ff82e6d0 D4CO4A
ff82a9b0 D2CT2A                           ff82e7b0 D3GS3X
ff82ab50 D2CT2B                           ff82e910 D4HS3B
ff82ac30 D2CT2C                           ff82ea30 D3HT3Z
ff8294f0 D2GD2A                           ff82ea70 D3PP3A
ff82fa50 D2KB3A                           ff82ebb0 D4YR3B
ff829fd0 D2KM3B                           ff82ec50 D4GH3A
ff82a110 D2KM3D                           ff82ed70 D3AK3A
ff82a150 D2NM3A                           ff82edf0 D4PN5A
ff82bdf0 D2PJ2A                           ff82eed0 D5GD4A
ff82bf90 D2PU3A                           ff82ef30 D3PP3Z
ff82c8f0 D2RG3B                           ff82f010 D3PD3Z
ffe561b0 D2ST2B03                         ff82f150 D3DD3C
ff82ce90 D2ST2B                           ff82f210 D3SA3X
ff82cc10 D2TW2B                           ff82f270 D3TN3A
ff82cf70 D2WL1A                           ff82f350 D3RR3Z
ff82d1d0 D2WL2A                           ff82f450 D3PM4C
ff82d410 D2WL4B                           ff82f4b0 D3OS3A
ff82e2f0 D3AB3A                           ff82f590 D3FD3E
ff829650 D3AE3B                           ff82f6d0 D4GP3C
ff829770 D3AH3B                           ff82f810 D3ES3A
ff82ed70 D3AK3A                           ff82f8f0 D4HM4A
ff829830 D3AM3A                           ff82fa50 D2KB3A
ff82ba30 D3BF3A                           ff82fb90 D4KB3A
ff82e430 D3BK3Z                           ff82fcd0 D3SK3X
ff82d670 D3BO3B                           ff82fdf0 L3GU4A
ff82aef0 D3CR3D                           ff82ff50 L2AE2A
ff82a6d0 D3DC3C                           ff830070 L2AH2A
ff82f150 D3DD3C                           ff830170 L4AH4A
ff82f810 D3ES3A                           ff830270 L4AE4A
ff82f590 D3FD3E                           ff830330 L3GU2A
ff82e7b0 D3GS3X                           ff830490 L4AM4B
ff829950 D3GU4A                           ff8305b0 L2AM2B
ff82bb50 D3HP3A                           ff8306d0 L4AH4B
ff82e530 D3HT3Q                           ff830750 L3PB3A
ff82ea30 D3HT3Z                           ff830890 L3CP3B
ff82a250 D3MP3A                           ff8308d0 L3MF3B
ff82f4b0 D3OS3A                           ff8309d0 L3UC3A
ff82f010 D3PD3Z                           ff830ab0 L2KM3A
ff82f450 D3PM4C                           ff830bf0 L4KM3B
ff82ea70 D3PP3A                           ff830d30 L4NM3B
ff82ef30 D3PP3Z                           ff830e30 L4KB3C
ff829a90 D3RC3A                           ff830f50 L3DC3B
ff82b070 D3RL1B                           ff830fd0 L4BK3B
ff82d7d0 D3RN3B                           ff831090 L4BK3C
ff82f350 D3RR3Z                           ff8310f0 L3RL1A
ff829bd0 D3SA3A                           ff831270 L4HM3A
ff82f210 D3SA3X                           ff8313b0 L4PT3B
ff82fcd0 D3SK3X                           ff8314d0 L4BZ3C
ff82f270 D3TN3A                           ff831610 L4BC3D
ff82e190 D3TP3A                           ff8316f0 L2BC3E
ff829d10 D3UC3A                           ff8317d0 L4PS3A
ff82e270 D3ZS3A                           ff831870 L4PU3B
ff82c0b0 D4BC3A                           ff8319b0 L2PJ3C
ff829370 D4BK3A                           ff831a70 L2PU2B
ff82c670 D4BS3A                           ff831bb0 L2TW2Z
ff82b950 D4BZ3A                           ff831c70 L4TW4Z
ff82bcd0 D4BZ4A                           ff831d30 L4TI4B
ff82e6d0 D4CO4A                           ff831e70 L4WL4A
ff82b1f0 D4FM4A                           ff8320d0 L4WL5A
ff82b330 D4GF3A                           ff832310 L2WL2A
ff82ec50 D4GH3A                           ff832570 L4WL2B
ff82f6d0 D4GP3C                           ff832790 L2WL1B
ff82f8f0 D4HM4A                           ff8329b0 L2WL8A
ff82e910 D4HS3B                           ff832bf0 L3RN3B
ff82b470 D4JD4A                           ff832d90 L4BO3Z
ff82fb90 D4KB3A                           ff832ef0 L1TT5A
ff82bc10 D4KH3A                           ff833030 L1TR5A
ff82a370 D4KM3A                           ff833170 L2ST2C
ff829e90 D4LB4A                           ff833270 L4ST4C
ff829f50 D4LB4B                           ff833370 L3RS3A
ff82b5f0 D4MF4A                           ff833450 L3FO3A
ff82a4d0 D4MP4D                           ff833570 L4HT3A
ff82a5d0 D4NM3B                           ff833710 L3BR3Z
ff82c190 D4PJ4A                           ff833770 L4CF4A
ff82edf0 D4PN5A                           ff8338d0 L4ZZ5B
ffd85460 D4PN5L04                         ff833990 L4PO4A
ffd854f0 D4PN5L05                         ff833af0 L3DD3A
ff82e390 D4POGO                           ff833b70 L3UC3Z
ff82c2f0 D4PS3A                           ff833cd0 L3UC3X
ff82c3f0 D4PU3C                           ff833e30 L3TN3X
ff82ca70 D4RG3A                           ff833ef0 L3BF3A
ff82bc90 D4SK4A                           ff833f70 L3VS3A
ff82e650 D4SQ4A                           ff8340d0 L4BZ3B
ff82d950 D4ST4E                           ff8341d0 L3ZS3A
ff82b730 D4SW4C                           ff834250 L4GH3Z
ff82da30 D4TH4A                           ff834310 L4GH3B
ff82ccb0 D4TW4B                           ff8343f0 L3AB3A
ff82da70 D4WL2A                           ff834490 L4POGO
ff82dcd0 D4WL4A                           ff834530 L3PN5B
ff82df30 D4WL5A                           ff834690 L3PN5D
ff82ebb0 D4YR3B                           ff834770 L4FX5B
ff82c510 D5GD3A                           ff8348f0 L3MS3Z
ff82eed0 D5GD4A                           ff8349d0 L4WS4B
ff82b810 D5WN5B                           ff834a70 L4SW5A
ff82b8d0 D5WN5Z                           ff834bd0 L4CO4Z
01163e40 DAM_MULT                         ff834d10 L3DU3A
fffc9130 DAVEMSK1                         ff834e50 L3GP3Z
fffc91c0 DAVEMSK2                         ff834f30 L4GF3B
fffc9250 DAVEMSK3                         ff835050 L4YR3B
fffc92e0 DAVEMSK4                         ff8350f0 L3BF3B
ffd9f210 DBELL01                          ff8351d0 L4BZ4A
ffd9f2b0 DBELL02                          ff835210 L3TF3X
ffd9f350 DBELL03                          ff8352d0 L3FH3A
ffd9f3f0 DBELL04                          ff8353b0 L3FD3B
ffd9f490 DBELL05                          ff835490 L4MP3A
ffd9f530 DBELL06                          ff8355f0 L2MP2A
ffd9f5d0 DBELL07                          ff835750 L2PT2B
ffd9f670 DBELL08                          ff8358d0 L4PT4B
ffd9f710 DBELL09                          ff835a50 L3PJ3F
ffd9f7b0 DBELL10                          ff835bb0 L3CP3X
ffd9f850 DBELL11                          ff835cb0 L3GU4B
ffd9f8f0 DBELL12                          ff835e10 L4HU4A
ffd9f990 DBELL13                          ff835f50 L4SB4A
ffd9fa30 DBELL14                          ff836050 L3RR3Z
ffd9fad0 DBELL15                          ff836190 L4WA4B
ffd37250 DBELL_P                          ff8362f0 L4CR3B
ff921970 DBV                              ff836470 L4JD4A
ffd35680 DCLIQU3                          ff836590 R2AH2D
01163250 DCODE                            ff836690 R4AH4C
ffda5cf0 DDT                              ff8367b0 R4AM4B
ff970af0 DEC_HSR                          ff836870 R2BK3E
ff8db530 DEFAULT_SOUND_TABLE              ff8368b0 R4BK3D
ff928310 DEF_PAGE                         ff836990 R2AE2A
ff803810 DELBOBJ                          ff836ab0 R4AE4B
ff9728e0 DELETE_ANY_OFF_TOP               ff836c50 R4LB4Z
ff803860 DELOBJ                           ff836cf0 R3AM3D
ff803850 DELOBJA8                         ff836df0 R3GU2A
ff803ad0 DELOBJDIE                        ff836f30 R3GU4A
fffc9370 DEWY1                            ff837090 R3TD3A
fffc9400 DEWY2                            ff8371d0 R4AM3X
fffc9490 DEWY3                            ff8372f0 R4NM3C
fffc9520 DEWY4                            ff837450 R3DC3C
010f2a20 DIAG0                            ff8375b0 R4KM3A
ff92bf10 DIAG                             ff837710 R2KM3X
010f2a40 DIAG1                            ff837850 R4SW4Z
ff93e6e0 DIAGCPUTEST                      ff8378f0 R4MF4B
ffda5750 DIAGLGO_B                        ff837a30 R4GF3B
ffda56c0 DIAGLGO_R                        ff837b90 R3RL1B
ffd21740 DIAGP                            ff837d10 R4WP5C
ff92e3d0 DIAG_COLORS                      ff837e30 R4FC3B
ff92c200 DIAG_EX                          ff837f90 R3RC3R
ff92e0a0 DIGSRT                           ff838030 R2MK3A
fffbe800 DIPCOINTAB                       ff838110 R2PU3A
0105c140 DISPLAYON                        ff838230 R4PU3A
ff801310 DISPLAY                          ff838350 R2BC3B
ffd8ec70 DISQDS01                         ff838470 R4BC3A
ffd8ed00 DISQDS02                         ff838590 R4UP3C
ffd8ed90 DISQDS03                         ff8386b0 R4PS3A
ffd8ee20 DISQDS04                         ff8387d0 R4PJ4B
ffd8eeb0 DISQDS05                         ff8388b0 R2PF2B
ffd8ef40 DISQDS06                         ff838a10 R4PF4B
ffd8efd0 DISQDS07                         ff838b70 R2TW2Z
ffd8f060 DISQDS08                         ff838c10 R4TW4Z
ffd8d950 DISQUA01                         ff838cb0 R1TT5Z
ffd8d9e0 DISQUA02                         ff838d50 R1TR5Z
ffd8da70 DISQUA03                         ff838df0 R2ST2C
ffd8db00 DISQUA04                         ff838f30 R4ST4G
ffd8db90 DISQUA05                         ff839030 R2WL1A
ffd8dc20 DISQUA06                         ff8392d0 R2WL2A
ffd8dcb0 DISQUA07                         ff839570 R2WL4B
ffd8dd40 DISQUA08                         ff839830 R4WL2A
ffd8ddd0 DISQUA09                         ff839ad0 R4WL4A
ffd37980 DIZZY_P                          ff839d30 R4WL5A
ffcfdc40 DKCUR_P                          ff839f90 R4YR3A
ffd6bcb0 DKMUGA_P                         ff83a030 R3RN3D
ffd6cc60 DKMUGB_P                         ff83a210 R4BO3Z
ffd6dc30 DKMUGC_P                         ff83a370 R3LE3A
ffd6ec10 DKMUGD_P                         ff83a410 R3DD3C
ffd6fc10 DKMUGE_P                         ff83a510 R3AM3X
ffd70c10 DKMUGF_P                         ff83a550 R3TN3X
ffd71c00 DKMUGG_P                         ff83a610 R3ZS3C
ffd72bc0 DKMUGH_P                         ff83a690 R4GH3A
ffdadee0 DKMUG_A                          ff83a790 R4SW4D
ffdadf70 DKMUG_B                          ff83a910 R3AB3A
ffdae000 DKMUG_C                          ff83a9b0 R3ZR3B
ffdae090 DKMUG_D                          ff83aa30 R3ZR3C
ffdae120 DKMUG_E                          ff83ab30 R4POGO
ffdae1b0 DKMUG_F                          ff83abf0 R3PN5A
ffdae240 DKMUG_G                          ff83acd0 R5RV5A
ffdae2d0 DKMUG_H                          ff83af30 R3BR3Z
01000210 DMAQCUR                          ff83afb0 R3MS3Z
0104af70 DMAQ                             ff83b090 R3MS3Q
ffdb7f30 DNK3                             ff83b130 R4LD4A
ffd7f860 DNK3P                            ff83b230 R4CO4A
ffd27930 DNKBLU_P                         ff83b350 R3DU3B
ffd089d0 DNKGRN_P                         ff83b3f0 R3GP3Z
ffd08de0 DNKGRY_P                         ff83b510 R3BF3A
ffd0b270 DNKORG_P                         ff83b670 R4BZ4A
ffd0ae60 DNKPNK_P                         ff83b6b0 R3HB3A
ffd085c0 DNKPRP_P                         ff83b730 R3RG3B
ffd0b680 DNKRED_P                         ff83b950 R3RG3Z
ffd0ba90 DNKYEL_P                         ff83b9d0 R3FD3B
ffda5d80 DOBLSNAP                         ff83bb10 R3HG3B
ff934160 DOBORDER                         ff83bbf0 R4MP4D
ffd841d0 DOINK                            ff83bd30 R2MP2A
ffd893b0 DOINK_STAND                      ff83be70 R2CT2E
01116d20 DONE_HOWARD                      ff83bff0 R4SB4A
ffd8de60 DOUBLE01                         ff83c150 R3PG3B
ffd8def0 DOUBLE02                         ff83c2b0 R4FT3A
ffd8df80 DOUBLE03                         ff83c3f0 R3RZ3S
ffd8e010 DOUBLE04                         ff83c590 R3RD3D
ffd8e0a0 DOUBLE05                         ff83c710 R3RR3Z
ffd8e130 DOUBLE06                         ff83c850 R3CR3A
ffd8e1c0 DOUBLE07                         ff83c9f0 R4JD4A
ffd8e250 DOUBLE08                         ff83cb10 S2AE3A
ffd8e2e0 DOUBLE09                         ff83cc30 S2AH3A
ffd8b110 DOUBPERF                         ff83cd10 S2AM3A
ff91f570 DO_ADJH                          ff83ce30 S4AE3B
ff97a9b0 DO_BEATEN_GAME                   ff83cf50 S4AH3D
ff920260 DO_BIG_LINE                      ff83d030 S4AM3A
ff8eb150 DO_BLOCKED                       ff83d150 S4BK3A
ff8eadf0 DO_BLOCK_SND                     ff83d210 S4LB3A
ff8e9f50 DO_BRET_PUSH                     ff83d350 S3CP3B
ff8ea680 DO_CHOKE                         ff83d450 S3GU2A
ff9b8990 DO_COMBO_MESS                    ff83d590 S3GU4A
ffceece0 DO_CROWD_CHEER                   ff83d6d0 S3UC3X
ff8e9f90 DO_DOINK_PUSH                    ff83d7f0 S3FD3X
ff8ea520 DO_DOINK_SLAM                    ff83d910 S3OS3X
ff8b1380 DO_EYES                          ff83da70 S3OS3Z
ff8e9df0 DO_FLAME_HIT_SND                 ff83dbd0 S2KM3A
ff8e9d00 DO_FLAME_SND                     ff83dd10 S2MP2A
ff9cd5c0 DO_FLASH                         ff83de30 S2NM3A
ffc1d290 DO_GRUNT                         ff83df30 S3DC3A
ff905500 DO_HINTS                         ff83e090 S4KM3C
ff9cdee0 DO_JASON_CROWD                   ff83e1d0 S4MP4C
ff8e9f10 DO_LEX_PUSH                      ff83e2f0 S4NM3A
ff8ea870 DO_NONO                          ff83e3f0 S3FL3X
ff8ea820 DO_OTHERNONO                     ff83e450 S3ZI3A
ff8ea010 DO_RAZOR_PUSH                    ff83e5d0 S4SK3Y
ff8eb020 DO_RAZOR_RUG_SPEECH              ff83e750 S4KI3Q
ff9b81b0 DO_REVERSAL_MESS                 ff83e890 S4MP4D
ff8e7660 DO_REVERSAL                      ff83e9b0 S4GF3B
ff8eb350 DO_SCREAM                        ff83eb10 S3RL3A
ff85a8e0 DO_SET_IMAGES                    ff83ec70 S3MF3B
ff8e9fd0 DO_SHAWN_PUSH                    ff83ed70 S2CT2A
ff97acd0 DO_TAG_GAME                      ff83eeb0 S4SB4B
ff9ce530 DO_TONY_CROWD                    ff83efd0 S4BF3A
ff9cebe0 DO_VOGEL_CROWD                   ff83f090 S4TI4B
ff8ea3e0 DO_WAIL                          ff83f130 S4FG3A
ffd38100 DPLT_B_P                         ff83f190 S3BH3A
ffd33150 DPLT_P2P                         ff83f2b0 S3SG3A
ffd22680 DPLT_R_P                         ff83f3d0 S4PT3B
ffd2cbb0 DPLT_W_P                         ff83f510 S4KI3I
ff9c67e0 DRKTRPLTP                        ff83f650 S4MK3A
ffd89db0 DRONMETR                         ff83f750 S2BC3B
ff950700 DSCRCLR                          ff83f870 S4BC3A
ff9c3ec0 DUMRETS                          ff83f990 S4PS3A
ffd21480 DUXPAL                           ff83fa30 S4PU3D
ffcff8e0 ELBKPALS                         ff83fb50 S2PJ3C
ffda5e10 ELBOWDRP                         ff83fc90 S2PU3C
ffda3d50 ELIMMTCH                         ff83fdb0 S2PJ3D
01117210 ENDLESS_SOUND                    ff83fed0 S4PJ3F
ff8e95f0 END_MATCH_SPEECH                 ff83fff0 S4GS3C
ff80ec10 ERASE_TXT                        ff840190 S2TW2B
ffd00df0 ERPALS                           ff840230 S4TW4C
ff9054b0 ERRORLOG                         ff8402d0 S2WL1A
fffcc070 EUG1                             ff840510 S2WL2B
fffcc100 EUG2                             ff840750 S2WL8A
fffcc190 EUG3                             ff840970 S4WL2A
fffcc220 EUG4                             ff840b90 S4WL4C
ffda71c0 EUGMUG                           ff840df0 S4WL5B
ffd3a250 EUGMUG_P                         ff841010 S1TT5Z
ffd898f0 EUGTIP                           ff8410b0 S1TR5Z
ff803ec0 EXISTOBJ                         ff841150 S3BO3A
ff819da0 EXISTP                           ff841290 S2ST2C
ffda5ea0 EYERAKER                         ff8414d0 S4ST4C
ffda5f30 FACESLAM                         ff841750 S3RN3A
ff928320 FAC_SET                          ff841910 S3ZS3A
ff95b940 FAC_STUF                         ff841990 S4CD3A
0105ed20 FADERAM                          ff841ab0 S4POGO
ff8ec630 FADE_MASTER_VOL                  ff841b30 S3PN5C
ffcffe80 FARCRDP2                         ff841c30 S4SW4A
ffd14410 FARCRD_P                         ff841d90 S3BR3Z
ffd8b080 FASTVIC                          ff841e50 S3PM4B
ffd35260 FGR2YL_P                         ff841e90 S3MS3Z
ffd94b80 FGRN2YEL                         ff841f70 S3CF3Z
ff810250 FILLAREA                         ff842050 S4LD4A
011b4620 FINAL_BATTLE_LINEUP              ff8421b0 S4CO4A
011b46a0 FINAL_PTR                        ff8422d0 S4GH3A
ff8eaa30 FIND_AND_KILL_ENDLESS            ff842410 S3GP3X
ff982390 FIND_LOW_TABLE_LEVEL             ff842510 S4YR3A
ffdaa3d0 FIREBALL1                        ff8425f0 S3BF3A
ffdaa460 FIREBALL2                        ff8426f0 S4BZ4A
ffdaa4f0 FIREBALL3                        ff842730 S4GH3C
ffdaa580 FIREBALL4                        ff842850 S3RS3A
ffdaa610 FIREBALL5                        ff842930 S3DD3B
ffdaa6a0 FIREBALL6                        ff8429f0 S3UC3Z
ffd3e050 FIREBL_P                         ff842b10 S3TN3X
ffda5fc0 FIRESPL                          ff842bd0 S3SK3A
ff9b6bc0 FIRSTATT_MESS                    ff842cb0 S3KT3A
ffda6050 FIRSTATT                         ff842dd0 S3KF3C
ffda5510 FIRSTFAL                         ff842e90 S3GA3A
ffd9d690 FISHF01                          ff842fd0 S3AB3A
ffd9d730 FISHF02                          ff843070 S4PJ3E
ffd9d7d0 FISHF03                          ff8431b0 S4TD3F
ffd9d870 FISHF04                          ff8432f0 S3RR3Z
ffd9d910 FISHF05                          ff843450 S3CR3A
ffd9d9b0 FISHT01                          ff8434f0 U3CP3B
ffd9da50 FISHT02                          ff8435f0 U2AH3A
ffd9daf0 FISHT03                          ff8436f0 U4AH3A
ffd9db90 FISHT04                          ff8437d0 U4AM4C
ffd9dc30 FISHT05                          ff8438b0 U2AM2A
ffd9dcd0 FISHT06                          ff843990 U3AE4A
ffd9dd70 FISHT07                          ff843a90 U4BK3C
ffd9de10 FISHT08                          ff843b70 U4LB4A
ffd9deb0 FISHT09                          ff843c50 U3FD3B
ffd9df50 FISHT10                          ff843d50 U3GD2A
ffd9dff0 FISHT11                          ff843e70 U3GD4A
ffd9e090 FISHT12                          ff843f90 U4KM3E
ffd9e130 FISHT13                          ff8440d0 U2KM3B
ffd9e1d0 FISHT14                          ff8441f0 U4BG3A
ffd9e270 FISHT15                          ff8442f0 U3DC3A
ffd36e60 FISH_P                           ff844410 U2KB3A
ffd8af60 FIVEWIN                          ff844510 U4KB3A
ffda8840 FLAMEA01                         ff844630 U2NM3A
ffda88d0 FLAMEA02                         ff844750 U4NM3A
ffda8960 FLAMEA03                         ff844850 U4BF3A
ffda89f0 FLAMEA04                         ff8448d0 U4BF3Z
ffda8a80 FLAMEA05                         ff844a30 U4GF3A
ffda8b10 FLAMEA06                         ff844b50 U2CT2C
ffda8ba0 FLAMEA07                         ff844cb0 U4SB4A
ffda8c30 FLAMEA08                         ff844dd0 U4PM3C
ffda8cc0 FLAMEA09                         ff844ed0 U4TI4C
ffda8d50 FLAMEA10                         ff844fd0 U4FG3A
fff92ca0 FLASH01                          ff845050 U3CR3A
fff92d30 FLASH02                          ff8451f0 U4GH3Z
fff92dc0 FLASH03                          ff8452f0 U4UP3C
fff92e50 FLASH04                          ff8453b0 U2PL3A
fff92ee0 FLASH05                          ff8454d0 U4PL3A
fffcd4b0 FLASH1                           ff8455f0 U4PS3A
fffcd540 FLASH2                           ff845710 U4BC3A
ffd00b40 FLASH2P                          ff845830 U2BC3A
ffd14820 FLASH4_P                         ff845950 U4JP4C
ff80e1d0 FLASHME                          ff8459d0 U4TW4A
ffd22060 FLASHP_P                         ff845a90 U2TW2A
ffd22370 FLASHR_P                         ff845b50 U2ST2C
011b4670 FLASH_FLAG                       ff845c90 U4ST4D
ffd13880 FLASH_P                          ff845dd0 U4WL4A
ffda60e0 FLYBUTT                          ff846110 U4WL2C
ffda6170 FLYCLOTH                         ff846390 U2WL1A
ffd20880 FNT9PRP_P                        ff8465d0 U2WL8A
ffd207c0 FNT9RED_P                        ff846850 U4WL5A
ffd20800 FNT9WHT2P                        ff846ad0 U2WL2A
ffd20780 FNT9WHT_P                        ff846dd0 U1TT5A
ffd20840 FNT9YEL_P                        ff846e90 U1TR5A
fff9b900 FNT9_0A                          ff846f50 U4YR3B
fff9b4a0 FNT9_0                           ff847010 U3RN3A
fff9b510 FNT9_1A                          ff847130 U4BO3Z
fff9b0b0 FNT9_1                           ff847290 U3RS3A
fff9b120 FNT9_2                           ff847370 U4FT3A
fff9b580 FNT9_2A                          ff8474f0 U3DD3A
fff9b5f0 FNT9_3A                          ff847650 U3DD3X
fff9b190 FNT9_3                           ff847790 U3PG3A
fff9b200 FNT9_4                           ff8478b0 U3ZT3A
fff9b660 FNT9_4A                          ff8479d0 U2LN2A
fff9b6d0 FNT9_5A                          ff847ab0 U2NS3X
fff9b270 FNT9_5                           ff847c10 U3SU3A
fff9b2e0 FNT9_6                           ff847d30 U3SU4A
fff9b740 FNT9_6A                          ff847e50 U3SU2B
fff9b350 FNT9_7                           ff847f70 U3TN3B
fff9b7b0 FNT9_7A                          ff848050 U3DD3B
fff9b3c0 FNT9_8                           ff848150 U3FH3A
fff9b820 FNT9_8A                          ff848210 U3FD3X
fff9b430 FNT9_9                           ff8482f0 U3TBSM
fff9b890 FNT9_9A                          ff848470 U3ZS3B
fff9a1a0 FNT9_A                           ff8484f0 U3AB3A
fff9ae10 FNT9_APO                         ff848590 U3MS3B
fff9a230 FNT9_B                           ff848710 U4WA4H
fff9a2c0 FNT9_C                           ff848870 U4POGO
fff9ae80 FNT9_COL                         ff848910 U4GH3A
fff9a350 FNT9_D                           ff8489d0 U3BR3Z
fff9afd0 FNT9_DEL                         ff848a70 U3MS3Z
fff9aef0 FNT9_END                         ff848b50 U3CF3Q
fff9a3e0 FNT9_E                           ff848bf0 U4LD4A
fff9ada0 FNT9_EXP                         ff848d10 U4CO4B
fff9a450 FNT9_F                           ff848e30 U4GH3C
fff9a4c0 FNT9_G                           ff848fb0 U3DU3B
fff9a530 FNT9_H                           ff849110 U3PP3X
fff9a5a0 FNT9_I                           ff8491f0 U3GP3X
fff9a610 FNT9_J                           ff8492d0 U4BZ4A
fff9a680 FNT9_K                           ff849310 U3PN5A
fff9a6f0 FNT9_L                           ff8494b0 U5RV5A
fff9a760 FNT9_M                           ff849590 U2MP2A
fff9a7d0 FNT9_N                           ff8496b0 U4MP4A
fff9a840 FNT9_O                           ff8497d0 U2JP2C
fff9b040 FNT9_PER                         ff849910 U4JP4D
fff9a8b0 FNT9_P                           ff849a50 U4JK4A
fff9a920 FNT9_Q                           ff849bb0 U3RR3Z
fff9a990 FNT9_R                           ff849cf0 U3CR3B
[...]
ffc78560 und_climbthru_bot_anim           fff9b5f0 FNT9_3A
ffc77260 und_climbthru_side_anim          fff9b660 FNT9_4A
ffc78f30 und_climbthru_top_anim           fff9b6d0 FNT9_5A
ffcdd8c0 und_coffin_up                    fff9b740 FNT9_6A
ffc60b90 und_combo_butt_anim              fff9b7b0 FNT9_7A
ffc67950 und_combo_flying_butt_drop_anim  fff9b820 FNT9_8A
ffc75a60 und_combo_flying_kick_anim       fff9b890 FNT9_9A
ffc63af0 und_combo_kick_anim              fff9b900 FNT9_0A
ffc89630 und_combo_neckbreaker_anim       fff9b970 WSF14_1
ffc597f0 und_combo_punch_anim             fff9ba00 WSF14_2
ffc5b4a0 und_combo_slap_anim              fff9ba90 WSF14COL
ffc7d200 und_combo_sliding_choke_anim     fff9bb00 WSF14_A
ffc8d3a0 und_combo_snapmirror_anim        fff9bb70 WSF14_B
ffc659c0 und_combo_super_kick_anim        fff9bbe0 WSF14_C
ffc86340 und_combo_tombstone_anim         fff9bc50 WSF14_D
ffc7be20 und_combo_tombstone_smash_anim   fff9bcc0 WSF14_E
ffc5aa30 und_combo_uppercut_anim          fff9bd30 WSF14_F
ffc72f40 und_dizzy_anim                   fff9bda0 WSF14_G
ffc71e80 und_faceup_getup_anim            fff9be10 WSF14_H
ffc70bf0 und_fall_back2_anim              fff9be80 WSF14_I
ffc70460 und_fall_back_anim               fff9bef0 WSF14_J
ffc71ae0 und_fall_back_tbukl_anim         fff9bf60 WSF14_K
ffc68030 und_flying_butt_drop_anim        fff9bfd0 WSF14_L
ffc74960 und_flying_kick2_anim            fff9c040 WSF14_M
ffc74c60 und_flying_kick_anim             fff9c0b0 WSF14_N
ffc73960 und_flyout2_anim                 fff9c120 WSF14_O
ffc736a0 und_flyout_anim                  fff9c190 WSF14_P
ffc912f0 und_get_buzz_anim                fff9c200 WSF14_Q
ffc726a0 und_getup2_anim                  fff9c270 WSF14_R
ffc724f0 und_getup_anim                   fff9c2e0 WSF14_S
ffc6e060 und_head_hit2_anim               fff9c350 WSF14_T
ffc6e410 und_head_hit2s_anim              fff9c3c0 WSF14_U
ffc6e6c0 und_head_hit_dizzy_anim          fff9c430 WSF14_V
ffc79fa0 und_heldoh_anim                  fff9c4a0 WSF14_W
ffc6ff40 und_hitonground_anim             fff9c510 WSF14_X
ffc6ff30 und_hitonground_xflip_anim       fff9c580 WSF14_Y
ffc62bc0 und_kick_TB_anim                 fff9c5f0 WSF14_Z
ffc76f00 und_knockdwn_anim                fff9c660 WSF14_0
ffaadf40 und_leg_anims_table              fff9c6d0 WSF14_3
ffc70250 und_liedown_anim                 fff9c740 WSF14_4
ffc8a240 und_neckbreaker2_anim            fff9c7b0 WSF14_5
ffc8a4c0 und_neckbreaker3_anim            fff9c820 WSF14_6
ffc8a8b0 und_neckbreaker_anim             fff9c890 WSF14_7
ffc907c0 und_neckbroken_anim              fff9c900 WSF14_8
ffc86f70 und_pile_anim                    fff9c970 WSF14_9
ffc6f9c0 und_quick_knee_hit_anim          fff9c9e0 WSF14COM
ffc746d0 und_roll_frames                  fff9ca50 WSF14PER
ffc795b0 und_rollthru_top_anim            fff9cac0 WSF14SLS
ffaadd40 und_rotate_anims_table           fff9cb30 WSF14QUE
ffc58450 und_run2_anim                    fff9cba0 WSF14EXC
ffc584c0 und_run_anim                     fff9cc10 WSF14DOL
ffc97ec0 und_slambounce2_anim             fff9cc80 WSF14AND
ffc97b20 und_slambounce_anim              fff9ccf0 WSF14PCT
ffc978a0 und_slamnobounce_anim            fff9cd60 WSF14NUM
ffc7e740 und_sliding_choke_anim           fff9cdd0 WSF14PRL
ffa96100 und_smove_table                  fff9ce40 WSF14APO
ffc98710 und_spirit_pull_anim             fff9ceb0 WSF10_A
ff8948f0 und_spirit_pull                  fff9cf40 WSF10_B
ff894910 und_spirit_push                  fff9cfd0 WSF10_C
ffc98d20 und_spirit_push_anim             fff9d060 WSF10_D
ffc55710 und_stand2_anim                  fff9d0d0 WSF10_E
ffc558e0 und_stand4_anim                  fff9d140 WSF10_F
ffc558e0 und_stand6_anim                  fff9d1b0 WSF10_G
ffc55710 und_stand8_anim                  fff9d220 WSF10_H
ffc686f0 und_tbukl_butt_drop_anim         fff9d290 WSF10_I
ff8a2f30 und_tombbits                     fff9d300 WSF10_J
ff8a2bb0 und_tombbits2                    fff9d370 WSF10_K
ffc7a710 und_tombstone_smash_anim         fff9d3e0 WSF10_L
ffc55ab0 und_torso2_anim                  fff9d450 WSF10_M
ffc55c40 und_torso4_anim                  fff9d4c0 WSF10_N
ffc55c40 und_torso6_anim                  fff9d530 WSF10_O
ffc55ab0 und_torso8_anim                  fff9d5a0 WSF10_P
ffaae740 und_torso_anims_table            fff9d610 WSF10_Q
ffc76a50 und_tossed2_anim                 fff9d680 WSF10_R
ffc76780 und_tossed_anim                  fff9d6f0 WSF10_S
ffc702c0 und_up_anim                      fff9d760 WSF10_T
ffaadb40 und_velocity_table               fff9d7d0 WSF10_U
ffc55dd0 und_walk1_f2_anim                fff9d840 WSF10_V
ffc569d0 und_walk1_f4_anim                fff9d8b0 WSF10_W
ffc55f90 und_walk2_f2_anim                fff9d920 WSF10_X
ffc56bc0 und_walk2_f4_anim                fff9d990 WSF10_Y
ffc561e0 und_walk4_f2_anim                fff9da00 WSF10_Z
ffc56db0 und_walk4_f4_anim                fff9da70 WSF10_0
ffc563d0 und_walk5_f2_anim                fff9dae0 WSF10_1
ffc57030 und_walk5_f4_anim                fff9db50 WSF10_2
ffc56590 und_walk6_f2_anim                fff9dbc0 WSF10_3
ffc57220 und_walk6_f4_anim                fff9dc30 WSF10_4
ffc567e0 und_walk8_f2_anim                fff9dca0 WSF10_5
ffc57410 und_walk8_f4_anim                fff9dd10 WSF10_6
ffc556d0 und_zip_anim                     fff9dd80 WSF10_7
0110a710 up_dtime1                        fff9ddf0 WSF10_8
ff9af6a0 update_credit_msg                fff9de60 WSF10_9
ff878ad0 update_timer                     fff9ded0 WSF10PCT
011050b0 vln_left_fence                   fff9df40 WSF10EXC
010f9290 vln_left_matedge                 fff9dfb0 WSF10COM
010fda30 vln_left_matedge2                fff9e020 WSF10PER
010f5a10 vln_left_rope                    fff9e090 WSF10DSH
010ffe50 vln_right_fence                  fff9e100 WSF10NUM
010f6f10 vln_right_matedge                fff9e170 remaining
010fb610 vln_right_matedge2               fff9e1e0 WSF10APO
010f4510 vln_right_rope                   fffa0a30 MEN_ADJ
ff902f70 wait_on_butn                     fffb13a0 MEN_MAIN
ff914130 wgsf24_ascii                     fffb2780 MEN_YN
01117290 which_one_first                  fffb4890 MESS_MM
011633e0 which_player                     fffb6100 MESS_FAC
01117270 which_table                      fffbe800 DIPCOINTAB
ffb30200 win_announce                     fffbeca8 USA_1
ff918130 win_ascii                        fffbece0 USA_2
ff97b060 winstreak_check                  fffbed10 USA_3
ff8df810 wmania_tune                      fffbed40 USA_4
ff867b00 wobble_ropes                     fffbeea0 USA_ELECTITLE
ffce70f0 wres_collis_off                  fffbeee0 FRENCH_ELECTITLE
ff871240 wres_get_but_val_cur             fffbef40 GERMAN_ELECTITLE
ff871190 wres_get_but_val_down            fffbf000 GERMAN_1
ff8712f0 wres_get_but_val_up              fffbf050 GERMAN_2
ff871450 wres_get_stick_rel_cur           fffbf0a0 GERMAN_3
ff871560 wres_get_stick_rel_new           fffbf0f0 GERMAN_4
ff8713a0 wres_get_stick_val_cur           fffbf190 FRENCH_1
ff8719b0 wres_get_stick_val_down          fffbf1e0 FRENCH_2
ff871a60 wres_get_stick_val_up            fffbf230 FRENCH_3
011b7c80 wres_mv_done                     fffbf280 FRENCH_4
ff88abb0 wres_slave_anim                  fffc7300 TWO_TS
010f3150 wrest_joystat                    fffc7590 TWO_TP
ff990b50 wrestler_attributes              fffc7960 HORZTRN1
ff986120 wrestler_audits                  fffc79f0 HORZTRN2
010f44c0 wrestler_count                   fffc7bf0 FUJI01
010f44d0 wrestler_count_proc              fffc7cd0 FUJI02
ff878cc0 wrestler_counter                 fffc7db0 FUJI03
ff9f74c0 wrestler_hit                     fffc7e90 FUJI04
ff9f60d0 wrestler_hit_special             fffc7f70 WATER01
ff991830 wrestler_mugs2                   fffc8050 WATER02
ff991710 wrestler_mugs                    fffc8130 WATER03
011b7ac0 wrestler_number                  fffc8210 WATER04
ff870730 wrestler_veladd                  fffc82f0 WATER05
010f3f70 wrestler_x                       fffc83d0 WATER06
010f4070 wrestler_y                       fffc84b0 WATER07
010f4170 wrestler_z                       fffc8590 BLUURN01
ff8e0ca0 wrtable_sound                    fffc8670 BLUURN02
ff915130 wsf10_ascii                      fffc8750 BLUURN03
ff916130 wsf14_ascii                      fffc8830 BLUURN04
ffcf6b50 wwfblankBMOD                     fffc8910 BLUURN05
ffcf79d0 wwfselbkBMOD                     fffc89e0 ALEX1
ffda40b0 xDAMAGE                          fffc8a70 ALEX2
ff9ffe10 xxx_aborted_attach_anim          fffc8b00 ALEX3
ffad1040 xxx_burn_anim                    fffc8b90 ALEX4
ff877090 xxx_dead_anim                    fffc8c20 CARLO1
ffb7e7f0 xxx_get_face_rake2_anim          fffc8cb0 CARLO2
ffb7e680 xxx_get_face_rake_anim           fffc8d40 CARLO3
ffa00220 xxx_goto_stand_anim              fffc8dd0 CARLO4
ffb1bb30 ybmhtryblood                     fffc8e60 CRAZY1
ffcd4b70 yok_2_bncoff_anim                fffc8ef0 CRAZY2
ffcd5100 yok_2_bncoff_gate_anim           fffc8f80 CRAZY3
ffcd69a0 yok_2_body_hit_anim              fffc9010 CRAZY4
ffca8630 yok_2_grabfling_anim             fffc90a0 CRAZY5
ffca6410 yok_2_gut_push_anim              fffc9130 DAVEMSK1
ffcb5000 yok_2_hair_pickup_anim           fffc91c0 DAVEMSK2
ffcd5500 yok_2_head_hit2_anim             fffc9250 DAVEMSK3
ffcd5c40 yok_2_head_hit3_anim             fffc92e0 DAVEMSK4
ffcd4630 yok_2_head_hit_anim              fffc9370 DEWY1
ffcbec10 yok_2_hiptoss2_anim              fffc9400 DEWY2
ffcbefb0 yok_2_hiptoss_anim               fffc9490 DEWY3
ffcaf5a0 yok_2_jabs_anim                  fffc9520 DEWY4
ffca02b0 yok_2_kick_anim                  fffc95b0 GEORGE1
ffca3830 yok_2_knee_anim                  fffc9640 GEORGE2
ffcd7aa0 yok_2_knee_hit_anim              fffc96d0 GEORGE3
ffc9e2a0 yok_2_lbowdrop_anim              fffc9760 GEORGE4
ffcad390 yok_2_pin_anim                   fffc97f0 JAKE1
ffc9d3b0 yok_2_punch_anim                 fffc9880 JAKE2
ffcae230 yok_2_raise_arm_anim             fffc9910 JAKE3
ffcb0f70 yok_2_run_slap_anim              fffc99a0 JAKE4
ffcd3300 yok_2_salt_anim                  fffc9a30 JAMIE1
ffcb1190 yok_2_slap2_anim                 fffc9ac0 JAMIE2
ffca1090 yok_2_stomp_anim                 fffc9b50 JAMIE3
ffca4e40 yok_2_superkick_anim             fffc9be0 JAMIE4
ffc9c0d0 yok_2_to_4_turn2_anim            fffc9c70 JAMIE5
ffc9baf0 yok_2_to_4_turn_anim             fffc9d00 JAMIE6
ffc9c660 yok_2_to_6_turn2_anim            fffc9d90 JOHNC1
ffc9bf90 yok_2_to_6_turn_anim             fffc9e20 JOHNC2
ffc9c3d0 yok_2_to_8_turn2_anim            fffc9eb0 JOHNC3
ffc9bd70 yok_2_to_8_turn_anim             fffc9f40 JOHNC4
ffca2e30 yok_3_butt_drop_anim             fffc9fd0 JOSH1
ffcb8df0 yok_3_fake_hold_anim             fffca060 JOSH2
ffcb4840 yok_3_head_held_anim             fffca0f0 JOSH3
ffcb4a60 yok_3_head_held_brk_anim         fffca180 JOSH4
ffcb4f10 yok_3_head_held_stand_anim       fffca210 JOY1
ffcb8f50 yok_3_head_hold2_anim            fffca2a0 JOY2
ffcb9190 yok_3_head_hold_anim             fffca330 JOY3
ffcd3d80 yok_4_block_anim                 fffca3c0 JOY4
ffcd4e20 yok_4_bncoff_anim                fffca450 JOY5
ffcd5390 yok_4_bncoff_dizzy_anim          fffca4e0 MARINE1
ffcd5230 yok_4_bncoff_gate_anim           fffca570 MARINE2
ffcd6d10 yok_4_body_hit_anim              fffca600 MARINE3
ffcd7340 yok_4_body_hit_dizzy_anim        fffca690 MARINE4
ffca8760 yok_4_grabfling_anim             fffca720 NEWCOM1
ffca6910 yok_4_gut_push_anim              fffca7b0 NEWCOM2
ffcb50b0 yok_4_hair_pickup_anim           fffca840 NEWCOM3
ffcd5500 yok_4_head_hit2_anim             fffca8d0 NEWCOM4
ffcd5940 yok_4_head_hit2s_anim            fffca960 SAL1
ffcd5fc0 yok_4_head_hit3_anim             fffca9f0 SAL2
ffcd6360 yok_4_head_hit4_anim             fffcaa80 SAL3
ffcd48d0 yok_4_head_hit_anim              fffcab10 SAL4
ffcd6600 yok_4_head_hit_dizzy_anim        fffcaba0 SDCRD1A
ffcbeb50 yok_4_hiptoss2_anim              fffcac30 SDCRD1B
ffcbeef0 yok_4_hiptoss_anim               fffcacc0 SDCRD1C
ffcd4080 yok_4_hitblock2_anim             fffcad50 SDCRD2A
ffcd3f60 yok_4_hitblock_anim              fffcade0 SDCRD2B
ffcaf6a0 yok_4_jabs_anim                  fffcae70 SDCRD2C
ffca09a0 yok_4_kick_anim                  fffcaf00 SDCRD3A
ffca4590 yok_4_knee2_anim                 fffcaf90 SDCRD3B
ffca4660 yok_4_knee_anim                  fffcb020 SDCRD3C
ffcd7e50 yok_4_knee_hit_anim              fffcb0b0 SDCRD4A
ffcd76d0 yok_4_knee_hit_dizzy_anim        fffcb140 SDCRD4B
ffc9eaf0 yok_4_lbowdrop_anim              fffcb1d0 SDCRD4C
ffcd4290 yok_4_losebal_anim               fffcb260 SERG1
ffcad440 yok_4_pin_anim                   fffcb2f0 SERG2
ffc9d930 yok_4_punch_anim                 fffcb380 SERG3
ffc9de80 yok_4_push_anim                  fffcb410 SERG4
ffcae370 yok_4_raise_arm_anim             fffcb4a0 SERG5
ffcb1cf0 yok_4_run_slap_anim              fffcb530 SHERID1
ffcd33d0 yok_4_salt_anim                  fffcb5c0 SHERID2
ffcb1f10 yok_4_slap2_anim                 fffcb650 SHERID3
ffca1b20 yok_4_stomp_anim                 fffcb6e0 SHERID4
ffca4ee0 yok_4_superkick_anim             fffcb770 SHERID5
ffcb6bb0 yok_4_taunt_anim                 fffcb800 SHERID6
ffc9c1e0 yok_4_to_2_turn2_anim            fffcb890 SHERID7
ffc9bbc0 yok_4_to_2_turn_anim             fffcb920 SHERID8
ffc9c2f0 yok_4_to_6_turn2_anim            fffcb9b0 TOBIAS1
ffc9bc90 yok_4_to_6_turn_anim             fffcba40 TOBIAS2
ffc9c4b0 yok_4_to_8_turn2_anim            fffcbad0 TOBIAS3
ffc9be50 yok_4_to_8_turn_anim             fffcbb60 TOBIAS4
ffcaee00 yok_4_uppercut_anim              fffcbbf0 TURMEL1
ffc9c4b0 yok_6_to_2_turn2_anim            fffcbc80 TURMEL2
ffc9be50 yok_6_to_2_turn_anim             fffcbd10 TURMEL3
ffc9c2f0 yok_6_to_4_turn2_anim            fffcbda0 TURMEL4
ffc9bc90 yok_6_to_4_turn_anim             fffcbe30 VOGEL1
ffc9c1e0 yok_6_to_8_turn2_anim            fffcbec0 VOGEL2
ffc9bbc0 yok_6_to_8_turn_anim             fffcbf50 VOGEL3
ffc9c3d0 yok_8_to_2_turn2_anim            fffcbfe0 VOGEL4
ffc9bd70 yok_8_to_2_turn_anim             fffcc070 EUG1
ffc9c660 yok_8_to_4_turn2_anim            fffcc100 EUG2
ffc9bf90 yok_8_to_4_turn_anim             fffcc190 EUG3
ffc9c0d0 yok_8_to_6_turn2_anim            fffcc220 EUG4
ffc9baf0 yok_8_to_6_turn_anim             fffcc2b0 JAK1
ffcdc9d0 yok_arm_broken_anim              fffcc340 JAK2
ffcdb700 yok_backbroken_anim              fffcc3d0 JAK3
ffc9cd70 yok_bounce_anim                  fffcc460 JAK4
ffcda750 yok_break_face2_anim             fffcc4f0 JAK5
ffcda9d0 yok_break_face3_anim             fffcc580 MANC1
ffcdab60 yok_break_face_anim              fffcc610 MANC2
ffcb76a0 yok_break_neck2_anim             fffcc6a0 MANC3
ffcb7af0 yok_break_neck3_anim             fffcc730 MANC4
ffcdaf10 yok_break_neck_anim              fffcc7c0 MANC5
ffcdc4d0 yok_breakneck2_anim              fffcc850 PENA1
ffcb38f0 yok_buckoff_anim                 fffcc8e0 PENA2
ffca78a0 yok_climb_down_anim              fffcc970 PENA3
ffca74a0 yok_climb_up_anim                fffcca00 PENA4
ffcac0c0 yok_climbin_bot_anim             fffcca90 SOFI1
ffcaaf50 yok_climbin_side_anim            fffccb20 SOFI2
ffcacf30 yok_climbin_top_anim             fffccbb0 SOFI3
ffcaba00 yok_climbthru_bot_anim           fffccc40 SOFI4
ffcaa640 yok_climbthru_side_anim          fffcccd0 JENI1
ffcac580 yok_climbthru_top_anim           fffccd60 JENI2
ffca25b0 yok_combo_butt_drop_anim         fffccdf0 JENI3
ffca6e60 yok_combo_gut_push_anim          fffcce80 JENI4
ffcc1cc0 yok_combo_heldheadbutt_rpt_anim  fffccf10 JASONCRD1
ffcbda90 yok_combo_hiptoss_anim           fffccfa0 JASONCRD2
ffcb00f0 yok_combo_jabs_anim              fffcd030 JASONCRD3
ffc9f310 yok_combo_kick_anim              fffcd0c0 JASONCRD4
ffca3f50 yok_combo_knee_anim              fffcd150 JASONCRD5
ffcd37d0 yok_combo_salt_anim              fffcd1e0 TONYCRD1
ffccfe40 yok_combo_scissor_anim           fffcd270 TONYCRD2
ffcb2a90 yok_combo_slap_anim              fffcd300 TONYCRD3
ffcc5520 yok_combo_spinslam_anim          fffcd390 TONYCRD4
ffca57d0 yok_combo_superkick_anim         fffcd420 TONYCRD5
ffcae7e0 yok_combo_uppercut_anim          fffcd4b0 FLASH1
ffcd9ec0 yok_dizzy_anim                   fffcd540 FLASH2
ffcd9640 yok_faceup_getup2_anim           fffcd5d0 flash1
ffcd9520 yok_faceup_getup_anim            fffcd660 flash2
ffcd8d40 yok_fall_back2_anim              fffcd6f0 flash3
ffcd85d0 yok_fall_back_anim               fffcd780 flash3a
ffcb8340 yok_flyout2_anim                 fffcd810 flash5
ffcb8010 yok_flyout_anim                  fffcd8a0 flash6
ffc9d310 yok_frnk_recover_anim            fffcd930 flash4
ffcb3ba0 yok_get_buzz_anim                fffcd9c0 CHIP1_01
ffccdcb0 yok_graboh_TB_anim               fffcda50 CHIP1_03
ffcce2c0 yok_graboh_anim                  fffcdae0 CHIP1_05
ffcc2a40 yok_heldheadbutt_rpt_anim        fffcdb70 CHIP1_07
ffcb6f90 yok_heldoh_anim                  fffcdc00 CHIP1_09
ffcda110 yok_hitonground_anim             fffcdc90 CHIP1_11
ffcda100 yok_hitonground_xflip_anim       fffcdd20 CHIP1_13
ffc9a0a0 yok_holdoh_anim                  fffcddb0 CHIP1_15
ffcaa280 yok_knockdwn_anim                fffcde40 CHIP1_17
ffac3770 yok_leg_anims_table              fffcded0 CHIP1_19
ffcda4b0 yok_liedown_anim                 fffcdf60 CHIP2_01
ffcc8c10 yok_overhd_slam2_anim            fffcdff0 CHIP2_03
ffcc8f30 yok_overhd_slam_anim             fffce080 CHIP2_05
ffcd8200 yok_quick_knee_hit_anim          fffce110 CHIP2_07
ffcdb490 yok_roll_frames                  fffce1a0 CHIP2_09
ffcacc30 yok_rollthru_top_anim            fffce230 CHIP3_01
ffac3570 yok_rotate_anims_table           fffce2c0 CHIP3_03
ffc9c810 yok_run2_anim                    fffce350 CHIP3_05
ffc9c8e0 yok_run_anim                     fffce3e0 CHIP3_07
ff8953f0 yok_salt_spray                   fffce470 CHIP3_09
ffcd0e50 yok_scissor_anim                 fffce500 CHIP3_11
ffcdc120 yok_slambounce2_anim             fffce590 CHIP3_13
ffcdbe30 yok_slambounce_anim              fffce620 CHIP3_15
ffcdbc00 yok_slamnobounce_anim            fffce6b0 CHIP3_17
ffaaea80 yok_smove_table                  fffce740 CHIP3_19
ffcc6c30 yok_spinslam_anim                fffce7d0 CHIP4_01
ffc999e0 yok_stand2_anim                  fffce860 CHIP4_03
ffc99c10 yok_stand4_anim                  fffce8f0 CHIP4_05
ffc99c10 yok_stand6_anim                  fffce980 CHIP4_07
ffc999e0 yok_stand8_anim                  fffcea10 CHIP4_09
ffc9a0e0 yok_stndholdoh_anim              fffceaa0 CHIP5_01
ffca7bf0 yok_tbukl_buttdrop_anim          fffceb30 CHIP5_03
ffc99e40 yok_torso2_anim                  fffcebc0 CHIP5_05
ffc99f70 yok_torso4_anim                  fffcec50 CHIP5_07
ffc99f70 yok_torso6_anim                  fffcece0 CHIP5_09
ffc99e40 yok_torso8_anim                  fffced70 CHIP5_11
ffac3f70 yok_torso_anims_table            fffcee00 CHIP5_13
ffcb8850 yok_tossed2_anim                 fffcee90 CHIP5_15
ffcb8450 yok_tossed_anim                  fffcef20 CHIP5_17
ffcda520 yok_up_anim                      fffcefb0 CHIP5_19
ffac3370 yok_velocity_table               fffcf040 SMWWF2
ffcba890 yok_vsuplex_anim                 fffcf0d0 CSELBK_A
ffc9a170 yok_walk1_f2_anim                fffcf160 CSELBK_B
ffc9add0 yok_walk1_f4_anim                fffcf1f0 CSELBK_C
ffc9a390 yok_walk2_f2_anim                fffcf280 CSELBK_D
ffc9b020 yok_walk2_f4_anim                fffcf310 CSELBK_E
ffc9a580 yok_walk4_f2_anim                fffcf3a0 CSELBK_F
ffc9b210 yok_walk4_f4_anim                fffcf430 CSELBV_A
ffc9a7a0 yok_walk5_f2_anim                fffcf4c0 CSELBV_B
ffc9b460 yok_walk5_f4_anim                fffcf550 CSELBV_C
ffc9a9c0 yok_walk6_f2_anim                fffcf5e0 CSELBV_D
ffc9b6b0 yok_walk6_f4_anim                fffcf670 SPKD1_09
ffc9abb0 yok_walk8_f2_anim                fffcf700 SPKD2_09
ffc9b8a0 yok_walk8_f4_anim                fffcf790 SPKD4_09
ffc99990 yok_zip_anim                     fffcf820 SPKR1_09
ffab4dc0 yoko_ani_init                    fffcf8b0 edata

[6065 symbols]
