TMS340 COFF Macro Assembler Version 6.10     Mon Oct 30 18:34:33 2023
 Copyright (c) 1985-1991  Texas Instruments Incorporated 

                                                                     PAGE    1

       1                    **************************************************************
       2                    *
       3                    * Software:             Jason Skiles
       4                    * Initiated:            26 Aug 94
       5                    *
       6                    * COPYRIGHT (C) 1992 WILLIAMS ELECTRONICS GAMES, INC.
       7                    *
       8                    **************************************************************
       9                    
      10                            .file   "yokseq4.asm"
      12                            .width  132
      13                            .option b,d,l,t
      14                            .mnolist
      15                    
      16                    
      17                            .include        "macros.h"
      18                            .include        "mproc.equ"             ;Mproc equates
      19                            .include        "sys.equ"
      20                            .include        "game.equ"
      21                            .include        "plyr.equ"
      22                            .include        "anim.equ"
      23                            .include        "sound.h"
      24                            .include        "yokoimg.h"
      25                            .include        "display.equ"
      26                            .include        "ring.equ"
      27                            .include        "damage.equ"
      28                            .INCLUDE        "SWEAT.EQU"
      29                            .INCLUDE        "yoko.glo"
      30                    
      31                    
      32                    ******************************************************************************
      33                    * EXTERNAL REFERENCES
      34                    
      35                            ;YOKO
      36                            .ref    yok_3_head_held_anim,yok_2_hiptoss_anim
      37                    
      38                            ;MISC
      39                            .ref    HIT_THE_MAT,SMALL_BOUNCE,am_I_dead,ckzpos
      40                            .ref    DO_BLOCKED,DO_SCREAM,free_toss_check,setup_freetoss
      41                    
      42                    ******************************************************************************
      43                    * SYMBOLS DEFINED IN THIS FILE
      44                    
      45                    ******************************************************************************
      46                    * EQUATES FOR THIS FILE
      47                    
      48                    
      49                    *****************************************************************************
      50                    *
      51                    * tihv4 BLOCK + HITBLOCK
      52                    
      53 00000000            SUBR   yok_4_block_anim
      54                    
      55 00000000     8002          .word   ANI_SETMODE,MODE_NOAUTOFLIP|MODE_UNINT
      56 00000020     8003          .word   ANI_ZEROVELS
TMS340 COFF Macro Assembler Version 6.10     Mon Oct 30 18:34:33 2023
 Copyright (c) 1985-1991  Texas Instruments Incorporated 

blocks, reactions to routine and special attacks                     PAGE    2

      57 00000030     8026          .word   ANI_SETSPEED,100h
      58 00000050     801b          .word   ANI_SETFACING           ;ANI_XFLIP <- not primary anim
      59 00000060     805f          .word   ANI_SET_WRESTLER_XFLIP
      60                    
      61                    ;       WL      ANI_CODE,block_if_safe
      62 00000070     8004          .word   ANI_SETPLYRMODE,MODE_BLOCK
      63 00000090                   WL      3,Y4BK3A+FR3
      64                    ;       .word   ANI_SETPLYRMODE,MODE_BLOCK
      65                    
      66 000000c0           tihvhold_block
      67 000000c0                   WL      2,Y4BK3A+FR5
      68 000000f0     8002          .word   ANI_SETMODE,MODE_NOAUTOFLIP|MODE_UNINT|MODE_FRICTION
      69                    ;       .word   ANI_ZERO_XZVELS
      70 00000110     8014          .word   ANI_WAITRELEASE,PLAYER_BLOCK_BIT
      71 00000130     8002          .word   ANI_SETMODE,MODE_NOAUTOFLIP     ;uninterruptable
      72 00000150     801b          .word   ANI_SETFACING
      73 00000160                   WL      3,Y4BK3A+FR3
      74                    
      75 00000190     8002          .word   ANI_SETMODE,MODE_NORMAL
      76 000001b0     8004          .word   ANI_SETPLYRMODE,MODE_NORMAL
      77 000001d0     8049          .word   ANI_END
      78                    
      79 000001e0            SUBR   yok_4_hitblock_anim
      80 000001e0     8002          .word   ANI_SETMODE,MODE_NOAUTOFLIP|MODE_UNINT
      81 00000200     8016          .word   ANI_FRICTION,5000h
      82 00000220     8026          .word   ANI_SETSPEED,100h
      83 00000240                   WL      ANI_CODE,DO_BLOCKED
      84 00000270                   WL      2,Y4BK3A+FR6
      85 000002a0                   WL      2,Y4BK3A+FR5
      86 000002d0                   WL      ANI_GOTO,tihvhold_block
      87                    
      88 00000300            SUBR   yok_4_hitblock2_anim
      89 00000300     8002          .word   ANI_SETMODE,MODE_NOAUTOFLIP|MODE_UNINT
      90 00000320     8016          .word   ANI_FRICTION,4000h
      91 00000340     8026          .word   ANI_SETSPEED,100h
      92 00000360                   WL      ANI_CODE,DO_BLOCKED
      93 00000390                   WL      ANI_SET_YVEL,38000h
      94 000003c0                   WL      3,Y4BK3A+FR6
      95 000003f0                   WL      3,Y4BK3A+FR5
      96 00000420                   WL      3,Y4BK3A+FR6
      97 00000450                   WL      3,Y4BK3A+FR5
      98 00000480                   WL      3,Y4BK3A+FR6
      99 000004b0                   WL      3,Y4BK3A+FR5
     100 000004e0                   WL      ANI_GOTO,tihvhold_block
     101                    
     102                    
     103                    *****************************************************************************
     104                    *
     105                    * vpko4 LOSE BALANCE
     106                    
     107              3000  vpkoFRICTION_VAL        equ     3000h
     108                    
     109 00000510            SUBR   yok_4_losebal_anim
     110                    
     111 00000510     8002          .word   ANI_SETMODE,MODE_UNINT|MODE_NOAUTOFLIP
TMS340 COFF Macro Assembler Version 6.10     Mon Oct 30 18:34:33 2023
 Copyright (c) 1985-1991  Texas Instruments Incorporated 

blocks, reactions to routine and special attacks                     PAGE    3

     112 00000530     8003          .word   ANI_ZEROVELS
     113 00000540     8016          .word   ANI_FRICTION,vpkoFRICTION_VAL
     114 00000560     8026          .word   ANI_SETSPEED,100h
     115 00000580                   WLW     ANI_SET_XVEL,-50000h,AM_HIT_REL
     116                    
     117 000005c0     805e          .word   ANI_DEBRIS,150,3,-21,100,0      ;%chance, tbl index, x,y,z off
     118 00000620                   WLWWWW  ANI_CREATEPROC,CREATE_SWEAT,0,SPRAYA_SWEAT,SWEAT_PER,0
     119 00000690                   WL      3,Y4PB3A+FR1
     120 000006c0                   WL      3,Y4PB3A+FR2
     121 000006f0                   WL      3,Y4PB3A+FR3
     122 00000720                   WL      3,Y4PB3A+FR4
     123 00000750                   WL      3,Y4PB3A+FR5
     124 00000780                   WL      3,Y4PB3A+FR6
     125 000007b0                   WL      3,Y4PB3A+FR7
     126 000007e0                   WL      3,Y4PB3A+FR8
     127 00000810                   WL      3,Y4PB3A+FR9
     128                    
     129 00000840     8032          .word   ANI_FACE,MOVE_RIGHT|MOVE_DOWN
     130 00000860     8004          .word   ANI_SETPLYRMODE,MODE_NORMAL
     131 00000880     8002          .word   ANI_SETMODE,MODE_NORMAL
     132 000008a0     8049          .word   ANI_END
     133                    
     134                    *****************************************************************************
     135                    *
     136                    * htzr2 HEAD HIT
     137                    
     138 000008b0            SUBR   yok_2_head_hit_anim
     139 000008b0     8002          .word   ANI_SETMODE,MODE_UNINT|MODE_NOAUTOFLIP  ;uninterruptable
     140 000008d0     8003          .word   ANI_ZEROVELS
     141 000008e0     8026          .word   ANI_SETSPEED,100h
     142                    
     143 00000900     805e          .word   ANI_DEBRIS,150,3,-21,100,0      ;%chance, tbl index, x,y,z off
     144 00000960                   WLWWWW  ANI_CREATEPROC,CREATE_SWEAT,0,SPRAYA_SWEAT,SWEAT_PER,0
     145 000009d0                   WL      3,Y2AH2A+FR2
     146 00000a00                   WL      3,Y2AH2A+FR3
     147 00000a30                   WL      3,Y2AH2A+FR4
     148 00000a60                   WL      3,Y2AH2A+FR5
     149 00000a90                   WL      3,Y2AH2A+FR6
     150 00000ac0                   WL      3,Y2AH2A+FR7
     151                    
     152 00000af0     8002          .word   ANI_SETMODE,MODE_NORMAL
     153 00000b10     8049          .word   ANI_END
     154                    
     155                    ************
     156                    *
     157                    * aiig4 HEAD HIT
     158                    
     159 00000b20            SUBR   yok_4_head_hit_anim
     160 00000b20     8002          .word   ANI_SETMODE,MODE_UNINT|MODE_NOAUTOFLIP  ;uninterruptable
     161 00000b40     8003          .word   ANI_ZEROVELS
     162 00000b50     8026          .word   ANI_SETSPEED,100h
     163                    
     164 00000b70     805e          .word   ANI_DEBRIS,150,3,-21,100,0      ;%chance, tbl index, x,y,z off
     165 00000bd0                   WLWWWW  ANI_CREATEPROC,CREATE_SWEAT,0,SPRAYA_SWEAT,SWEAT_PER,0
     166 00000c40                   WL      3,Y4AH4A+FR2
TMS340 COFF Macro Assembler Version 6.10     Mon Oct 30 18:34:33 2023
 Copyright (c) 1985-1991  Texas Instruments Incorporated 

blocks, reactions to routine and special attacks                     PAGE    4

     167 00000c70                   WL      3,Y4AH4A+FR3
     168 00000ca0                   WL      3,Y4AH4A+FR4
     169 00000cd0                   WL      3,Y4AH4A+FR5
     170 00000d00                   WL      3,Y4AH4A+FR6
     171 00000d30                   WL      3,Y4AH4A+FR7
     172                    
     173 00000d60     8002          .word   ANI_SETMODE,MODE_NORMAL
     174 00000d80     8049          .word   ANI_END
     175                    
     176                    ******************************************************************************
     177                    *
     178                    * aiig2 RUNNING BOUNCE OFF OF OPPONENT
     179                    
     180 00000d90            SUBR   yok_2_bncoff_anim
     181                    
     182 00000d90     8002          .word   ANI_SETMODE,MODE_UNINT|MODE_NOAUTOFLIP|MODE_OVERLAP     ;uninterruptable
     183 00000db0     8026          .word   ANI_SETSPEED,100h
     184 00000dd0     8016          .word   ANI_FRICTION,3000h
     185                    
     186                    ;       WL      3,Y2AH2A+FR2
     187                    ;       WL      15,Y2AH2A+FR3
     188                    ;       WL      4,Y2AH2A+FR4
     189                    
     190                    
     191 00000df0                   WL      1,Y4PS3B+FR4
     192 00000e20                   WL      ANI_SET_YVEL,40000h
     193 00000e50                   WLW     ANI_SET_XVEL,30000h,AM_FACE_REL
     194                    
     195 00000e90                   WL      2,Y4PS3B+FR4
     196 00000ec0                   WL      2,Y4PS3B+FR5
     197 00000ef0                   WL      1,Y4PS3B+FR6
     198 00000f20     800b          .word   ANI_WAITHITGND
     199 00000f30     8003          .word   ANI_ZEROVELS
     200 00000f40                   WL      20,Y4PS3B+FR6
     201 00000f70                   WL      3,Y4PS3B+FR7
     202 00000fa0                   WL      3,Y4PS3B+FR8
     203 00000fd0                   WL      3,Y4PS3B+FR9
     204                    
     205 00001000     8021          .word   ANI_FACEUP
     206 00001010     8002          .word   ANI_SETMODE,MODE_NORMAL
     207 00001030     8049          .word   ANI_END
     208                    
     209                    * aiig4 RUNNING BOUNCE OFF OF OPPONENT
     210                    
     211 00001040            SUBR   yok_4_bncoff_anim
     212                    
     213 00001040     8002          .word   ANI_SETMODE,MODE_UNINT|MODE_NOAUTOFLIP|MODE_OVERLAP     ;uninterruptable
     214 00001060     8026          .word   ANI_SETSPEED,100h
     215 00001080     8016          .word   ANI_FRICTION,3000h
     216                    
     217                    ;       WL      3,Y4AH4A+FR2
     218                    ;       WL      3,Y4AH4A+FR3
     219                    ;       WL      14,Y4AH4A+FR4
     220                    ;       WL      2,Y4AH4A+FR5
     221                    
TMS340 COFF Macro Assembler Version 6.10     Mon Oct 30 18:34:33 2023
 Copyright (c) 1985-1991  Texas Instruments Incorporated 

blocks, reactions to routine and special attacks                     PAGE    5

     222 000010a0                   WL      1,Y4PS3B+FR4
     223 000010d0                   WL      ANI_SET_YVEL,40000h
     224 00001100                   WLW     ANI_SET_XVEL,30000h,AM_FACE_REL
     225                    
     226 00001140                   WL      2,Y4PS3B+FR4
     227 00001170                   WL      2,Y4PS3B+FR5
     228 000011a0                   WL      1,Y4PS3B+FR6
     229 000011d0     800b          .word   ANI_WAITHITGND
     230 000011e0     8003          .word   ANI_ZEROVELS
     231 000011f0                   WL      20,Y4PS3B+FR6
     232 00001220                   WL      3,Y4PS3B+FR7
     233 00001250                   WL      3,Y4PS3B+FR8
     234 00001280                   WL      3,Y4PS3B+FR9
     235 000012b0                   WL      3,Y4PS3B+FR10
     236                    
     237 000012e0     8022          .word   ANI_FACEDOWN
     238 000012f0     8002          .word   ANI_SETMODE,MODE_NORMAL
     239 00001310     8049          .word   ANI_END
     240                    
     241                    ******************************************************************************
     242                    *
     243                    * aiig2 RUNNING BOUNCE OFF OF GATE
     244                    
     245 00001320            SUBR   yok_2_bncoff_gate_anim
     246                    
     247 00001320     8002          .word   ANI_SETMODE,MODE_UNINT|MODE_NOAUTOFLIP|MODE_OVERLAP     ;uninterruptable
     248 00001340     8026          .word   ANI_SETSPEED,100h
     249 00001360     8016          .word   ANI_FRICTION,3000h
     250                    
     251 00001380                   WL      3,Y2AH2A+FR2
     252 000013b0                   WL      15,Y2AH2A+FR3
     253 000013e0                   WL      4,Y2AH2A+FR4
     254                    
     255 00001410     8021          .word   ANI_FACEUP
     256 00001420     8002          .word   ANI_SETMODE,MODE_NORMAL
     257 00001440     8049          .word   ANI_END
     258                    
     259                    * aiig4 RUNNING BOUNCE OFF OF GATE
     260                    
     261 00001450            SUBR   yok_4_bncoff_gate_anim
     262                    
     263 00001450     8002          .word   ANI_SETMODE,MODE_UNINT|MODE_NOAUTOFLIP|MODE_OVERLAP     ;uninterruptable
     264 00001470     8026          .word   ANI_SETSPEED,100h
     265 00001490     8016          .word   ANI_FRICTION,3000h
     266                    
     267 000014b0                   WL      3,Y4AH4A+FR2
     268 000014e0                   WL      3,Y4AH4A+FR3
     269 00001510                   WL      14,Y4AH4A+FR4
     270 00001540                   WL      2,Y4AH4A+FR5
     271                    
     272 00001570     8022          .word   ANI_FACEDOWN
     273 00001580     8002          .word   ANI_SETMODE,MODE_NORMAL
     274 000015a0     8049          .word   ANI_END
     275                    
     276                    
TMS340 COFF Macro Assembler Version 6.10     Mon Oct 30 18:34:33 2023
 Copyright (c) 1985-1991  Texas Instruments Incorporated 

blocks, reactions to routine and special attacks                     PAGE    6

     277                    * aiig4 RUNNING BOUNCE OFF OF OPPONENT
     278                    
     279                    ;Bounce off but stay dizzy!
     280                    
     281 000015b0            SUBR   yok_4_bncoff_dizzy_anim
     282                    
     283 000015b0     8002          .word   ANI_SETMODE,MODE_UNINT|MODE_NOAUTOFLIP  ;uninterruptable
     284 000015d0     8026          .word   ANI_SETSPEED,100h
     285 000015f0     8016          .word   ANI_FRICTION,3000h
     286                    
     287 00001610     8004          .word   ANI_SETPLYRMODE,MODE_DIZZY
     288                    
     289 00001630                   WL      3,Y4AH4A+FR2
     290 00001660                   WL      3,Y4AH4A+FR3
     291 00001690                   WL      14,Y4AH4A+FR4
     292 000016c0                   WL      2,Y4AH4A+FR5
     293                    
     294                    ;       .word   ANI_SETPLYRMODE,MODE_DIZZY
     295 000016f0                   WL      ANI_CHANGEANIM,yok_dizzy_anim
     296                    ;       .word   ANI_END
     297                    
     298                    ************
     299                    *
     300                    * walx4 HEAD HIT2 (hands on face)
     301                    
     302 00001720            SUBR   yok_2_head_hit2_anim
     303 00001720            SUBR   yok_4_head_hit2_anim
     304 00001720     8002          .word   ANI_SETMODE,MODE_UNINT|MODE_NOAUTOFLIP  ;uninterruptable
     305 00001740     8003          .word   ANI_ZEROVELS
     306 00001750     8026          .word   ANI_SETSPEED,100h
     307 00001770                   WLW     ANI_SET_XVEL,-50000h,AM_HIT_REL
     308 000017b0     8016          .word   ANI_FRICTION,3000h
     309 000017d0     801b          .word   ANI_SETFACING           ;ANI_XFLIP <- not primary anim
     310 000017e0     805f          .word   ANI_SET_WRESTLER_XFLIP
     311                    
     312 000017f0     805e          .word   ANI_DEBRIS,150,3,-21,100,0      ;%chance, tbl index, x,y,z off
     313                    
     314 00001850                   WLWWWW  ANI_CREATEPROC,CREATE_SWEAT,0,SPRAYA_SWEAT,SWEAT_PER,0
     315 000018c0                   WL      3,Y4AE4A+FR1
     316 000018f0                   WL      3,Y4AE4A+FR2
     317 00001920                   WL      3,Y4AE4A+FR3
     318 00001950                   WL      2,Y4AE4A+FR4
     319 00001980                   WL      3,Y4AE4A+FR5
     320 000019b0                   WL      2,Y4AE4A+FR6
     321 000019e0                   WL      3,Y4AE4A+FR7
     322 00001a10                   WL      2,Y4AE4A+FR8
     323 00001a40                   WL      3,Y4AE4A+FR9
     324                    
     325 00001a70                   WL      ANI_CODE,am_I_dead
     326                    ;If I'm dead, goto fall back
     327 00001aa0                   WL      ANI_IFNOTSTATUS2,walxnodead
     328                    
     329 00001ad0                   WL      ANI_CHANGEANIM,yok_fall_back_anim
     330                    ;       .word   ANI_END
     331                    
TMS340 COFF Macro Assembler Version 6.10     Mon Oct 30 18:34:33 2023
 Copyright (c) 1985-1991  Texas Instruments Incorporated 

blocks, reactions to routine and special attacks                     PAGE    7

     332 00001b00           walxnodead
     333 00001b00     8022          .word   ANI_FACEDOWN
     334 00001b10     8004          .word   ANI_SETPLYRMODE,MODE_NORMAL
     335 00001b30     8002          .word   ANI_SETMODE,MODE_NORMAL
     336 00001b50     8049          .word   ANI_END
     337                    
     338 00001b60            SUBR   yok_4_head_hit2s_anim
     339                    ;Salt hits me in face
     340                    
     341 00001b60     8002          .word   ANI_SETMODE,MODE_UNINT|MODE_NOAUTOFLIP  ;uninterruptable
     342 00001b80     8003          .word   ANI_ZEROVELS
     343 00001b90     8026          .word   ANI_SETSPEED,100h
     344                    
     345                            .ref    create_impact_salt
     346 00001bb0                   WL      ANI_CODE,create_impact_salt
     347                    
     348 00001be0                   WL      3,Y4AE4A+FR1
     349 00001c10                   WL      3,Y4AE4A+FR2
     350 00001c40                   WL      3,Y4AE4A+FR3
     351 00001c70                   WL      3,Y4AE4A+FR4
     352 00001ca0                   WL      3,Y4AE4A+FR5
     353 00001cd0     800b          .word   ANI_WAITHITGND
     354 00001ce0     8016          .word   ANI_FRICTION,4000h
     355 00001d00                   WL      50,Y4AE4A+FR5
     356 00001d30     8003          .word   ANI_ZEROVELS
     357 00001d40                   WL      3,Y4AE4A+FR6
     358 00001d70                   WL      2,Y4AE4A+FR7
     359 00001da0                   WL      3,Y4AE4A+FR8
     360 00001dd0                   WL      2,Y4AE4A+FR9
     361                    
     362 00001e00     8022          .word   ANI_FACEDOWN
     363 00001e10     8004          .word   ANI_SETPLYRMODE,MODE_NORMAL
     364 00001e30     8002          .word   ANI_SETMODE,MODE_NORMAL
     365 00001e50     8049          .word   ANI_END
     366                    
     367                    ************
     368                    *
     369                    * aqxg2 HEAD HIT - From spin kick
     370                    
     371 00001e60            SUBR   yok_2_head_hit3_anim
     372                    
     373 00001e60     8002          .word   ANI_SETMODE,MODE_UNINT|MODE_NOAUTOFLIP  ;uninterruptable
     374 00001e80     8003          .word   ANI_ZEROVELS
     375 00001e90     8026          .word   ANI_SETSPEED,100h
     376                    
     377 00001eb0                   WLW     ANI_SET_XVEL,-28000h,AM_HIT_REL
     378 00001ef0                   WLW     ANI_SET_ZVEL,20000h,AM_HIT_REL
     379 00001f30                   WL      ANI_SET_YVEL,40000h
     380                    
     381 00001f60                   WL      3,Y2AH2A+FR1
     382 00001f90     805e          .word   ANI_DEBRIS,150,2,-21,100,0      ;%chance, tbl index, x,y,z off
     383 00001ff0                   WLWWWW  ANI_CREATEPROC,CREATE_SWEAT,0,SPRAYA_SWEAT,SWEAT_PER,0
     384 00002060                   WL      3,Y2AH2A+FR2
     385 00002090                   WL      3,Y2AH2A+FR3
     386 000020c0                   WL      1,Y2AH2A+FR4
TMS340 COFF Macro Assembler Version 6.10     Mon Oct 30 18:34:33 2023
 Copyright (c) 1985-1991  Texas Instruments Incorporated 

blocks, reactions to routine and special attacks                     PAGE    8

     387 000020f0     800b          .word   ANI_WAITHITGND
     388 00002100     8003          .word   ANI_ZEROVELS
     389 00002110                   WL      2,Y2AH2A+FR5
     390 00002140                   WL      3,Y2AH2A+FR6
     391 00002170                   WL      2,Y2AH2A+FR7
     392                    
     393 000021a0     8021          .word   ANI_FACEUP
     394 000021b0     8002          .word   ANI_SETMODE,MODE_NORMAL
     395 000021d0     8049          .word   ANI_END
     396                    
     397                    ************
     398                    *
     399                    * yhcw4 HEAD HIT - From spin kick
     400                    
     401 000021e0            SUBR   yok_4_head_hit3_anim
     402                    
     403 000021e0     8002          .word   ANI_SETMODE,MODE_UNINT|MODE_NOAUTOFLIP  ;uninterruptable
     404 00002200     8003          .word   ANI_ZEROVELS
     405 00002210     8026          .word   ANI_SETSPEED,100h
     406                    
     407 00002230                   WLW     ANI_SET_XVEL,-28000h,AM_HIT_REL
     408 00002270                   WLW     ANI_SET_ZVEL,-20000h,AM_ABS
     409 000022b0                   WL      ANI_SET_YVEL,40000h
     410                    
     411 000022e0                   WL      3,Y4AH4A+FR1
     412 00002310     805e          .word   ANI_DEBRIS,150,2,-21,100,0      ;%chance, tbl index, x,y,z off
     413 00002370                   WLWWWW  ANI_CREATEPROC,CREATE_SWEAT,0,SPRAYA_SWEAT,SWEAT_PER,0
     414 000023e0                   WL      3,Y4AH4A+FR2
     415 00002410                   WL      3,Y4AH4A+FR3
     416 00002440                   WL      1,Y4AH4A+FR4
     417                    
     418 00002470     800b          .word   ANI_WAITHITGND
     419 00002480     8003          .word   ANI_ZEROVELS
     420                    
     421 00002490                   WL      2,Y4AH4A+FR5
     422 000024c0                   WL      3,Y4AH4A+FR6
     423 000024f0                   WL      2,Y4AH4A+FR7
     424                    
     425 00002520     8022          .word   ANI_FACEDOWN
     426 00002530     8004          .word   ANI_SETPLYRMODE,MODE_NORMAL
     427 00002550     8002          .word   ANI_SETMODE,MODE_NORMAL
     428 00002570     8049          .word   ANI_END
     429                    
     430 00002580            SUBR   yok_4_head_hit4_anim
     431                    
     432                    ;From earslap
     433                    
     434 00002580     8002          .word   ANI_SETMODE,MODE_UNINT|MODE_NOAUTOFLIP  ;uninterruptable
     435 000025a0     8003          .word   ANI_ZEROVELS
     436 000025b0     8026          .word   ANI_SETSPEED,100h
     437                    
     438 000025d0                   WL      ANI_SET_YVEL,40000h
     439                    
     440 00002600                   WL      3,Y4AH4A+FR1
     441 00002630                   WLWWWW  ANI_CREATEPROC,CREATE_SWEAT,0,SPRAYA_SWEAT,SWEAT_PER,0
TMS340 COFF Macro Assembler Version 6.10     Mon Oct 30 18:34:33 2023
 Copyright (c) 1985-1991  Texas Instruments Incorporated 

blocks, reactions to routine and special attacks                     PAGE    9

     442 000026a0                   WL      3,Y4AH4A+FR2
     443 000026d0                   WL      3,Y4AH4A+FR3
     444 00002700                   WL      3,Y4AH4A+FR4
     445                    
     446 00002730                   WL      2,Y4AH4A+FR5
     447 00002760                   WL      3,Y4AH4A+FR6
     448 00002790                   WL      2,Y4AH4A+FR7
     449                    
     450 000027c0     8022          .word   ANI_FACEDOWN
     451 000027d0     8004          .word   ANI_SETPLYRMODE,MODE_NORMAL
     452 000027f0     8002          .word   ANI_SETMODE,MODE_NORMAL
     453 00002810     8049          .word   ANI_END
     454                    
     455                    ************
     456                    *
     457                    * udrm4 HEAD HIT (ends in dizzy)
     458                    
     459 00002820            SUBR   yok_4_head_hit_dizzy_anim
     460 00002820     8002          .word   ANI_SETMODE,MODE_UNINT|MODE_NOAUTOFLIP  ;uninterruptable
     461 00002840     8003          .word   ANI_ZEROVELS
     462 00002850     8026          .word   ANI_SETSPEED,100h
     463                    
     464 00002870     8026          .word   ANI_SETSPEED,100h
     465 00002890                   WLW     ANI_SET_XVEL,-60000h,AM_HIT_REL
     466 000028d0     8016          .word   ANI_FRICTION,3000h
     467                    
     468 000028f0     8004          .word   ANI_SETPLYRMODE,MODE_DIZZY
     469                    
     470 00002910     805e          .word   ANI_DEBRIS,150,3,-21,100,0      ;%chance, tbl index, x,y,z off
     471                    
     472 00002970                   WLWWWW  ANI_CREATEPROC,CREATE_SWEAT,0,SPRAYA_SWEAT,SWEAT_PER,0
     473 000029e0                   WL      4,Y4AE4A+FR1
     474 00002a10                   WL      4,Y4AE4A+FR2
     475 00002a40                   WL      4,Y4AE4A+FR3
     476 00002a70                   WL      4,Y4AE4A+FR4
     477 00002aa0                   WL      4,Y4AE4A+FR5
     478 00002ad0                   WL      4,Y4AE4A+FR6
     479 00002b00                   WL      4,Y4AE4A+FR7
     480 00002b30                   WL      4,Y4AE4A+FR8
     481 00002b60                   WL      4,Y4AE4A+FR9
     482                    
     483                    ;       .word   ANI_SETPLYRMODE,MODE_DIZZY
     484 00002b90                   WL      ANI_CHANGEANIM,yok_dizzy_anim
     485                    
     486                    *****************************************************************************
     487                    *
     488                    * vgsd2 BODY HIT
     489                    
     490 00002bc0            SUBR   yok_2_body_hit_anim
     491 00002bc0     8002          .word   ANI_SETMODE,MODE_UNINT|MODE_NOAUTOFLIP  ;uninterruptable
     492 00002be0     8003          .word   ANI_ZEROVELS
     493 00002bf0     8026          .word   ANI_SETSPEED,100h
     494 00002c10                   WL      ANI_SET_YVEL,30000h
     495 00002c40                   WLW     ANI_SET_XVEL,-20000h,AM_HIT_REL
     496                    
TMS340 COFF Macro Assembler Version 6.10     Mon Oct 30 18:34:33 2023
 Copyright (c) 1985-1991  Texas Instruments Incorporated 

blocks, reactions to routine and special attacks                     PAGE   10

     497 00002c80     805e          .word   ANI_DEBRIS,150,0,-4,71,0        ;%chance, tbl index, x,y,z off
     498                    
     499 00002ce0                   WL      3,Y2AM2C+FR1
     500 00002d10                   WLWWWW  ANI_CREATEPROC,CREATE_SWEAT,0,COUGH_SWEAT,SWEAT_PER,0
     501 00002d80                   WL      3,Y2AM2C+FR2
     502 00002db0                   WL      1,Y2AM2C+FR3
     503 00002de0     800b          .word   ANI_WAITHITGND
     504 00002df0     8003          .word   ANI_ZEROVELS
     505 00002e00                   WL      2,Y2AM2C+FR4
     506 00002e30                   WL      3,Y2AM2C+FR5
     507 00002e60                   WL      2,Y2AM2C+FR6
     508 00002e90                   WL      3,Y2AM2C+FR7
     509 00002ec0                   WL      2,Y2AM2C+FR8
     510                    
     511 00002ef0     8021          .word   ANI_FACEUP
     512 00002f00     8002          .word   ANI_SETMODE,MODE_NORMAL
     513 00002f20     8049          .word   ANI_END
     514                    
     515                    * vgsd4 BODY HIT
     516                    
     517 00002f30            SUBR   yok_4_body_hit_anim
     518                    
     519 00002f30     8002          .word   ANI_SETMODE,MODE_UNINT|MODE_NOAUTOFLIP  ;uninterruptable
     520 00002f50     8003          .word   ANI_ZEROVELS
     521 00002f60     8026          .word   ANI_SETSPEED,100h
     522                    
     523 00002f80                   WL      ANI_SET_YVEL,30000h
     524 00002fb0                   WLW     ANI_SET_XVEL,-20000h,AM_HIT_REL
     525                    
     526 00002ff0     805e          .word   ANI_DEBRIS,150,0,-4,71,0        ;%chance, tbl index, x,y,z off
     527                    
     528 00003050                   WL      3,Y4AM4A+FR1
     529 00003080                   WLWWWW  ANI_CREATEPROC,CREATE_SWEAT,0,COUGH_SWEAT,SWEAT_PER,0
     530 000030f0                   WL      3,Y4AM4A+FR2
     531 00003120                   WL      1,Y4AM4A+FR3
     532 00003150     800b          .word   ANI_WAITHITGND
     533 00003160     8003          .word   ANI_ZEROVELS
     534                    
     535 00003170                   WL      3,Y4AM4A+FR4
     536 000031a0                   WL      2,Y4AM4A+FR5
     537 000031d0                   WL      3,Y4AM4A+FR6
     538 00003200                   WL      2,Y4AM4A+FR7
     539 00003230                   WL      3,Y4AM4A+FR8
     540 00003260     8031          .word   ANI_CHECKWORD,USR_VAR1
     541 00003280                   WL      ANI_IFNOTSTATUS2,vgsdreg
     542                    
     543 000032b0                   WL      10,Y4TI4C04 
     544 000032e0                   WL      10,Y4TI4C05
     545 00003310                   WL      10,Y4TI4C06
     546 00003340                   WL      10,Y4TI4C07
     547 00003370                   WL      10,Y4TI4C08
     548 000033a0                   WL      10,Y4TI4C07
     549 000033d0                   WL      10,Y4TI4C06
     550 00003400                   WL      10,Y4TI4C05
     551                    
TMS340 COFF Macro Assembler Version 6.10     Mon Oct 30 18:34:33 2023
 Copyright (c) 1985-1991  Texas Instruments Incorporated 

blocks, reactions to routine and special attacks                     PAGE   11

     552 00003430                   WL      10,Y4TI4C04
     553 00003460                   WL      10,Y4TI4C05
     554 00003490                   WL      10,Y4TI4C06
     555 000034c0                   WL      10,Y4TI4C07
     556 000034f0                   WL      10,Y4TI4C08
     557                    
     558 00003520           vgsdreg
     559 00003520     8022          .word   ANI_FACEDOWN
     560 00003530     8002          .word   ANI_SETMODE,MODE_NORMAL
     561 00003550     8049          .word   ANI_END
     562                    
     563 00003560            SUBR   yok_4_body_hit_dizzy_anim
     564                    
     565 00003560     8002          .word   ANI_SETMODE,MODE_UNINT|MODE_NOAUTOFLIP  ;uninterruptable
     566 00003580     8003          .word   ANI_ZEROVELS
     567 00003590     8026          .word   ANI_SETSPEED,100h
     568                    
     569 000035b0                   WL      ANI_SET_YVEL,30000h
     570 000035e0                   WLW     ANI_SET_XVEL,-20000h,AM_HIT_REL
     571 00003620     8004          .word   ANI_SETPLYRMODE,MODE_DIZZY
     572                    
     573 00003640     805e          .word   ANI_DEBRIS,150,0,-4,71,0        ;%chance, tbl index, x,y,z off
     574                    
     575 000036a0                   WL      4,Y4AM4A+FR1
     576 000036d0                   WLWWWW  ANI_CREATEPROC,CREATE_SWEAT,0,COUGH_SWEAT,SWEAT_PER,0
     577 00003740                   WL      4,Y4AM4A+FR2
     578 00003770                   WL      1,Y4AM4A+FR3
     579 000037a0     800b          .word   ANI_WAITHITGND
     580 000037b0     8003          .word   ANI_ZEROVELS
     581                    
     582 000037c0                   WL      4,Y4AM4A+FR4
     583 000037f0                   WL      4,Y4AM4A+FR5
     584 00003820                   WL      4,Y4AM4A+FR6
     585 00003850                   WL      4,Y4AM4A+FR7
     586 00003880                   WL      4,Y4AM4A+FR8
     587                    
     588 000038b0     8022          .word   ANI_FACEDOWN
     589                    ;       .word   ANI_SETPLYRMODE,MODE_DIZZY
     590 000038c0                   WL      ANI_CHANGEANIM,yok_dizzy_anim
     591                    ;       .word   ANI_END
     592                    
     593                    * vgsd4 BODY HIT FROM KNEE
     594                    
     595 000038f0            SUBR   yok_4_knee_hit_dizzy_anim
     596                    
     597 000038f0     8002          .word   ANI_SETMODE,MODE_UNINT|MODE_NOAUTOFLIP  ;uninterruptable
     598 00003910     8003          .word   ANI_ZEROVELS
     599 00003920     8026          .word   ANI_SETSPEED,100h
     600                    
     601 00003940                   WL      ANI_SET_YVEL,60000h
     602 00003970                   WLW     ANI_SET_XVEL,-30000h,AM_HIT_REL
     603 000039b0                   WLW     ANI_SET_ZVEL,8000h,AM_ABS
     604 000039f0     8004          .word   ANI_SETPLYRMODE,MODE_DIZZY
     605                    
     606 00003a10     805e          .word   ANI_DEBRIS,150,0,-4,71,0        ;%chance, tbl index, x,y,z off
TMS340 COFF Macro Assembler Version 6.10     Mon Oct 30 18:34:33 2023
 Copyright (c) 1985-1991  Texas Instruments Incorporated 

blocks, reactions to routine and special attacks                     PAGE   12

     607                    
     608 00003a70                   WL      4,Y4AM4A+FR1
     609 00003aa0                   WLWWWW  ANI_CREATEPROC,CREATE_SWEAT,0,COUGH_SWEAT,SWEAT_PER,0
     610 00003b10                   WL      4,Y4AM4A+FR2
     611 00003b40                   WL      1,Y4AM4A+FR3
     612 00003b70     800b          .word   ANI_WAITHITGND
     613 00003b80     8003          .word   ANI_ZEROVELS
     614                    
     615 00003b90                   WL      4,Y4AM4A+FR4
     616 00003bc0                   WL      4,Y4AM4A+FR5
     617 00003bf0                   WL      4,Y4AM4A+FR6
     618 00003c20                   WL      4,Y4AM4A+FR7
     619 00003c50                   WL      4,Y4AM4A+FR8
     620                    
     621 00003c80     8022          .word   ANI_FACEDOWN
     622                    ;       .word   ANI_SETPLYRMODE,MODE_DIZZY
     623 00003c90                   WL      ANI_CHANGEANIM,yok_dizzy_anim
     624                    ;       .word   ANI_END
     625                    
     626 00003cc0            SUBR   yok_2_knee_hit_anim
     627                    
     628 00003cc0     8002          .word   ANI_SETMODE,MODE_UNINT|MODE_NOAUTOFLIP  ;uninterruptable
     629 00003ce0     8003          .word   ANI_ZEROVELS
     630 00003cf0     8026          .word   ANI_SETSPEED,100h
     631 00003d10                   WL      ANI_SET_YVEL,60000h
     632 00003d40                   WLW     ANI_SET_XVEL,-30000h,AM_HIT_REL
     633 00003d80                   WLW     ANI_SET_ZVEL,8000h,AM_ABS
     634                    
     635 00003dc0     805e          .word   ANI_DEBRIS,150,0,-4,71,0        ;%chance, tbl index, x,y,z off
     636                    
     637 00003e20                   WL      3,Y2AM2C+FR1
     638 00003e50                   WLWWWW  ANI_CREATEPROC,CREATE_SWEAT,0,COUGH_SWEAT,SWEAT_PER,0
     639 00003ec0                   WL      3,Y2AM2C+FR2
     640 00003ef0                   WL      1,Y2AM2C+FR3
     641 00003f20     800b          .word   ANI_WAITHITGND
     642 00003f30     8003          .word   ANI_ZEROVELS
     643 00003f40                   WL      3,Y2AM2C+FR4
     644 00003f70                   WL      2,Y2AM2C+FR5
     645 00003fa0                   WL      3,Y2AM2C+FR6
     646 00003fd0                   WL      2,Y2AM2C+FR7
     647 00004000                   WL      3,Y2AM2C+FR8
     648                    
     649 00004030     8021          .word   ANI_FACEUP
     650 00004040     8002          .word   ANI_SETMODE,MODE_NORMAL
     651 00004060     8049          .word   ANI_END
     652                    
     653 00004070            SUBR   yok_4_knee_hit_anim
     654                    
     655 00004070     8002          .word   ANI_SETMODE,MODE_UNINT|MODE_NOAUTOFLIP  ;uninterruptable
     656 00004090     8003          .word   ANI_ZEROVELS
     657 000040a0     8026          .word   ANI_SETSPEED,100h
     658                    
     659 000040c0                   WL      ANI_SET_YVEL,60000h
     660 000040f0                   WLW     ANI_SET_XVEL,-30000h,AM_HIT_REL
     661 00004130                   WLW     ANI_SET_ZVEL,8000h,AM_ABS
TMS340 COFF Macro Assembler Version 6.10     Mon Oct 30 18:34:33 2023
 Copyright (c) 1985-1991  Texas Instruments Incorporated 

blocks, reactions to routine and special attacks                     PAGE   13

     662                    
     663 00004170     805e          .word   ANI_DEBRIS,150,0,-4,71,0        ;%chance, tbl index, x,y,z off
     664                    
     665 000041d0                   WL      3,Y4AM4A+FR1
     666 00004200                   WLWWWW  ANI_CREATEPROC,CREATE_SWEAT,0,COUGH_SWEAT,SWEAT_PER,0
     667 00004270                   WL      3,Y4AM4A+FR2
     668 000042a0                   WL      1,Y4AM4A+FR3
     669 000042d0     800b          .word   ANI_WAITHITGND
     670 000042e0     8003          .word   ANI_ZEROVELS
     671                    
     672 000042f0                   WL      3,Y4AM4A+FR4
     673 00004320                   WL      2,Y4AM4A+FR5
     674 00004350                   WL      3,Y4AM4A+FR6
     675 00004380                   WL      2,Y4AM4A+FR7
     676 000043b0                   WL      3,Y4AM4A+FR8
     677                    
     678 000043e0     8022          .word   ANI_FACEDOWN
     679 000043f0     8002          .word   ANI_SETMODE,MODE_NORMAL
     680 00004410     8049          .word   ANI_END
     681                    
     682 00004420            SUBR   yok_quick_knee_hit_anim
     683                    
     684 00004420     8002          .word   ANI_SETMODE,MODE_UNINT|MODE_NOAUTOFLIP  ;uninterruptable
     685 00004440                   WL      ANI_SET_YVEL,10000h
     686 00004470     8026          .word   ANI_SETSPEED,100h
     687                    
     688 00004490     8015          .word   ANI_OFFSET,0,0,2                        ;x,y,z
     689                    
     690 000044d0                   WL      ANI_SET_YVEL,38000h
     691                    ;       WLW     ANI_SET_XVEL,-20000h,AM_HIT_REL
     692                     
     693 00004500                   WL      4,Y4AM4A+FR1
     694 00004530                   WLWWWW  ANI_CREATEPROC,CREATE_SWEAT,0,COUGH_SWEAT,SWEAT_PER,0
     695 000045a0                   WL      3,Y4AM4A+FR2
     696 000045d0                   WL      3,Y4AM4A+FR3
     697 00004600                   WL      3,Y4AM4A+FR2
     698 00004630                   WL      3,Y4AM4A+FR4
     699 00004660                   WL      3,Y4AM4A+FR5
     700 00004690                   WL      3,Y4AM4A+FR6
     701 000046c0                   WL      3,Y4AM4A+FR7
     702 000046f0                   WL      3,Y4AM4A+FR8
     703                    
     704                            .ref    am_I_dead
     705 00004720                   WL      ANI_CODE,am_I_dead
     706                    ;If I'm dead, goto fall back
     707 00004750                   WL      ANI_IFNOTSTATUS2,vgsdnodead
     708                    
     709 00004780                   WL      ANI_CHANGEANIM,yok_fall_back_anim
     710                    ;       .word   ANI_END
     711                    
     712 000047b0           vgsdnodead
     713                    
     714 000047b0     8022          .word   ANI_FACEDOWN
     715 000047c0                   WL      ANI_CHANGEANIM,yok_3_head_held_anim
     716                    ;       .word   ANI_END
TMS340 COFF Macro Assembler Version 6.10     Mon Oct 30 18:34:33 2023
 Copyright (c) 1985-1991  Texas Instruments Incorporated 

blocks, reactions to routine and special attacks                     PAGE   14

     717                    
     718                    ******************************************************************************
     719                    *
     720                    * vgsd3 FALL DOWN
     721                    
     722 000047f0            SUBR   yok_fall_back_anim
     723                    
     724 000047f0     8002          .word   ANI_SETMODE,MODE_UNINT|MODE_NOAUTOFLIP|MODE_OVERLAP|MODE_NOCOLLIS
     725                    ;       .word   ANI_SETMODE,MODE_UNINT|MODE_NOAUTOFLIP|MODE_OVERLAP
     726 00004810     8026          .word   ANI_SETSPEED,100h
     727 00004830     8028          .word   ANI_ZERO_XZVELS
     728 00004840                   WL      ANI_MIN_YVEL,58000h
     729 00004870                   WLW     ANI_SET_ZVEL,10000h,AM_FACE_REL
     730                    
     731 000048b0     807f          .word   ANI_SCROLL_CTRL,YOK_TBUKLY
     732 000048d0                   WL      ANI_CODE,ckzpos
     733                    
     734 00004900                   WWL     ANI_SETLONG,DEBRIS_X,[99,-20]   ;Y,X of head
     735 00004940                   WLWWWW  ANI_CREATEPROC,CREATE_SWEAT,0,SPRAYC_SWEAT,SWEAT_PER,0
     736 000049b0                   WL      4,Y3FD3A+FR1
     737 000049e0                   WWL     ANI_SETLONG,DEBRIS_X,[99,-32]   ;Y,X of head
     738 00004a20                   WL      4,Y3FD3A+FR2
     739 00004a50     8015          .word   ANI_OFFSET,0,41,0                       ;x,y,z
     740 00004a90                   WWL     ANI_SETLONG,DEBRIS_X,[49,-38]   ;Y,X of head
     741 00004ad0                   WL      4,Y3FD3A+FR3
     742 00004b00                   WWL     ANI_SETLONG,DEBRIS_X,[37,-49]   ;Y,X of head
     743 00004b40                   WL      4,Y3FD3A+FR4
     744 00004b70                   WWL     ANI_SETLONG,DEBRIS_X,[26,-51]   ;Y,X of head
     745 00004bb0                   WL      4,Y3FD3A+FR5
     746 00004be0     800b          .word   ANI_WAITHITGND
     747                    
     748 00004bf0     805e          .word   ANI_DEBRIS,200,1,0,8,0          ;%chance, tbl index, x,y,z off
     749                    
     750 00004c50                   WL      ANI_CODE,HIT_THE_MAT
     751 00004c80     8037          .word   ANI_SHAKEALL,1
     752 00004ca0     801f          .word   ANI_SHAKER,50
     753                    
     754 00004cc0     8016          .word   ANI_FRICTION,3000h
     755                    
     756 00004ce0                   WWL     ANI_SETLONG,DEBRIS_X,[9,-45]    ;Y,X of head
     757 00004d20                   WL      2,Y3FD3A+FR6
     758 00004d50     800d          .word   ANI_BOUNCE,4
     759 00004d70                   WL      2,Y3FD3A+FR6
     760 00004da0                   WWL     ANI_SETLONG,DEBRIS_X,[9,-45]    ;Y,X of head
     761 00004de0                   WL      2,Y3FD3A+FR7
     762 00004e10     800b          .word   ANI_WAITHITGND
     763 00004e20     8004          .word   ANI_SETPLYRMODE,MODE_ONGROUND
     764 00004e40     8002          .word   ANI_SETMODE,MODE_UNINT|MODE_NOAUTOFLIP
     765 00004e60                   WL      ANI_CODE,SMALL_BOUNCE
     766 00004e90     8003          .word   ANI_ZEROVELS
     767 00004ea0                   WWL     ANI_SETLONG,DEBRIS_X,0          ;Y,X of head
     768                    
     769                    ;Stay on ground for awhile...  Maybe this will be table driven
     770 00004ee0     800c          .word   ANI_XFLIP
     771 00004ef0                   WL      1,Y3RL1A+FR1
TMS340 COFF Macro Assembler Version 6.10     Mon Oct 30 18:34:33 2023
 Copyright (c) 1985-1991  Texas Instruments Incorporated 

blocks, reactions to routine and special attacks                     PAGE   15

     772                    
     773 00004f20     8054          .word   ANI_WAITROLL
     774 00004f30                   WL      ANI_CHANGEANIM,yok_faceup_getup_anim
     775                    ;       .word   ANI_END
     776                    
     777                    ******************************************************************************
     778                    *
     779                    * vgsd3 FALL DOWN
     780                    
     781 00004f60            SUBR   yok_fall_back2_anim
     782                    
     783 00004f60     8002          .word   ANI_SETMODE,MODE_UNINT|MODE_NOAUTOFLIP
     784 00004f80     8003          .word   ANI_ZEROVELS
     785 00004f90     8026          .word   ANI_SETSPEED,100h
     786                    
     787 00004fb0                   WL      ANI_SET_YVEL,10000h
     788 00004fe0                   WLW     ANI_SET_ZVEL,18000h,AM_ABS
     789 00005020                   WL      ANI_CODE,ckzpos
     790                    
     791 00005050                   WLWWWW  ANI_CREATEPROC,CREATE_SWEAT,0,SPRAYC_SWEAT,SWEAT_PER,0
     792 000050c0                   WL      4,Y3FD3A+FR1
     793 000050f0                   WL      4,Y3FD3A+FR2
     794 00005120     8015          .word   ANI_OFFSET,0,41,0                       ;x,y,z
     795 00005160                   WL      4,Y3FD3A+FR3
     796 00005190                   WL      4,Y3FD3A+FR4
     797 000051c0                   WL      4,Y3FD3A+FR5
     798 000051f0     800b          .word   ANI_WAITHITGND
     799                    
     800 00005200     805e          .word   ANI_DEBRIS,150,1,0,8,0          ;%chance, tbl index, x,y,z off
     801                    
     802 00005260                   WL      ANI_CODE,HIT_THE_MAT
     803 00005290     8037          .word   ANI_SHAKEALL,1
     804 000052b0     801f          .word   ANI_SHAKER,50
     805 000052d0     8003          .word   ANI_ZEROVELS            
     806 000052e0                   WLW     ANI_SET_ZVEL,18000h,AM_ABS
     807 00005320                   WLW     ANI_SET_XVEL,-20000h,AM_FACE_REL
     808                    
     809 00005360     8015          .word   ANI_OFFSET,-20,0,0                      ;x,y,z
     810                    
     811 000053a0                   WL      3,Y3FD3N+FR1
     812 000053d0                   WL      3,Y3FD3N+FR2
     813 00005400                   WL      3,Y3FD3N+FR3
     814 00005430                   WL      3,Y3FD3N+FR4
     815 00005460                   WL      3,Y3FD3N+FR5
     816 00005490                   WL      3,Y3FD3N+FR6
     817 000054c0                   WL      3,Y3FD3N+FR7
     818 000054f0                   WL      3,Y3FD3N+FR8
     819 00005520                   WL      ANI_CODE,HIT_THE_MAT
     820                    
     821 00005550     8015          .word   ANI_OFFSET,-20,0,0                      ;x,y,z
     822 00005590     8003          .word   ANI_ZEROVELS            
     823 000055a0     8004          .word   ANI_SETPLYRMODE,MODE_ONGROUND   ;So we can stomp him!
     824 000055c0                   WL      3,Y3KF3B+FR1            
     825 000055f0                   WL      3,Y3KF3B+FR2            
     826 00005620                   WL      3,Y3KF3B+FR3            
TMS340 COFF Macro Assembler Version 6.10     Mon Oct 30 18:34:33 2023
 Copyright (c) 1985-1991  Texas Instruments Incorporated 

blocks, reactions to routine and special attacks                     PAGE   16

     827 00005650                   WL      3,Y3KF3B+FR4            
     828 00005680                   WL      3,Y3KF3B+FR5            
     829 000056b0                   WL      ANI_CODE,HIT_THE_MAT
     830 000056e0                   WL      30,Y3KF3B+FR6
     831                    
     832 00005710                   WL      ANI_CHANGEANIM,yok_faceup_getup_anim
     833                    ;       .word   ANI_END
     834                    
     835                    *****************************************************************************
     836                    *
     837                    * GETUPS
     838                    
     839 00005740            SUBR   yok_faceup_getup_anim
     840                    
     841 00005740     8002          .word   ANI_SETMODE,MODE_UNINT|MODE_NOAUTOFLIP|MODE_NOCOLLIS
     842 00005760     8004          .word   ANI_SETPLYRMODE,MODE_NORMAL
     843 00005780     8026          .word   ANI_SETSPEED,100h
     844                    
     845 000057a0                   WL      2,Y3GU2A+FR1
     846 000057d0                   WL      3,Y3GU2A+FR2
     847 00005800                   WL      2,Y3GU2A+FR3
     848 00005830                   WL      ANI_GOTO,egnocommon
     849                    
     850                            ;like above, but skip first three frames
     851 00005860            SUBR   yok_faceup_getup2_anim
     852                    
     853 00005860     8002          .word   ANI_SETMODE,MODE_UNINT|MODE_NOAUTOFLIP|MODE_NOCOLLIS
     854 00005880     8004          .word   ANI_SETPLYRMODE,MODE_NORMAL
     855 000058a0     8026          .word   ANI_SETSPEED,100h
     856                    
     857 000058c0           egnocommon
     858 000058c0                   WL      3,Y3GU2A+FR4
     859 000058f0                   WL      2,Y3GU2A+FR6
     860 00005920                   WL      3,Y3GU2A+FR7
     861 00005950                   WL      2,Y3GU2A+FR8
     862 00005980                   WL      3,Y3GU2A+FR10
     863 000059b0                   WL      2,Y3GU2A+FR11
     864                    ;       .word   ANI_SETMODE,MODE_UNINT|MODE_NOAUTOFLIP
     865 000059e0                   WL      3,Y3GU2A+FR12
     866                    
     867 00005a10                   WL      ANI_CODE,egnochoose_2or4
     868 00005a40                   WL      ANI_IFSTATUS2,egnogetup_in_4
     869                    
     870 00005a70           egnogetup_in_2
     871                    
     872 00005a70                   WL      3,Y3GU2A+FR13
     873 00005aa0                   WL      2,Y3GU2A+FR14
     874 00005ad0     801b          .word   ANI_SETFACING           ;ANI_XFLIP <- not primary anim
     875 00005ae0     805f          .word   ANI_SET_WRESTLER_XFLIP
     876 00005af0                   WL      1,Y3GU2A+FR14
     877                    
     878 00005b20     8068          .word   ANI_SAFE_TIME,50
     879                      
     880 00005b40                   WL      ANI_CODE,free_toss_check
     881 00005b70                   WL      ANI_IFNOTSTATUS2,egnono_freetoss
TMS340 COFF Macro Assembler Version 6.10     Mon Oct 30 18:34:33 2023
 Copyright (c) 1985-1991  Texas Instruments Incorporated 

blocks, reactions to routine and special attacks                     PAGE   17

     882 00005ba0     8006          .word   ANI_ATTACK_ON,AMODE_HITCHECK,0,44,52-8,52
     883 00005c00                   WL      1,Y3GU2A+FR14
     884 00005c30     8007          .word   ANI_ATTACK_OFF
     885 00005c40                   WL      ANI_IFNOTSTATUS2,egnono_freetoss
     886                    
     887                            ;Opponent standing too close -- free toss
     888 00005c70                   WL      ANI_CODE,setup_freetoss
     889 00005ca0                   WL      ANI_CHANGEANIM,yok_4_push_anim
     890 00005cd0           egnono_freetoss
     891                    
     892 00005cd0     8021          .word   ANI_FACEUP
     893                    
     894 00005ce0     8002          .word   ANI_SETMODE,MODE_NORMAL
     895 00005d00     8004          .word   ANI_SETPLYRMODE,MODE_NORMAL
     896 00005d20     8049          .word   ANI_END
     897                    
     898                    
     899 00005d30           egnogetup_in_4
     900 00005d30                   WL      3,Y3GU4A+FR13
     901 00005d60                   WL      2,Y3GU4A+FR14
     902 00005d90     801b          .word   ANI_SETFACING           ;ANI_XFLIP <- not primary anim
     903 00005da0     805f          .word   ANI_SET_WRESTLER_XFLIP
     904 00005db0                   WL      1,Y3GU4A+FR14
     905                    
     906 00005de0     8068          .word   ANI_SAFE_TIME,50
     907                    
     908 00005e00                   WL      ANI_CODE,free_toss_check
     909 00005e30                   WL      ANI_IFNOTSTATUS2,egnono_freetoss2
     910 00005e60     8006          .word   ANI_ATTACK_ON,AMODE_HITCHECK,0,44,52-8,52
     911 00005ec0                   WL      1,Y3GU4A+FR14
     912 00005ef0     8007          .word   ANI_ATTACK_OFF
     913 00005f00                   WL      ANI_IFNOTSTATUS2,egnono_freetoss2
     914                    
     915                            ;Opponent standing too close -- free toss
     916 00005f30                   WL      ANI_CODE,setup_freetoss
     917                            .ref    yok_4_push_anim
     918 00005f60                   WL      ANI_CHANGEANIM,yok_4_push_anim
     919 00005f90           egnono_freetoss2
     920                    
     921 00005f90     8022          .word   ANI_FACEDOWN
     922                    
     923 00005fa0     8002          .word   ANI_SETMODE,MODE_NORMAL
     924 00005fc0     8004          .word   ANI_SETPLYRMODE,MODE_NORMAL
     925 00005fe0     8049          .word   ANI_END
     926                    
     927                    *****
     928                    * set status bit for a getup in 4, clear for a 2.
     929 00005ff0           egnochoose_2or4
     930                    
     931 00005ff0     b5a0          move    *a13(ANIMODE),a0
         00006000     0660  
     932 00006010     0b80          andni   MODE_STATUS2,a0
         00006020 00000200  
     933                    
     934 00006040     b5ae          move    *a13(NEW_FACING_DIR),a14
TMS340 COFF Macro Assembler Version 6.10     Mon Oct 30 18:34:33 2023
 Copyright (c) 1985-1991  Texas Instruments Incorporated 

blocks, reactions to routine and special attacks                     PAGE   18

         00006050     04d0  
     935 00006060     1fee          btst    MOVE_UP_BIT,a14
     936 00006070     cb03          jrnz    egnochoose_2
     937 00006080     0ba0          ori     MODE_STATUS2,a0
         00006090 00000200  
     938 000060b0           egnochoose_2
     939 000060b0     b00d          move    a0,*a13(ANIMODE)
         000060c0     0660  
     940 000060d0     0960          rets
     941                    
     942                    
     943                    *****************************************************************************
     944                    *
     945                    * DIZZY
     946                    
     947 000060e0            SUBR   yok_dizzy_anim
     948                    
     949 000060e0     8002          .word   ANI_SETMODE,MODE_NOAUTOFLIP
     950 00006100     8003          .word   ANI_ZEROVELS
     951 00006110     8026          .word   ANI_SETSPEED,100h
     952 00006130     8039          .word   ANI_START_DIZZY,0       ;0=Standing dizzy
     953 00006150     8032          .word   ANI_FACE,MOVE_RIGHT|MOVE_DOWN
     954                    
     955 00006170           goxxloop
     956 00006170                   WL      10,Y4TI4C04
     957 000061a0                   WL      10,Y4TI4C05
     958 000061d0                   WL      10,Y4TI4C06
     959 00006200                   WL      10,Y4TI4C07
     960 00006230                   WL      10,Y4TI4C08
     961 00006260                   WL      10,Y4TI4C07
     962 00006290                   WL      10,Y4TI4C06
     963 000062c0                   WL      10,Y4TI4C05
     964                    
     965 000062f0                   WL      ANI_GOTO,goxxloop
     966                    
     967                    *****************************************************************************
     968                    *
     969                    * HITS ON GROUND
     970                    
     971 00006320            SUBR   yok_hitonground_xflip_anim
     972 00006320     800c          .word   ANI_XFLIP
     973                    
     974 00006330            SUBR   yok_hitonground_anim
     975                    
     976 00006330     8002          .word   ANI_SETMODE,MODE_UNINT|MODE_NOAUTOFLIP
     977 00006350     8003          .word   ANI_ZEROVELS
     978 00006360     8004          .word   ANI_SETPLYRMODE,MODE_ONGROUND
     979 00006380     8026          .word   ANI_SETSPEED,100h
     980 000063a0                   WL      1,Y3CP3B+FR1
     981 000063d0                   WL      ANI_SET_YVEL,34000h
     982                    
     983 00006400     805e          .word   ANI_DEBRIS,50,1,0,8,0           ;%chance, tbl index, x,y,z off
     984 00006460                   WL      2,Y3CP3B+FR1
     985                    
     986 00006490                   WL      2,Y3CP3B+FR1
TMS340 COFF Macro Assembler Version 6.10     Mon Oct 30 18:34:33 2023
 Copyright (c) 1985-1991  Texas Instruments Incorporated 

blocks, reactions to routine and special attacks                     PAGE   19

     987 000064c0                   WLWWWW  ANI_CREATEPROC,CREATE_SWEAT,0,SPITUP_SWEAT,SWEAT_PER,0
     988 00006530                   WL      2,Y3CP3B+FR2
     989 00006560                   WL      2,Y3CP3B+FR3
     990 00006590                   WL      2,Y3CP3B+FR4
     991 000065c0     800b          .word   ANI_WAITHITGND
     992 000065d0                   WL      ANI_CODE,SMALL_BOUNCE
     993 00006600     8003          .word   ANI_ZEROVELS
     994 00006610                   WL      2,Y3CP3B+FR5
     995 00006640                   WL      2,Y3CP3B+FR6
     996 00006670                   WL      2,Y3CP3B+FR7
     997 000066a0                   WL      2,Y3CP3B+FR8
     998 000066d0            SUBR   yok_liedown_anim
     999 000066d0                   WL      1,Y3RL1A+FR1
    1000 00006700     8054          .word   ANI_WAITROLL
    1001 00006710                   WL      ANI_CHANGEANIM,yok_faceup_getup_anim
    1002                    
    1003 00006740            SUBR   yok_up_anim
    1004                    
    1005 00006740     8002          .word   ANI_SETMODE,MODE_UNINT|MODE_NOAUTOFLIP|MODE_OVERLAP
    1006 00006760     800c          .WORD   ANI_XFLIP
    1007 00006770     8003          .word   ANI_ZEROVELS
    1008 00006780     8004          .word   ANI_SETPLYRMODE,MODE_ONGROUND
    1009 000067a0     8026          .word   ANI_SETSPEED,100h
    1010 000067c0                   WL      10,Y3FL3W+FR3
    1011                    
    1012 000067f0     800b          .word   ANI_WAITHITGND
    1013 00006800                   WL      ANI_CODE,HIT_THE_MAT
    1014 00006830     8003          .word   ANI_ZEROVELS
    1015 00006840                   WL      3,Y3CP3B+FR5
    1016 00006870                   WL      3,Y3CP3B+FR6
    1017 000068a0                   WL      3,Y3CP3B+FR7
    1018 000068d0                   WL      3,Y3CP3B+FR8
    1019 00006900                   WL      3,Y3RL1A+FR1
    1020 00006930     8054          .word   ANI_WAITROLL
    1021 00006940                   WL      ANI_CHANGEANIM,yok_faceup_getup_anim
    1022                    
    1023                    *****************************************************************************
    1024                    *
    1025                    * Head slams into mat
    1026                    ;From head slam - repeated head slam
    1027                    
    1028 00006970            SUBR   yok_break_face2_anim
    1029                    
    1030 00006970     8002          .word   ANI_SETMODE,MODE_UNINT|MODE_NOAUTOFLIP
    1031                    
    1032 00006990     8003          .word   ANI_ZEROVELS
    1033                    
    1034 000069a0                   WL      2,Y3KF3B+FR1            ;Face down
    1035 000069d0     805e          .word   ANI_DEBRIS,100,1,-8,12,0        ;%chance, tbl index, x,y,z off
    1036 00006a30                   WL      ANI_SET_YVEL,80000h
    1037 00006a60                   WL      3,Y3KF3B+FR2            ;Face down
    1038 00006a90                   WL      3,Y3KF3B+FR3            ;Face down
    1039 00006ac0                   WL      3,Y3KF3B+FR4            ;Face down
    1040 00006af0                   WL      3,Y3KF3B+FR5            ;Face down
    1041 00006b20                   WL      3,Y3KF3B+FR6            ;Face down
TMS340 COFF Macro Assembler Version 6.10     Mon Oct 30 18:34:33 2023
 Copyright (c) 1985-1991  Texas Instruments Incorporated 

blocks, reactions to routine and special attacks                     PAGE   20

    1042 00006b50     800b          .word   ANI_WAITHITGND
    1043 00006b60     8004          .word   ANI_SETPLYRMODE,MODE_ONGROUND   ;So we can stomp him!
    1044 00006b80     8054          .word   ANI_WAITROLL
    1045 00006b90                   WL      3,Y3KF3B+FR1            ;Face down
    1046 00006bc0                   WL      ANI_CHANGEANIM,yok_faceup_getup_anim
    1047                            
    1048 00006bf0            SUBR   yok_break_face3_anim
    1049                    
    1050 00006bf0     8002          .word   ANI_SETMODE,MODE_UNINT|MODE_NOAUTOFLIP
    1051 00006c10     8003          .word   ANI_ZEROVELS
    1052                    
    1053 00006c20     805e          .word   ANI_DEBRIS,100,1,-8,12,0        ;%chance, tbl index, x,y,z off
    1054 00006c80                   WL      3,Y3MS3Z+FR4
    1055 00006cb0                   WL      ANI_SET_YVEL,078000h
    1056 00006ce0                   WL      100,Y3MS3Z+FR4
    1057 00006d10     800b          .word   ANI_WAITHITGND
    1058 00006d20     8004          .word   ANI_SETPLYRMODE,MODE_ONGROUND   ;So we can stomp him!
    1059 00006d40     8054          .word   ANI_WAITROLL
    1060 00006d50                   WL      ANI_CHANGEANIM,yok_faceup_getup_anim
    1061                            
    1062                    
    1063                    
    1064                    * Head slams into mat
    1065                    ;From head slam
    1066                    
    1067 00006d80            SUBR   yok_break_face_anim
    1068                    
    1069 00006d80     8002          .word   ANI_SETMODE,MODE_UNINT|MODE_NOAUTOFLIP
    1070                    
    1071 00006da0     8003          .word   ANI_ZEROVELS
    1072                    
    1073 00006db0                   WL      2,Y3KF3B+FR1            ;Face down
    1074 00006de0     805e          .word   ANI_DEBRIS,100,1,-8,12,0        ;%chance, tbl index, x,y,z off
    1075 00006e40                   WL      ANI_SET_YVEL,40000h
    1076 00006e70                   WL      1,Y3KF3B+FR1            ;Face down
    1077 00006ea0                   WL      3,Y3KF3B+FR2            ;Face down
    1078 00006ed0                   WL      3,Y3KF3B+FR3            ;Face down
    1079 00006f00                   WL      3,Y3KF3B+FR4            ;Face down
    1080 00006f30                   WL      3,Y3KF3B+FR5            ;Face down
    1081 00006f60                   WL      3,Y3KF3B+FR6            ;Face down
    1082 00006f90     800b          .word   ANI_WAITHITGND
    1083 00006fa0                   WL      ANI_CODE,SMALL_BOUNCE
    1084 00006fd0     8003          .word   ANI_ZEROVELS
    1085 00006fe0                   WL      3,Y3KF3B+FR2            ;Face down
    1086 00007010                   WL      3,Y3KF3B+FR3            ;Face down
    1087 00007040                   WL      3,Y3KF3B+FR4            ;Face down
    1088 00007070                   WL      3,Y3KF3B+FR5            ;Face down
    1089                    
    1090 000070a0     8004          .word   ANI_SETPLYRMODE,MODE_ONGROUND   ;So we can stomp him!
    1091 000070c0                   WL      3,Y3KF3B+FR6            ;Face down
    1092 000070f0     8054          .word   ANI_WAITROLL
    1093                    
    1094 00007100                   WL      ANI_CHANGEANIM,yok_faceup_getup_anim
    1095                    ;       .word   ANI_END
    1096                            
TMS340 COFF Macro Assembler Version 6.10     Mon Oct 30 18:34:33 2023
 Copyright (c) 1985-1991  Texas Instruments Incorporated 

blocks, reactions to routine and special attacks                     PAGE   21

    1097                    
    1098                    *****************************************************************************
    1099                    *
    1100                    * ROLL OVER AND BREAK YER STINKIN' NECK
    1101                    *
    1102                    
    1103 00007130            SUBR   yok_break_neck_anim
    1104                    
    1105 00007130     8002          .word   ANI_SETMODE,MODE_UNINT|MODE_NOAUTOFLIP
    1106                    
    1107 00007150     801b          .word   ANI_SETFACING           ;ANI_XFLIP <- not primary anim
    1108                    
    1109 00007160                   WL      9,Y3FD3N+FR4
    1110                    
    1111                            ;pick an action, roll or fall back
    1112 00007190                   WWWL    ANI_IFROPE,RC_EITHER,100,cfywfall_back
    1113                    
    1114                            ;plenty o' room. roll over
    1115 000071e0     8015          .word   ANI_OFFSET,-5,0,0
    1116 00007220                   WL      4,Y3FD3N+FR5
    1117 00007250     8015          .word   ANI_OFFSET,-6,0,0
    1118 00007290                   WL      4,Y3FD3N+FR6
    1119 000072c0     8015          .word   ANI_OFFSET,-6,0,0
    1120 00007300                   WL      4,Y3FD3N+FR7
    1121 00007330     8015          .word   ANI_OFFSET,-19,0,0
    1122 00007370                   WL      4,Y3FD3N+FR8
    1123                    
    1124                            ;hit.  stay
    1125 000073a0                   WL      ANI_CODE,SMALL_BOUNCE
    1126 000073d0     8015          .word   ANI_OFFSET,-39,0,0
    1127 00007410                   WL      3,Y3RL1A+FR6
    1128                    
    1129 00007440     8022          .word   ANI_FACEDOWN
    1130 00007450     8054          .word   ANI_WAITROLL
    1131 00007460                   WL      ANI_CHANGEANIM,yok_faceup_getup_anim
    1132                    
    1133 00007490           cfywfall_back
    1134                            ;sans.  no room.  fall back
    1135 00007490     8015          .word   ANI_OFFSET,-2,0,0
    1136 000074d0                   WL      6,Y3FD3N+FR3
    1137 00007500     8015          .word   ANI_OFFSET,-2,0,0
    1138 00007540                   WL      6,Y3FD3N+FR2
    1139 00007570     8015          .word   ANI_OFFSET,-3,0,0
    1140 000075b0                   WL      6,Y3FD3N+FR1
    1141 000075e0     8015          .word   ANI_OFFSET,-27,0,0
    1142 00007620     800c          .word   ANI_XFLIP
    1143 00007630                   WL      6,Y3RL1A+FR1    ;10
    1144                    
    1145 00007660     8022          .word   ANI_FACEDOWN
    1146 00007670     8054          .word   ANI_WAITROLL
    1147 00007680                   WL      ANI_CHANGEANIM,yok_faceup_getup_anim
    1148                    
    1149                    
    1150                    *****************************************************************************
    1151                    
TMS340 COFF Macro Assembler Version 6.10     Mon Oct 30 18:34:33 2023
 Copyright (c) 1985-1991  Texas Instruments Incorporated 

blocks, reactions to routine and special attacks                     PAGE   22

    1152 000076b0            SUBR   yok_roll_frames
    1153                    
    1154 000076b0     0007          .word   7               ;speed
    1155 000076c0 00050000          .long   50000h          ;z velocity
    1156 000076e0 00000909          .long   10000h*9/255    ;inv multiply (0-255 -> 0-9)
    1157                    
    1158 00007700 00000020!         .long   Y3RL1A+FR1      ;0
    1159 00007720 00000040!         .long   Y3RL1A+FR2      ;1
    1160 00007740 00000060!         .long   Y3RL1A+FR3      ;2
    1161 00007760 00000080!         .long   Y3RL1A+FR4      ;3
    1162 00007780 000000a0!         .long   Y3RL1A+FR5      ;4
    1163 000077a0 000000c0!         .long   Y3RL1A+FR6      ;5
    1164 000077c0 000000e0!         .long   Y3RL1A+FR7      ;6
    1165 000077e0 00000100!         .long   Y3RL1A+FR8      ;7
    1166 00007800 00000120!         .long   Y3RL1A+FR9      ;8
    1167 00007820 00000140!         .long   Y3RL1A+FR10     ;9
    1168 00007840 00000000          .long   0,0,0,0,0,0,0
    1169                    
    1170                    
    1171                    *****************************************************************************
    1172                    *
    1173                    * END OF BACK BROKEN SEQ.
    1174                    
    1175 00007920            SUBR   yok_backbroken_anim
    1176                    
    1177 00007920     8002          .word   ANI_SETMODE,MODE_UNINT | MODE_NOAUTOFLIP
    1178 00007940     8003          .word   ANI_ZEROVELS
    1179 00007950     8026          .word   ANI_SETSPEED,100h
    1180                    ;       .word   ANI_DETACH
    1181                    
    1182 00007970     8010          .word   ANI_GRAVITY_OFF
    1183 00007980                   WL      5,Y3BR3Z+FR1
    1184 000079b0     800f          .word   ANI_GRAVITY_ON
    1185                    
    1186 000079c0                   WL      ANI_SET_YVEL,070000h
    1187 000079f0                   WLW     ANI_SET_ZVEL,20000h,AM_ABS
    1188                    
    1189 00007a30                   WL      25,Y3BR3Z+FR1
    1190                    
    1191                    ;       WL      4,Y3BR3Z+FR2
    1192 00007a60     800c          .word   ANI_XFLIP
    1193 00007a70                   WL      4,Y3CP3B+FR5
    1194                    
    1195 00007aa0     800b          .word   ANI_WAITHITGND
    1196 00007ab0     8003          .word   ANI_ZEROVELS
    1197 00007ac0     800d          .word   ANI_BOUNCE,2
    1198 00007ae0                   WL      ANI_CODE,HIT_THE_MAT
    1199 00007b10                   WL      ANI_CODE,HIT_THE_MAT
    1200 00007b40                   WL      ANI_CODE,HIT_THE_MAT
    1201                    
    1202 00007b70     805e          .word   ANI_DEBRIS,150,1,0,8,0          ;%chance, tbl index, x,y,z off
    1203                    
    1204 00007bd0                   WL      4,Y3CP3B+FR1
    1205 00007c00                   WL      4,Y3CP3B+FR2
    1206 00007c30                   WL      4,Y3CP3B+FR3
TMS340 COFF Macro Assembler Version 6.10     Mon Oct 30 18:34:33 2023
 Copyright (c) 1985-1991  Texas Instruments Incorporated 

blocks, reactions to routine and special attacks                     PAGE   23

    1207 00007c60                   WL      4,Y3CP3B+FR4
    1208 00007c90                   WL      4,Y3CP3B+FR5
    1209 00007cc0                   WL      4,Y3CP3B+FR6
    1210 00007cf0                   WL      4,Y3CP3B+FR7
    1211 00007d20                   WL      4,Y3CP3B+FR8
    1212 00007d50                   WL      4,Y3RL1A+FR1
    1213                    
    1214 00007d80     8004          .word   ANI_SETPLYRMODE,MODE_ONGROUND
    1215                    
    1216                    ;No stars around head here...
    1217                    
    1218 00007da0     800a          .word   ANI_DETACH
    1219                    
    1220 00007db0                   WL      3,Y3RL1A+FR1
    1221                    
    1222 00007de0     8054          .word   ANI_WAITROLL
    1223 00007df0                   WL      ANI_CHANGEANIM,yok_faceup_getup_anim
    1224                    ;       .word   ANI_END
    1225                    
    1226                    *****************************************************************************
    1227                    *
    1228                    * GENERIC BOUNCE
    1229                    
    1230 00007e20            SUBR   yok_slamnobounce_anim
    1231                    
    1232 00007e20     8002          .word   ANI_SETMODE,MODE_UNINT | MODE_NOAUTOFLIP
    1233 00007e40     8003          .word   ANI_ZEROVELS
    1234 00007e50     8026          .word   ANI_SETSPEED,100h
    1235                    
    1236 00007e70     800c          .word   ANI_XFLIP
    1237 00007e80     8004          .word   ANI_SETPLYRMODE,MODE_ONGROUND
    1238                    
    1239 00007ea0                   WL      1,Y3CP3B+FR1
    1240 00007ed0                   WL      4,Y3CP3B+FR1
    1241 00007f00                   WL      4,Y3CP3B+FR2
    1242 00007f30                   WL      4,Y3CP3B+FR3
    1243 00007f60                   WL      4,Y3CP3B+FR4
    1244                    
    1245 00007f90     800b          .word   ANI_WAITHITGND
    1246 00007fa0     8028          .word   ANI_ZERO_XZVELS
    1247                    
    1248 00007fb0                   WL      2,Y3CP3B+FR6
    1249 00007fe0                   WL      10,Y3RL1A+FR1
    1250                    
    1251 00008010     8054          .word   ANI_WAITROLL
    1252 00008020                   WL      ANI_CHANGEANIM,yok_faceup_getup_anim
    1253                    
    1254 00008050            SUBR   yok_slambounce_anim
    1255                    
    1256 00008050     8002          .word   ANI_SETMODE,MODE_UNINT | MODE_NOAUTOFLIP
    1257 00008070     8003          .word   ANI_ZEROVELS
    1258 00008080     8026          .word   ANI_SETSPEED,100h
    1259                    
    1260 000080a0                   WL      ANI_SET_YVEL,040000h
    1261                    
TMS340 COFF Macro Assembler Version 6.10     Mon Oct 30 18:34:33 2023
 Copyright (c) 1985-1991  Texas Instruments Incorporated 

blocks, reactions to routine and special attacks                     PAGE   24

    1262 000080d0     800c          .word   ANI_XFLIP
    1263 000080e0     8004          .word   ANI_SETPLYRMODE,MODE_ONGROUND
    1264                    
    1265 00008100     805e          .word   ANI_DEBRIS,150,1,0,8,0          ;%chance, tbl index, x,y,z off
    1266                    
    1267 00008160                   WL      1,Y3CP3B+FR1
    1268                            .ref    ckzpos
    1269 00008190                   WL      ANI_CODE,ckzpos
    1270 000081c0                   WL      4,Y3CP3B+FR1
    1271 000081f0                   WL      4,Y3CP3B+FR2
    1272 00008220                   WL      4,Y3CP3B+FR3
    1273 00008250                   WL      4,Y3CP3B+FR4
    1274                    
    1275 00008280     800b          .word   ANI_WAITHITGND
    1276 00008290     8028          .word   ANI_ZERO_XZVELS
    1277                    
    1278 000082a0                   WL      2,Y3CP3B+FR6
    1279 000082d0                   WL      10,Y3RL1A+FR1
    1280                    
    1281 00008300     8054          .word   ANI_WAITROLL
    1282 00008310                   WL      ANI_CHANGEANIM,yok_faceup_getup_anim
    1283                    
    1284 00008340            SUBR   yok_slambounce2_anim
    1285                    
    1286 00008340     8002          .word   ANI_SETMODE,MODE_UNINT | MODE_NOAUTOFLIP
    1287 00008360     8003          .word   ANI_ZEROVELS
    1288 00008370     8026          .word   ANI_SETSPEED,100h
    1289                    
    1290 00008390     800c          .word   ANI_XFLIP
    1291 000083a0     8004          .word   ANI_SETPLYRMODE,MODE_ONGROUND
    1292                    
    1293 000083c0     805e          .word   ANI_DEBRIS,150,1,0,8,0          ;%chance, tbl index, x,y,z off
    1294                    
    1295                    
    1296 00008420                   WL      1,Y3FD3Z+FR7
    1297 00008450                   WL      ANI_CODE,ckzpos
    1298 00008480                   WL      3,Y3FD3Z+FR7
    1299 000084b0     800b          .word   ANI_WAITHITGND
    1300 000084c0     8003          .word   ANI_ZEROVELS
    1301 000084d0                   WL      ANI_CODE,HIT_THE_MAT
    1302 00008500     800c          .word   ANI_XFLIP
    1303 00008510                   WL      ANI_SET_YVEL,030000h
    1304                    
    1305 00008540                   WL      4,Y3CP3B+FR1
    1306 00008570                   WL      4,Y3CP3B+FR2
    1307 000085a0                   WL      4,Y3CP3B+FR3
    1308 000085d0                   WL      4,Y3CP3B+FR4
    1309                    
    1310 00008600     800b          .word   ANI_WAITHITGND
    1311 00008610     8028          .word   ANI_ZERO_XZVELS
    1312 00008620                   WL      ANI_CODE,HIT_THE_MAT
    1313                    
    1314 00008650                   WL      2,Y3CP3B+FR6
    1315 00008680                   WL      10,Y3RL1A+FR1
    1316                    
TMS340 COFF Macro Assembler Version 6.10     Mon Oct 30 18:34:33 2023
 Copyright (c) 1985-1991  Texas Instruments Incorporated 

blocks, reactions to routine and special attacks                     PAGE   25

    1317 000086b0     8054          .word   ANI_WAITROLL
    1318 000086c0                   WL      ANI_CHANGEANIM,yok_faceup_getup_anim
    1319                    
    1320                    *****************************************************************************
    1321                    
    1322 000086f0            SUBR   yok_breakneck2_anim
    1323                    
    1324 000086f0     8002          .word   ANI_SETMODE,MODE_UNINT | MODE_NOAUTOFLIP
    1325 00008710     8003          .word   ANI_ZEROVELS
    1326 00008720     8026          .word   ANI_SETSPEED,100h
    1327                    
    1328 00008740                   WLWWWW  ANI_CREATEPROC,CREATE_SWEAT,0,SPRAYD_SWEAT,SWEAT_PER,0
    1329 000087b0                   WL      4,Y3FD3A+FR2
    1330 000087e0     8015          .word   ANI_OFFSET,0,41,0       ;x,y,z
    1331 00008820                   WL      4,Y3FD3A+FR3
    1332 00008850                   WL      4,Y3FD3A+FR4
    1333 00008880                   WL      4,Y3FD3A+FR5
    1334                    
    1335 000088b0     800b          .word   ANI_WAITHITGND
    1336                    
    1337 000088c0                   WL      ANI_CODE,HIT_THE_MAT
    1338 000088f0     8037          .word   ANI_SHAKEALL,2
    1339 00008910     801f          .word   ANI_SHAKER,50
    1340 00008930     800d          .word   ANI_BOUNCE,3
    1341 00008950     8016          .word   ANI_FRICTION,2000h
    1342                    
    1343 00008970                   WL      4,Y3FD3A+FR6
    1344 000089a0                   WL      3,Y3FD3N+FR1
    1345 000089d0                   WL      3,Y3FD3N+FR2
    1346 00008a00                   WL      3,Y3FD3N+FR3
    1347 00008a30                   WL      3,Y3FD3N+FR4
    1348 00008a60                   WL      3,Y3FD3N+FR5
    1349 00008a90                   WL      3,Y3FD3N+FR6
    1350 00008ac0                   WL      3,Y3FD3N+FR7
    1351 00008af0                   WL      3,Y3FD3N+FR8
    1352                    
    1353 00008b20     8028          .word   ANI_ZERO_XZVELS
    1354 00008b30     801f          .word   ANI_SHAKER,20
    1355                    
    1356 00008b50                   WL      ANI_CODE,HIT_THE_MAT
    1357 00008b80                   WL      8,Y3RL1A+FR6
    1358                    
    1359 00008bb0     8054          .word   ANI_WAITROLL
    1360 00008bc0                   WL      ANI_CHANGEANIM,yok_faceup_getup_anim
    1361                    
    1362                    *****************************************************************************
    1363                    
    1364 00008bf0            SUBR   yok_arm_broken_anim
    1365                    
    1366 00008bf0     8002          .word   ANI_SETMODE,MODE_UNINT|MODE_NOAUTOFLIP
    1367 00008c10     8004          .word   ANI_SETPLYRMODE,MODE_NORMAL
    1368 00008c30     8026          .word   ANI_SETSPEED,100h
    1369                    
    1370 00008c50                   WL      ANI_SET_YVEL,40000h
    1371 00008c80                   WLW     ANI_SET_XVEL,-38000h,AM_HIT_REL
TMS340 COFF Macro Assembler Version 6.10     Mon Oct 30 18:34:33 2023
 Copyright (c) 1985-1991  Texas Instruments Incorporated 

blocks, reactions to routine and special attacks                     PAGE   26

    1372                    
    1373 00008cc0                   WL      ANI_CODE,DO_SCREAM
    1374 00008cf0     800b          .word   ANI_WAITHITGND
    1375 00008d00     8003          .word   ANI_ZEROVELS
    1376                    
    1377 00008d10                   WL      3,Y4AH4A+FR3
    1378 00008d40                   WL      3,Y4AH4A+FR4
    1379 00008d70                   WL      3,Y4AH4A+FR5
    1380 00008da0                   WL      3,Y4AH4A+FR6
    1381                    
    1382 00008dd0                   WL      1,Y4ST4Y+FR4
    1383                            .ref    am_I_dead
    1384 00008e00                   WL      ANI_CODE,am_I_dead
    1385                    ;If I'm dead, goto fall back
    1386 00008e30                   WL      ANI_IFNOTSTATUS2,rdvonodead
    1387                    
    1388 00008e60                   WL      ANI_CHANGEANIM,yok_fall_back_anim
    1389                    ;       .word   ANI_END
    1390                    
    1391 00008e90           rdvonodead
    1392 00008e90     8022          .word   ANI_FACEDOWN
    1393 00008ea0     8002          .word   ANI_SETMODE,MODE_NORMAL
    1394 00008ec0     8049          .word   ANI_END
    1395                    
    1396                    ******************************************************************************
    1397                    
    1398                            .end

 No Errors,  No Warnings
